ARM Linker, 4.1 [Build 894] [Standard][RL-ARM]

==============================================================================

Section Cross References

    http_demo.o(.text) refers to glcd.o(.text) for GLCD_clearLn
    http_demo.o(.text) refers to system_stm32f10x_cl.o(.text) for SystemInit
    http_demo.o(.text) refers to usart.o(.text) for USART_Config
    http_demo.o(.text) refers to at_tcp.o(i.tcp_get_socket) for tcp_get_socket
    http_demo.o(.text) refers to usart_int.o(.text) for USART2_BufferCompare
    http_demo.o(.text) refers to at_tcp.o(i.tcp_check_send) for tcp_check_send
    http_demo.o(.text) refers to at_tcp.o(i.tcp_get_buf) for tcp_get_buf
    http_demo.o(.text) refers to memcpya.o(.text) for __aeabi_memcpy
    http_demo.o(.text) refers to at_tcp.o(i.tcp_send) for tcp_send
    http_demo.o(.text) refers to at_tcp.o(i.tcp_close) for tcp_close
    http_demo.o(.text) refers to http_demo.o(.data) for .data
    http_demo.o(.text) refers to http_demo.o(.constdata) for .constdata
    usart_int.o(.text) refers to stm32f10x_usart.o(.text) for USART_GetITStatus
    usart_int.o(.text) refers to usart_int.o(.data) for .data
    usart_int.o(.text) refers to usart_int.o(.bss) for .bss
    net_config.o(.text) refers to at_ethernet.o(i.eth_init_link) for eth_init_link
    net_config.o(.text) refers to at_ip.o(i.ip_init) for ip_init
    net_config.o(.text) refers to at_icmp.o(i.icmp_init) for icmp_init
    net_config.o(.text) refers to at_udp.o(i.udp_init) for udp_init
    net_config.o(.text) refers to at_tcp.o(i.tcp_init) for tcp_init
    net_config.o(.text) refers to at_nbns.o(i.nbns_init) for nbns_init
    net_config.o(.text) refers to at_arp.o(i.arp_notify) for arp_notify
    net_config.o(.text) refers to at_ethernet.o(i.eth_run_link) for eth_run_link
    net_config.o(.text) refers to at_ip.o(i.ip_run_local) for ip_run_local
    net_config.o(.text) refers to at_icmp.o(i.icmp_run_engine) for icmp_run_engine
    net_config.o(.text) refers to at_tcp.o(i.tcp_poll_sockets) for tcp_poll_sockets
    net_config.o(.constdata) refers to net_config.o(.bss) for mem_pool
    net_config.o(.constdata) refers to net_config.o(.data) for lhost_name
    net_config.o(.constdata) refers to net_config.o(.bss) for arp_table
    net_config.o(.constdata) refers to net_config.o(.bss) for udp_scb
    net_config.o(.constdata) refers to net_config.o(.bss) for tcp_scb
    startup_stm32f10x_cl.o(RESET) refers to startup_stm32f10x_cl.o(STACK) for __initial_sp
    startup_stm32f10x_cl.o(RESET) refers to startup_stm32f10x_cl.o(.text) for Reset_Handler
    startup_stm32f10x_cl.o(RESET) refers to usart_int.o(.text) for USART1_IRQHandler
    startup_stm32f10x_cl.o(RESET) refers to eth_stm32x.o(.text) for ETH_IRQHandler
    startup_stm32f10x_cl.o(.text) refers to entry.o(.ARM.Collect$$$$00000000) for __main
    stm32f10x_gpio.o(.text) refers to stm32f10x_rcc.o(.text) for RCC_APB2PeriphResetCmd
    stm32f10x_rcc.o(.text) refers to stm32f10x_rcc.o(.data) for .data
    stm32f10x_usart.o(.text) refers to stm32f10x_rcc.o(.text) for RCC_APB2PeriphResetCmd
    system_stm32f10x_cl.o(.text) refers to dflti.o(.text) for __aeabi_i2d
    system_stm32f10x_cl.o(.text) refers to dmul.o(.text) for __aeabi_dmul
    system_stm32f10x_cl.o(.text) refers to dfixui.o(.text) for __aeabi_d2uiz
    system_stm32f10x_cl.o(.text) refers to system_stm32f10x_cl.o(.data) for .data
    usart.o(.text) refers to stm32f10x_rcc.o(.text) for RCC_APB2PeriphClockCmd
    usart.o(.text) refers to misc.o(.text) for NVIC_PriorityGroupConfig
    usart.o(.text) refers to stm32f10x_gpio.o(.text) for GPIO_Init
    usart.o(.text) refers to stm32f10x_usart.o(.text) for USART_Init
    eth_stm32x.o(.text) refers to glcd.o(.text) for GLCD_displayStringLn
    eth_stm32x.o(.text) refers to at_mem.o(i.alloc_mem) for alloc_mem
    eth_stm32x.o(.text) refers to at_ethernet.o(i.put_in_queue) for put_in_queue
    eth_stm32x.o(.text) refers to net_config.o(.data) for own_hw_adr
    eth_stm32x.o(.text) refers to eth_stm32x.o(.data) for .data
    eth_stm32x.o(.text) refers to eth_stm32x.o(.bss) for .bss
    glcd.o(.text) refers to glcd.o(.data) for .data
    at_arp.o(i.arp_cache_add) refers to at_arp.o(i.arp_is_cacheable) for arp_is_cacheable
    at_arp.o(i.arp_cache_add) refers to at_lib.o(i.mem_comp) for mem_comp
    at_arp.o(i.arp_cache_add) refers to at_lib.o(i.is_subnet) for is_subnet
    at_arp.o(i.arp_cache_add) refers to at_lib.o(i.nrd_u32be) for nrd_u32be
    at_arp.o(i.arp_cache_add) refers to at_arp.o(i.arp_cache_alloc) for arp_cache_alloc
    at_arp.o(i.arp_cache_add) refers to at_lib.o(i.mem_copy) for mem_copy
    at_arp.o(i.arp_cache_add) refers to net_config.o(.constdata) for arp_config
    at_arp.o(i.arp_cache_add) refers to at_system.o(.bss) for localm
    at_arp.o(i.arp_cache_alloc) refers to net_config.o(.constdata) for arp_config
    at_arp.o(i.arp_cache_early) refers to at_lib.o(i.mem_comp) for mem_comp
[...]
    at_tcp.o(i.tcp_process) refers to at_tcp.o(i.tcp_map_socket) for tcp_map_socket
    at_tcp.o(i.tcp_process) refers to at_lib.o(i.chksum16_buf) for chksum16_buf
    at_tcp.o(i.tcp_process) refers to at_lib.o(i.chksum16_val) for chksum16_val
    at_tcp.o(i.tcp_process) refers to at_lib.o(i.nrd_u32be) for nrd_u32be
    at_tcp.o(i.tcp_process) refers to at_tcp.o(i.tcp_set_retransmit) for tcp_set_retransmit
    at_tcp.o(i.tcp_process) refers to at_lib.o(i.mem_copy) for mem_copy
    at_tcp.o(i.tcp_process) refers to at_mem.o(i.resize_mem) for resize_mem
    at_tcp.o(i.tcp_process) refers to at_tcp.o(i.tcp_send_ctrl) for tcp_send_ctrl
    at_tcp.o(i.tcp_process) refers to at_tcp.o(i.tcp_send_reset) for tcp_send_reset
    at_tcp.o(i.tcp_process) refers to at_tcp.o(i.tcp_process_opt) for tcp_process_opt
    at_tcp.o(i.tcp_process) refers to at_system.o(i.get_rnd32) for get_rnd32
    at_tcp.o(i.tcp_process) refers to at_tcp.o(i.tcp_transit) for tcp_transit
    at_tcp.o(i.tcp_process) refers to net_config.o(.constdata) for tcp_config
    at_tcp.o(i.tcp_process) refers to net_config.o(.text) for sys_error
    at_tcp.o(i.tcp_process_opt) refers to net_config.o(.constdata) for tcp_config
    at_tcp.o(i.tcp_release_socket) refers to at_lib.o(i.mem_set) for mem_set
    at_tcp.o(i.tcp_release_socket) refers to net_config.o(.constdata) for tcp_config
    at_tcp.o(i.tcp_reset_tout) refers to net_config.o(.constdata) for tcp_config
    at_tcp.o(i.tcp_reset_window) refers to at_tcp.o(i.tcp_send_ctrl) for tcp_send_ctrl
    at_tcp.o(i.tcp_reset_window) refers to net_config.o(.constdata) for tcp_config
    at_tcp.o(i.tcp_send) refers to at_mem.o(i.resize_mem) for resize_mem
    at_tcp.o(i.tcp_send) refers to at_tcp.o(i.tcp_set_retransmit) for tcp_set_retransmit
    at_tcp.o(i.tcp_send) refers to at_mem.o(i.alloc_mem) for alloc_mem
    at_tcp.o(i.tcp_send) refers to at_lib.o(i.mem_copy) for mem_copy
    at_tcp.o(i.tcp_send) refers to at_tcp.o(i.tcp_send_frame) for tcp_send_frame
    at_tcp.o(i.tcp_send) refers to at_mem.o(i.free_mem) for free_mem
    at_tcp.o(i.tcp_send) refers to net_config.o(.constdata) for tcp_config
    at_tcp.o(i.tcp_send_ctrl) refers to at_mem.o(i.alloc_mem) for alloc_mem
    at_tcp.o(i.tcp_send_ctrl) refers to at_tcp.o(i.tcp_send_frame) for tcp_send_frame
    at_tcp.o(i.tcp_send_ctrl) refers to at_mem.o(i.free_mem) for free_mem
    at_tcp.o(i.tcp_send_frame) refers to at_lib.o(i.nwr_u32be) for nwr_u32be
    at_tcp.o(i.tcp_send_frame) refers to at_ip.o(i.ip_get_locadr) for ip_get_locadr
    at_tcp.o(i.tcp_send_frame) refers to at_lib.o(i.chksum16_buf) for chksum16_buf
    at_tcp.o(i.tcp_send_frame) refers to at_lib.o(i.chksum16_val) for chksum16_val
    at_tcp.o(i.tcp_send_frame) refers to at_ip.o(i.ip_send_frame) for ip_send_frame
    at_tcp.o(i.tcp_send_frame) refers to net_config.o(.constdata) for tcp_config
    at_tcp.o(i.tcp_send_reset) refers to at_lib.o(i.mem_copy) for mem_copy
    at_tcp.o(i.tcp_send_reset) refers to at_lib.o(i.nrd_u32be) for nrd_u32be
    at_tcp.o(i.tcp_send_reset) refers to at_tcp.o(i.tcp_send_ctrl) for tcp_send_ctrl
    at_tcp.o(i.tcp_send_reset) refers to net_config.o(.constdata) for tcp_config
    at_tcp.o(i.tcp_set_retransmit) refers to at_mem.o(i.free_mem) for free_mem
    at_tcp.o(i.tcp_transit) refers to at_tcp.o(i.tcp_set_retransmit) for tcp_set_retransmit
    at_tcp.o(i.tcp_transit) refers to net_config.o(.constdata) for tcp_config
    at_udp.o(i.udp_close) refers to net_config.o(.constdata) for udp_config
    at_udp.o(i.udp_free_buf) refers to at_mem.o(i.free_mem) for free_mem
    at_udp.o(i.udp_get_buf) refers to at_mem.o(i.alloc_mem) for alloc_mem
    at_udp.o(i.udp_get_socket) refers to net_config.o(.text) for sys_error
    at_udp.o(i.udp_get_socket) refers to net_config.o(.constdata) for udp_config
    at_udp.o(i.udp_init) refers to at_lib.o(i.mem_set) for mem_set
    at_udp.o(i.udp_init) refers to net_config.o(.constdata) for udp_config
    at_udp.o(i.udp_keep_buf) refers to net_config.o(.constdata) for udp_config
    at_udp.o(i.udp_mcast_ttl) refers to net_config.o(.constdata) for udp_config
    at_udp.o(i.udp_open) refers to at_udp.o(i.udp_port_in_use) for udp_port_in_use
    at_udp.o(i.udp_open) refers to net_config.o(.constdata) for udp_config
    at_udp.o(i.udp_open) refers to at_udp.o(.data) for .data
    at_udp.o(i.udp_port_in_use) refers to net_config.o(.constdata) for udp_config
    at_udp.o(i.udp_process) refers to at_lib.o(i.chksum16_buf) for chksum16_buf
    at_udp.o(i.udp_process) refers to at_lib.o(i.chksum16_val) for chksum16_val
    at_udp.o(i.udp_process) refers to net_config.o(.constdata) for udp_config
    at_udp.o(i.udp_release_socket) refers to at_lib.o(i.mem_set) for mem_set
    at_udp.o(i.udp_release_socket) refers to net_config.o(.constdata) for udp_config
    at_udp.o(i.udp_send) refers to at_mem.o(i.free_mem) for free_mem
    at_udp.o(i.udp_send) refers to at_lib.o(i.nrd_u32be) for nrd_u32be
    at_udp.o(i.udp_send) refers to at_ip.o(i.ip_get_locadr) for ip_get_locadr
    at_udp.o(i.udp_send) refers to at_lib.o(i.chksum16_buf) for chksum16_buf
    at_udp.o(i.udp_send) refers to at_lib.o(i.chksum16_val) for chksum16_val
    at_udp.o(i.udp_send) refers to at_ip.o(i.ip_send_frame) for ip_send_frame
    at_udp.o(i.udp_send) refers to net_config.o(.constdata) for udp_config
    at_nbns.o(i.nbns_init) refers to at_udp.o(i.udp_get_socket) for udp_get_socket
    at_nbns.o(i.nbns_init) refers to at_udp.o(i.udp_open) for udp_open
    at_nbns.o(i.nbns_init) refers to at_nbns.o(i.nbns_listener) for nbns_listener
    at_nbns.o(i.nbns_init) refers to at_nbns.o(.data) for .data
    at_nbns.o(i.nbns_listener) refers to at_mem.o(i.alloc_mem) for alloc_mem
    at_nbns.o(i.nbns_listener) refers to at_lib.o(i.str_up_case) for str_up_case
    at_nbns.o(i.nbns_listener) refers to at_lib.o(i.mem_comp) for mem_comp
    at_nbns.o(i.nbns_listener) refers to at_udp.o(i.udp_get_buf) for udp_get_buf
    at_nbns.o(i.nbns_listener) refers to at_lib.o(i.mem_copy) for mem_copy
    at_nbns.o(i.nbns_listener) refers to at_udp.o(i.udp_send) for udp_send
    at_nbns.o(i.nbns_listener) refers to at_mem.o(i.free_mem) for free_mem
    at_nbns.o(i.nbns_listener) refers to at_nbns.o(.data) for .data
    at_nbns.o(i.nbns_listener) refers to net_config.o(.constdata) for sys_config
    at_nbns.o(i.nbns_listener) refers to at_nbns.o(.constdata) for .constdata
    at_nbns.o(i.nbns_listener) refers to at_system.o(.bss) for localm
    at_ethernet.o(i.eth_chk_adr) refers to at_lib.o(i.mem_comp) for mem_comp
    at_ethernet.o(i.eth_chk_adr) refers to net_config.o(.data) for own_hw_adr
    at_ethernet.o(i.eth_get_adr) refers to at_arp.o(i.arp_get_hwadr) for arp_get_hwadr
    at_ethernet.o(i.eth_init_link) refers to eth_stm32x.o(.text) for int_disable_eth
    at_ethernet.o(i.eth_init_link) refers to at_arp.o(i.arp_init) for arp_init
    at_ethernet.o(i.eth_init_link) refers to at_lib.o(i.mem_crc32) for mem_crc32
    at_ethernet.o(i.eth_init_link) refers to at_ethernet.o(.bss) for .bss
    at_ethernet.o(i.eth_init_link) refers to net_config.o(.data) for own_hw_adr
    at_ethernet.o(i.eth_init_link) refers to at_system.o(.bss) for sys_control
    at_ethernet.o(i.eth_run_link) refers to at_arp.o(i.arp_cache_update) for arp_cache_update
    at_ethernet.o(i.eth_run_link) refers to at_arp.o(i.arp_process) for arp_process
    at_ethernet.o(i.eth_run_link) refers to at_ip.o(i.ip_chk_frame) for ip_chk_frame
    at_ethernet.o(i.eth_run_link) refers to at_lib.o(i.mem_comp) for mem_comp
    at_ethernet.o(i.eth_run_link) refers to at_lib.o(i.nrd_u32be) for nrd_u32be
    at_ethernet.o(i.eth_run_link) refers to at_arp.o(i.arp_cache_early) for arp_cache_early
    at_ethernet.o(i.eth_run_link) refers to at_arp.o(i.arp_cache_add) for arp_cache_add
    at_ethernet.o(i.eth_run_link) refers to at_icmp.o(i.icmp_process) for icmp_process
    at_ethernet.o(i.eth_run_link) refers to net_config.o(.text) for igmp_process
    at_ethernet.o(i.eth_run_link) refers to at_udp.o(i.udp_process) for udp_process
    at_ethernet.o(i.eth_run_link) refers to at_tcp.o(i.tcp_process) for tcp_process
    at_ethernet.o(i.eth_run_link) refers to at_mem.o(i.free_mem) for free_mem
    at_ethernet.o(i.eth_run_link) refers to at_ethernet.o(.bss) for .bss
    at_ethernet.o(i.eth_run_link) refers to at_system.o(.bss) for sys_control
    at_ethernet.o(i.eth_run_link) refers to at_ethernet.o(.constdata) for .constdata
    at_ethernet.o(i.eth_send_frame) refers to at_lib.o(i.mem_comp) for mem_comp
    at_ethernet.o(i.eth_send_frame) refers to at_lib.o(i.nrd_u32be) for nrd_u32be
    at_ethernet.o(i.eth_send_frame) refers to at_arp.o(i.arp_cache_find) for arp_cache_find
    at_ethernet.o(i.eth_send_frame) refers to at_lib.o(i.mem_copy) for mem_copy
    at_ethernet.o(i.eth_send_frame) refers to eth_stm32x.o(.text) for send_frame
    at_ethernet.o(i.eth_send_frame) refers to at_ethernet.o(.constdata) for .constdata
    at_ethernet.o(i.eth_send_frame) refers to at_ip.o(.constdata) for IP_Broadcast
    at_ethernet.o(i.eth_send_frame) refers to at_system.o(.bss) for localm
    at_ethernet.o(i.eth_send_frame) refers to net_config.o(.data) for own_hw_adr
    at_ethernet.o(i.put_in_queue) refers to at_mem.o(i.ifree_mem) for ifree_mem
    at_ethernet.o(i.put_in_queue) refers to at_ethernet.o(.bss) for .bss
    at_mem.o(i.alloc_mem) refers to eth_stm32x.o(.text) for int_disable_eth
    at_mem.o(i.alloc_mem) refers to net_config.o(.text) for sys_error
    at_mem.o(i.alloc_mem) refers to at_mem.o(.data) for .data
    at_mem.o(i.alloc_mem) refers to net_config.o(.constdata) for sys_config
    at_mem.o(i.free_mem) refers to eth_stm32x.o(.text) for int_disable_eth
    at_mem.o(i.free_mem) refers to net_config.o(.text) for sys_error
    at_mem.o(i.free_mem) refers to at_mem.o(.data) for .data
    at_mem.o(i.free_mem) refers to net_config.o(.constdata) for sys_config
    at_mem.o(i.ifree_mem) refers to net_config.o(.constdata) for sys_config
    at_mem.o(i.ifree_mem) refers to at_mem.o(.data) for .data
    at_mem.o(i.init_mem) refers to eth_stm32x.o(.text) for int_disable_eth
    at_mem.o(i.init_mem) refers to at_mem.o(.data) for .data
    at_mem.o(i.init_mem) refers to net_config.o(.constdata) for sys_config
    at_mem.o(i.resize_mem) refers to net_config.o(.text) for sys_error
    at_mem.o(i.resize_mem) refers to eth_stm32x.o(.text) for int_disable_eth
    at_mem.o(i.resize_mem) refers to at_mem.o(.data) for .data
    at_lib.o(i.asc_to_b64) refers to at_lib.o(i.encode_b64) for encode_b64
    at_lib.o(i.bin_to_b64) refers to at_lib.o(i.encode_b64) for encode_b64
    at_lib.o(i.calc_chksum16be) refers to at_lib.o(i.chksum16_buf) for chksum16_buf
    at_lib.o(i.mem_crc32) refers to at_lib.o(i.get_crc32) for get_crc32
    at_lib.o(i.str_crc32) refers to at_lib.o(i.get_crc32) for get_crc32
    at_system.o(i.get_rnd32) refers to at_system.o(.bss) for .bss
    at_system.o(i.init_TcpNet) refers to at_mem.o(i.init_mem) for init_mem
    at_system.o(i.init_TcpNet) refers to at_lib.o(i.mem_copy) for mem_copy
    at_system.o(i.init_TcpNet) refers to net_config.o(.text) for init_system
    at_system.o(i.init_TcpNet) refers to at_system.o(.bss) for .bss
    at_system.o(i.init_TcpNet) refers to net_config.o(.constdata) for nlocalm
    at_system.o(i.main_TcpNet) refers to net_config.o(.text) for run_system
    at_system.o(i.main_TcpNet) refers to at_system.o(.bss) for .bss
    at_system.o(i.main_TcpNet) refers to net_config.o(.constdata) for sys_config
    at_system.o(i.timer_tick) refers to at_system.o(.bss) for .bss
    entry.o(.ARM.Collect$$$$00000000) refers (Special) to entry7b.o(.ARM.Collect$$$$00000008) for _main_clock
    entry.o(.ARM.Collect$$$$00000000) refers (Special) to entry8.o(.ARM.Collect$$$$00000009) for _main_init
    entry.o(.ARM.Collect$$$$00000000) refers (Special) to entry5.o(.ARM.Collect$$$$00000004) for _main_scatterload
    entry.o(.ARM.Collect$$$$00000000) refers (Special) to entry2.o(.ARM.Collect$$$$00000001) for _main_stk
    dmul.o(.text) refers (Special) to iusefp.o(.text) for __I$use$fp
    dmul.o(.text) refers to depilogue.o(.text) for _double_epilogue
    dflti.o(.text) refers (Special) to iusefp.o(.text) for __I$use$fp
    dflti.o(.text) refers to depilogue.o(.text) for _double_epilogue
    dfixui.o(.text) refers (Special) to iusefp.o(.text) for __I$use$fp
    dfixui.o(.text) refers to llushr.o(.text) for __aeabi_llsr
    entry2.o(.ARM.Collect$$$$00000001) refers to entry2.o(.ARM.Collect$$$$00002712) for __lit__00000000
    entry2.o(.ARM.Collect$$$$00002712) refers to startup_stm32f10x_cl.o(STACK) for __initial_sp
    entry2.o(__vectab_stack_and_reset_area) refers to startup_stm32f10x_cl.o(STACK) for __initial_sp
    entry2.o(__vectab_stack_and_reset_area) refers to entry.o(.ARM.Collect$$$$00000000) for __main
    entry5.o(.ARM.Collect$$$$00000004) refers to init.o(.text) for __scatterload
    entry8.o(.ARM.Collect$$$$00000009) refers to http_demo.o(.text) for main
    depilogue.o(.text) refers to llshl.o(.text) for __aeabi_llsl
    depilogue.o(.text) refers to llushr.o(.text) for __aeabi_llsr
    init.o(.text) refers to entry5.o(.ARM.Collect$$$$00000004) for __main_after_scatterload


==============================================================================

Removing Unused input sections from the image.

    Removing http_demo.o(.rev16_text), (4 bytes).
    Removing http_demo.o(.revsh_text), (4 bytes).
    Removing http_demo.o(.bss), (12 bytes).
    Removing http_demo.o(.data), (4 bytes).
    Removing usart_int.o(.rev16_text), (4 bytes).
    Removing usart_int.o(.revsh_text), (4 bytes).
    Removing usart_int.o(.bss), (32 bytes).
    Removing usart_int.o(.bss), (32 bytes).
    Removing usart_int.o(.data), (1 bytes).
    Removing usart_int.o(.data), (2 bytes).
    Removing usart_int.o(.data), (1 bytes).
    Removing usart_int.o(.data), (2 bytes).
    Removing usart_int.o(.data), (2 bytes).
    Removing net_config.o(.constdata), (60 bytes).
    Removing startup_stm32f10x_cl.o(HEAP), (0 bytes).
    Removing misc.o(.rev16_text), (4 bytes).
    Removing misc.o(.revsh_text), (4 bytes).
    Removing stm32f10x_gpio.o(.rev16_text), (4 bytes).
    Removing stm32f10x_gpio.o(.revsh_text), (4 bytes).
    Removing stm32f10x_rcc.o(.rev16_text), (4 bytes).
    Removing stm32f10x_rcc.o(.revsh_text), (4 bytes).
    Removing stm32f10x_usart.o(.rev16_text), (4 bytes).
    Removing stm32f10x_usart.o(.revsh_text), (4 bytes).
    Removing system_stm32f10x_cl.o(.rev16_text), (4 bytes).
    Removing system_stm32f10x_cl.o(.revsh_text), (4 bytes).
    Removing usart.o(.rev16_text), (4 bytes).
    Removing usart.o(.revsh_text), (4 bytes).
    Removing eth_stm32x.o(.rev16_text), (4 bytes).
    Removing eth_stm32x.o(.revsh_text), (4 bytes).
    Removing glcd.o(.rev16_text), (4 bytes).
    Removing glcd.o(.revsh_text), (4 bytes).
    Removing at_arp.o(i.arp_cache_ip), (52 bytes).
    Removing at_arp.o(i.arp_cache_mac), (136 bytes).
    Removing at_arp.o(i.arp_get_hwadr), (60 bytes).
    Removing at_arp.o(i.arp_get_info), (104 bytes).
    Removing at_arp.o(i.arp_probe), (20 bytes).
    Removing at_icmp.o(i.icmp_ping), (104 bytes).
    Removing at_tcp.o(i.tcp_abort), (88 bytes).
    Removing at_tcp.o(i.tcp_connect), (164 bytes).
    Removing at_tcp.o(i.tcp_get_adr), (32 bytes).
    Removing at_tcp.o(i.tcp_get_free_port), (68 bytes).
    Removing at_tcp.o(i.tcp_get_state), (40 bytes).
    Removing at_tcp.o(i.tcp_ioctl_socket), (64 bytes).
    Removing at_tcp.o(i.tcp_listen), (116 bytes).
    Removing at_tcp.o(i.tcp_max_dsize), (40 bytes).
    Removing at_tcp.o(i.tcp_release_socket), (60 bytes).
    Removing at_tcp.o(i.tcp_reset_tout), (48 bytes).
    Removing at_tcp.o(i.tcp_reset_window), (80 bytes).
    Removing at_udp.o(i.udp_close), (44 bytes).
    Removing at_udp.o(i.udp_free_buf), (6 bytes).
    Removing at_udp.o(i.udp_keep_buf), (60 bytes).
    Removing at_udp.o(i.udp_mcast_ttl), (44 bytes).
    Removing at_udp.o(i.udp_release_socket), (48 bytes).
    Removing at_ethernet.o(i.eth_get_adr), (4 bytes).
    Removing at_mem.o(i.init_mem), (44 bytes).
    Removing at_lib.o(i.asc_to_b64), (64 bytes).
    Removing at_lib.o(i.b64_to_asc), (120 bytes).
    Removing at_lib.o(i.bin_to_b64), (66 bytes).
    Removing at_lib.o(i.encode_b64), (76 bytes).
    Removing at_lib.o(i.mem_rcopy), (32 bytes).
    Removing at_lib.o(i.nrd_u16be), (10 bytes).
    Removing at_lib.o(i.nwr_u16be), (8 bytes).
    Removing at_lib.o(i.str_copy), (18 bytes).
    Removing at_lib.o(i.str_crc32), (26 bytes).
    Removing at_lib.o(i.str_pos), (22 bytes).
    Removing at_lib.o(i.str_scomp), (26 bytes).
    Removing at_lib.o(i.str_ucomp), (46 bytes).
    Removing at_system.o(.emb_text), (0 bytes).
    Removing at_system.o(i.init_TcpNet), (44 bytes).
    Removing at_system.o(i.main_TcpNet), (100 bytes).
    Removing at_system.o(i.timer_tick), (12 bytes).

71 unused section(s) (total 2424 bytes) removed from the image.

==============================================================================

Image Symbol Table

    Local Symbols

    Symbol Name                              Value     Ov Type        Size  Object(Section)

    ../../../cmprslib/lz77c.c                0x00000000   Number         0  __dclz77c.o ABSOLUTE
    ../../microlib/fpepilogue.c              0x00000000   Number         0  depilogue.o ABSOLUTE
    ../../microlib/fpfix.c                   0x00000000   Number         0  dfixui.o ABSOLUTE
    ../../microlib/fpflt.c                   0x00000000   Number         0  dflti.o ABSOLUTE
    ../../microlib/fpmul.c                   0x00000000   Number         0  dmul.o ABSOLUTE
    ../../microlib/init/entry.s              0x00000000   Number         0  entry2.o ABSOLUTE
    ../../microlib/init/entry.s              0x00000000   Number         0  entry5.o ABSOLUTE
    ../../microlib/init/entry.s              0x00000000   Number         0  entry7b.o ABSOLUTE
    ../../microlib/init/entry.s              0x00000000   Number         0  entry8.o ABSOLUTE
    ../../microlib/init/entry.s              0x00000000   Number         0  entry7a.o ABSOLUTE
    ../../microlib/init/entry.s              0x00000000   Number         0  entry.o ABSOLUTE
    ../../microlib/longlong.c                0x00000000   Number         0  llushr.o ABSOLUTE
    ../../microlib/longlong.c                0x00000000   Number         0  llshl.o ABSOLUTE
    ../../microlib/string/memcpy.c           0x00000000   Number         0  memcpyb.o ABSOLUTE
    ../../microlib/string/memcpy.c           0x00000000   Number         0  memcpya.o ABSOLUTE
    ../../microlib/stubs.s                   0x00000000   Number         0  iusefp.o ABSOLUTE
    ..\Libraries\ETH_STM32x.c                0x00000000   Number         0  eth_stm32x.o ABSOLUTE
    ..\Libraries\GLCD.c                      0x00000000   Number         0  glcd.o ABSOLUTE
    ..\Libraries\STM32F10x_StdPeriph_Driver\src\misc.c 0x00000000   Number         0  misc.o ABSOLUTE
    ..\Libraries\STM32F10x_StdPeriph_Driver\src\stm32f10x_gpio.c 0x00000000   Number         0  stm32f10x_gpio.o ABSOLUTE
    ..\Libraries\STM32F10x_StdPeriph_Driver\src\stm32f10x_rcc.c 0x00000000   Number         0  stm32f10x_rcc.o ABSOLUTE
    ..\Libraries\STM32F10x_StdPeriph_Driver\src\stm32f10x_usart.c 0x00000000   Number         0  stm32f10x_usart.o ABSOLUTE
    ..\Libraries\system_stm32f10x_cl.c       0x00000000   Number         0  system_stm32f10x_cl.o ABSOLUTE
    ..\\Libraries\\ETH_STM32x.c              0x00000000   Number         0  eth_stm32x.o ABSOLUTE
    ..\\Libraries\\GLCD.c                    0x00000000   Number         0  glcd.o ABSOLUTE
    ..\\Libraries\\STM32F10x_StdPeriph_Driver\\src\\misc.c 0x00000000   Number         0  misc.o ABSOLUTE
    ..\\Libraries\\STM32F10x_StdPeriph_Driver\\src\\stm32f10x_gpio.c 0x00000000   Number         0  stm32f10x_gpio.o ABSOLUTE
    ..\\Libraries\\STM32F10x_StdPeriph_Driver\\src\\stm32f10x_rcc.c 0x00000000   Number         0  stm32f10x_rcc.o ABSOLUTE
    ..\\Libraries\\STM32F10x_StdPeriph_Driver\\src\\stm32f10x_usart.c 0x00000000   Number         0  stm32f10x_usart.o ABSOLUTE
    ..\\Libraries\\system_stm32f10x_cl.c     0x00000000   Number         0  system_stm32f10x_cl.o ABSOLUTE
    App\\usart_int.c                         0x00000000   Number         0  usart_int.o ABSOLUTE
    App\usart_int.c                          0x00000000   Number         0  usart_int.o ABSOLUTE
    Drivers\\usart.c                         0x00000000   Number         0  usart.o ABSOLUTE
    Drivers\usart.c                          0x00000000   Number         0  usart.o ABSOLUTE
    HTTP_demo.c                              0x00000000   Number         0  http_demo.o ABSOLUTE
    HTTP_demo.c                              0x00000000   Number         0  http_demo.o ABSOLUTE
    Net_Config.c                             0x00000000   Number         0  net_config.o ABSOLUTE
    RL_ARM.s                                 0x00000000   Number         0  at_icmp.o ABSOLUTE
    RL_ARM.s                                 0x00000000   Number         0  at_tcp.o ABSOLUTE
    RL_ARM.s                                 0x00000000   Number         0  at_arp.o ABSOLUTE
    RL_ARM.s                                 0x00000000   Number         0  at_udp.o ABSOLUTE
    RL_ARM.s                                 0x00000000   Number         0  at_ip.o ABSOLUTE
    RL_ARM.s                                 0x00000000   Number         0  at_ethernet.o ABSOLUTE
    RL_ARM.s                                 0x00000000   Number         0  at_system.o ABSOLUTE
    RL_ARM.s                                 0x00000000   Number         0  at_nbns.o ABSOLUTE
    RL_ARM.s                                 0x00000000   Number         0  at_lib.o ABSOLUTE
    RL_ARM.s                                 0x00000000   Number         0  at_mem.o ABSOLUTE
    SRC\\at_System.c                         0x00000000   Number         0  at_system.o ABSOLUTE
    SRC\at_ARP.c                             0x00000000   Number         0  at_arp.o ABSOLUTE
    SRC\at_Ethernet.c                        0x00000000   Number         0  at_ethernet.o ABSOLUTE
    SRC\at_ICMP.c                            0x00000000   Number         0  at_icmp.o ABSOLUTE
    SRC\at_IP.c                              0x00000000   Number         0  at_ip.o ABSOLUTE
    SRC\at_Lib.c                             0x00000000   Number         0  at_lib.o ABSOLUTE
    SRC\at_Mem.c                             0x00000000   Number         0  at_mem.o ABSOLUTE
    SRC\at_NBNS.c                            0x00000000   Number         0  at_nbns.o ABSOLUTE
    SRC\at_System.c                          0x00000000   Number         0  at_system.o ABSOLUTE
    SRC\at_TCP.c                             0x00000000   Number         0  at_tcp.o ABSOLUTE
    SRC\at_UDP.c                             0x00000000   Number         0  at_udp.o ABSOLUTE
    dc.s                                     0x00000000   Number         0  dc.o ABSOLUTE
    handlers.s                               0x00000000   Number         0  handlers.o ABSOLUTE
    init.s                                   0x00000000   Number         0  init.o ABSOLUTE
    startup_stm32f10x_cl.s                   0x00000000   Number         0  startup_stm32f10x_cl.o ABSOLUTE
    RESET                                    0x08000000   Section      336  startup_stm32f10x_cl.o(RESET)
    .ARM.Collect$$$$00000000                 0x08000150   Section        0  entry.o(.ARM.Collect$$$$00000000)
    .ARM.Collect$$$$00000001                 0x08000150   Section        4  entry2.o(.ARM.Collect$$$$00000001)
    .ARM.Collect$$$$00000004                 0x08000154   Section        4  entry5.o(.ARM.Collect$$$$00000004)
    .ARM.Collect$$$$00000008                 0x08000158   Section        0  entry7b.o(.ARM.Collect$$$$00000008)
    .ARM.Collect$$$$00000009                 0x08000158   Section        8  entry8.o(.ARM.Collect$$$$00000009)
    .ARM.Collect$$$$00002712                 0x08000160   Section        4  entry2.o(.ARM.Collect$$$$00002712)
    __lit__00000000                          0x08000160   Data           4  entry2.o(.ARM.Collect$$$$00002712)
    .text                                    0x08000164   Section        0  http_demo.o(.text)
    .text                                    0x08000484   Section        0  usart_int.o(.text)
    .text                                    0x080005dc   Section        0  net_config.o(.text)
    .text                                    0x08000628   Section       28  startup_stm32f10x_cl.o(.text)
    Default_Handler                          0x0800063f   Thumb Code     2  startup_stm32f10x_cl.o(.text)
    .text                                    0x08000644   Section        0  misc.o(.text)
    .text                                    0x080006f4   Section        0  stm32f10x_gpio.o(.text)
    .text                                    0x08000960   Section        0  stm32f10x_rcc.o(.text)
    .text                                    0x08000cc8   Section        0  stm32f10x_usart.o(.text)
    .text                                    0x08000ff8   Section        0  system_stm32f10x_cl.o(.text)
    .text                                    0x08001134   Section        0  usart.o(.text)
    .text                                    0x080012e0   Section        0  eth_stm32x.o(.text)
    rx_descr_init                            0x08001591   Thumb Code    70  eth_stm32x.o(.text)
    read_PHY                                 0x080015d7   Thumb Code    36  eth_stm32x.o(.text)
    write_PHY                                0x080015fb   Thumb Code    34  eth_stm32x.o(.text)
    .text                                    0x080016a0   Section        0  glcd.o(.text)
    wr_dat                                   0x080016a1   Thumb Code    36  glcd.o(.text)
    wr_cmd                                   0x080016c5   Thumb Code    38  glcd.o(.text)
    rd_dat                                   0x080016eb   Thumb Code    58  glcd.o(.text)
    ili9341_set_window                       0x08001725   Thumb Code    80  glcd.o(.text)
    delay                                    0x08001a41   Thumb Code    24  glcd.o(.text)
    .text                                    0x08001a88   Section        0  memcpya.o(.text)
    .text                                    0x08001aac   Section        0  dmul.o(.text)
    .text                                    0x08001b8c   Section        0  dflti.o(.text)
    .text                                    0x08001bae   Section        0  dfixui.o(.text)
    .text                                    0x08001bdc   Section        0  llushr.o(.text)
    .text                                    0x08001bfc   Section        0  depilogue.o(.text)
    .text                                    0x08001bfc   Section        0  iusefp.o(.text)
    .text                                    0x08001cbc   Section       36  init.o(.text)
    .text                                    0x08001ce0   Section        0  llshl.o(.text)
    .text                                    0x08001cfe   Section        0  __dclz77c.o(.text)
    i.__scatterload_copy                     0x08001d5e   Section       14  handlers.o(i.__scatterload_copy)
    i.__scatterload_null                     0x08001d6c   Section        2  handlers.o(i.__scatterload_null)
    i.__scatterload_zeroinit                 0x08001d6e   Section       14  handlers.o(i.__scatterload_zeroinit)
    i.alloc_mem                              0x08001d7c   Section        0  at_mem.o(i.alloc_mem)
    i.arp_cache_add                          0x08001e38   Section        0  at_arp.o(i.arp_cache_add)
    i.arp_cache_alloc                        0x08001ef0   Section        0  at_arp.o(i.arp_cache_alloc)
    arp_cache_alloc                          0x08001ef1   Thumb Code   142  at_arp.o(i.arp_cache_alloc)
    i.arp_cache_early                        0x08001f84   Section        0  at_arp.o(i.arp_cache_early)
    i.arp_cache_find                         0x0800201c   Section        0  at_arp.o(i.arp_cache_find)
    i.arp_cache_update                       0x080020d0   Section        0  at_arp.o(i.arp_cache_update)
    i.arp_init                               0x080021c4   Section        0  at_arp.o(i.arp_init)
    i.arp_is_cacheable                       0x080021e8   Section        0  at_arp.o(i.arp_is_cacheable)
    arp_is_cacheable                         0x080021e9   Thumb Code    48  at_arp.o(i.arp_is_cacheable)
    i.arp_notify                             0x0800221c   Section        0  at_arp.o(i.arp_notify)
    i.arp_proc_response                      0x08002238   Section        0  at_arp.o(i.arp_proc_response)
    arp_proc_response                        0x08002239   Thumb Code   130  at_arp.o(i.arp_proc_response)
    i.arp_process                            0x080022c0   Section        0  at_arp.o(i.arp_process)
    i.arp_send_reply                         0x080023e0   Section        0  at_arp.o(i.arp_send_reply)
    arp_send_reply                           0x080023e1   Thumb Code   150  at_arp.o(i.arp_send_reply)
    i.arp_send_request                       0x08002480   Section        0  at_arp.o(i.arp_send_request)
    arp_send_request                         0x08002481   Thumb Code   170  at_arp.o(i.arp_send_request)
    i.calc_chksum16be                        0x08002538   Section        0  at_lib.o(i.calc_chksum16be)
    i.chksum16_buf                           0x0800254c   Section        0  at_lib.o(i.chksum16_buf)
    i.chksum16_val                           0x08002574   Section        0  at_lib.o(i.chksum16_val)
    i.eth_chk_adr                            0x08002580   Section        0  at_ethernet.o(i.eth_chk_adr)
    i.eth_init_link                          0x08002590   Section        0  at_ethernet.o(i.eth_init_link)
    i.eth_run_link                           0x080025c4   Section        0  at_ethernet.o(i.eth_run_link)
    i.eth_send_frame                         0x08002698   Section        0  at_ethernet.o(i.eth_send_frame)
    i.free_mem                               0x08002740   Section        0  at_mem.o(i.free_mem)
    i.get_crc32                              0x080027c4   Section        0  at_lib.o(i.get_crc32)
    get_crc32                                0x080027c5   Thumb Code    36  at_lib.o(i.get_crc32)
    i.get_rnd32                              0x080027ec   Section        0  at_system.o(i.get_rnd32)
    i.icmp_init                              0x08002808   Section        0  at_icmp.o(i.icmp_init)
    i.icmp_process                           0x08002818   Section        0  at_icmp.o(i.icmp_process)
    i.icmp_run_engine                        0x080028e4   Section        0  at_icmp.o(i.icmp_run_engine)
    i.icmp_send_message                      0x0800292c   Section        0  at_icmp.o(i.icmp_send_message)
    icmp_send_message                        0x0800292d   Thumb Code   108  at_icmp.o(i.icmp_send_message)
    i.ifree_mem                              0x0800299c   Section        0  at_mem.o(i.ifree_mem)
    i.ip_chk_frame                           0x080029d4   Section        0  at_ip.o(i.ip_chk_frame)
    i.ip_get_chksum                          0x08002a9c   Section        0  at_ip.o(i.ip_get_chksum)
    ip_get_chksum                            0x08002a9d   Thumb Code    10  at_ip.o(i.ip_get_chksum)
    i.ip_get_locadr                          0x08002aa8   Section        0  at_ip.o(i.ip_get_locadr)
    i.ip_init                                0x08002b60   Section        0  at_ip.o(i.ip_init)
    i.ip_run_local                           0x08002b6c   Section        0  at_ip.o(i.ip_run_local)
    i.ip_send_frame                          0x08002bc8   Section        0  at_ip.o(i.ip_send_frame)
    i.is_subnet                              0x08002d14   Section        0  at_lib.o(i.is_subnet)
    i.mem_comp                               0x08002d28   Section        0  at_lib.o(i.mem_comp)
    i.mem_copy                               0x08002d3e   Section        0  at_lib.o(i.mem_copy)
    i.mem_crc32                              0x08002d54   Section        0  at_lib.o(i.mem_crc32)
    i.mem_set                                0x08002d74   Section        0  at_lib.o(i.mem_set)
    i.mem_test                               0x08002d7e   Section        0  at_lib.o(i.mem_test)
    i.nbns_init                              0x08002d90   Section        0  at_nbns.o(i.nbns_init)
    i.nbns_listener                          0x08002db8   Section        0  at_nbns.o(i.nbns_listener)
    nbns_listener                            0x08002db9   Thumb Code   318  at_nbns.o(i.nbns_listener)
    i.nrd_u32be                              0x08002f08   Section        0  at_lib.o(i.nrd_u32be)
    i.nwr_u32be                              0x08002f1e   Section        0  at_lib.o(i.nwr_u32be)
    i.put_in_queue                           0x08002f30   Section        0  at_ethernet.o(i.put_in_queue)
    i.resize_mem                             0x08002f58   Section        0  at_mem.o(i.resize_mem)
    i.str_up_case                            0x08002fa0   Section        0  at_lib.o(i.str_up_case)
    i.tcp_check_send                         0x08002fbc   Section        0  at_tcp.o(i.tcp_check_send)
    i.tcp_close                              0x08002ffc   Section        0  at_tcp.o(i.tcp_close)
    i.tcp_get_buf                            0x08003080   Section        0  at_tcp.o(i.tcp_get_buf)
    i.tcp_get_socket                         0x08003090   Section        0  at_tcp.o(i.tcp_get_socket)
    i.tcp_init                               0x080030d8   Section        0  at_tcp.o(i.tcp_init)
    i.tcp_map_socket                         0x080030ec   Section        0  at_tcp.o(i.tcp_map_socket)
    tcp_map_socket                           0x080030ed   Thumb Code   150  at_tcp.o(i.tcp_map_socket)
    i.tcp_poll_sockets                       0x08003188   Section        0  at_tcp.o(i.tcp_poll_sockets)
    i.tcp_process                            0x080033a4   Section        0  at_tcp.o(i.tcp_process)
    i.tcp_process_opt                        0x08003814   Section        0  at_tcp.o(i.tcp_process_opt)
    tcp_process_opt                          0x08003815   Thumb Code   122  at_tcp.o(i.tcp_process_opt)
    i.tcp_send                               0x08003894   Section        0  at_tcp.o(i.tcp_send)
    i.tcp_send_ctrl                          0x080039a0   Section        0  at_tcp.o(i.tcp_send_ctrl)
    tcp_send_ctrl                            0x080039a1   Thumb Code    34  at_tcp.o(i.tcp_send_ctrl)
    i.tcp_send_frame                         0x080039c4   Section        0  at_tcp.o(i.tcp_send_frame)
    tcp_send_frame                           0x080039c5   Thumb Code   262  at_tcp.o(i.tcp_send_frame)
    i.tcp_send_reset                         0x08003ad0   Section        0  at_tcp.o(i.tcp_send_reset)
    tcp_send_reset                           0x08003ad1   Thumb Code   124  at_tcp.o(i.tcp_send_reset)
    i.tcp_set_retransmit                     0x08003b50   Section        0  at_tcp.o(i.tcp_set_retransmit)
    tcp_set_retransmit                       0x08003b51   Thumb Code    18  at_tcp.o(i.tcp_set_retransmit)
    i.tcp_transit                            0x08003b64   Section        0  at_tcp.o(i.tcp_transit)
    tcp_transit                              0x08003b65   Thumb Code   108  at_tcp.o(i.tcp_transit)
    i.udp_get_buf                            0x08003bd4   Section        0  at_udp.o(i.udp_get_buf)
    i.udp_get_socket                         0x08003be4   Section        0  at_udp.o(i.udp_get_socket)
    i.udp_init                               0x08003c28   Section        0  at_udp.o(i.udp_init)
    i.udp_open                               0x08003c40   Section        0  at_udp.o(i.udp_open)
    i.udp_port_in_use                        0x08003ca8   Section        0  at_udp.o(i.udp_port_in_use)
    udp_port_in_use                          0x08003ca9   Thumb Code    40  at_udp.o(i.udp_port_in_use)
    i.udp_process                            0x08003cd4   Section        0  at_udp.o(i.udp_process)
    i.udp_send                               0x08003d8c   Section        0  at_udp.o(i.udp_send)
    .constdata                               0x08003ea8   Section     6650  http_demo.o(.constdata)
    .constdata                               0x080058a4   Section       16  net_config.o(.constdata)
    .constdata                               0x080058b4   Section       12  net_config.o(.constdata)
    .constdata                               0x080058c0   Section        8  net_config.o(.constdata)
    .constdata                               0x080058c8   Section       20  net_config.o(.constdata)
    .constdata                               0x080058dc   Section        6  at_arp.o(.constdata)
    NullAdr                                  0x080058dc   Data           6  at_arp.o(.constdata)
    .constdata                               0x080058e2   Section        8  at_ip.o(.constdata)
    IP_Localhost                             0x080058e6   Data           4  at_ip.o(.constdata)
    .constdata                               0x080058ea   Section        8  at_nbns.o(.constdata)
    nbns_ttllen                              0x080058ea   Data           8  at_nbns.o(.constdata)
    .constdata                               0x080058f2   Section        6  at_ethernet.o(.constdata)
    .data                                    0x20000000   Section       12  http_demo.o(.data)
    bcount                                   0x20000004   Data           4  http_demo.o(.data)
    .data                                    0x2000000c   Section       16  usart_int.o(.data)
    .data                                    0x2000001c   Section       16  net_config.o(.data)
    .data                                    0x2000002c   Section        6  net_config.o(.data)
    .data                                    0x20000032   Section       20  stm32f10x_rcc.o(.data)
    ADCPrescTable                            0x20000032   Data           4  stm32f10x_rcc.o(.data)
    APBAHBPrescTable                         0x20000036   Data          16  stm32f10x_rcc.o(.data)
    .data                                    0x20000048   Section       20  system_stm32f10x_cl.o(.data)
    .data                                    0x2000005c   Section        2  eth_stm32x.o(.data)
    TxBufIndex                               0x2000005c   Data           1  eth_stm32x.o(.data)
    RxBufIndex                               0x2000005d   Data           1  eth_stm32x.o(.data)
    .data                                    0x2000005e   Section     5380  glcd.o(.data)
    TextColor                                0x2000005e   Data           2  glcd.o(.data)
    BackColor                                0x20000060   Data           2  glcd.o(.data)
    .data                                    0x20001564   Section        8  at_arp.o(.data)
    entry                                    0x20001564   Data           1  at_arp.o(.data)
    probe_ip                                 0x20001568   Data           4  at_arp.o(.data)
    .data                                    0x2000156c   Section       12  at_ip.o(.data)
    ip_id                                    0x2000156c   Data           2  at_ip.o(.data)
    ip_control                               0x20001570   Data           8  at_ip.o(.data)
    .data                                    0x20001578   Section        4  at_tcp.o(.data)
    socket                                   0x20001578   Data           1  at_tcp.o(.data)
    port                                     0x2000157a   Data           2  at_tcp.o(.data)
    .data                                    0x2000157c   Section        2  at_udp.o(.data)
    port                                     0x2000157c   Data           2  at_udp.o(.data)
    .data                                    0x2000157e   Section        1  at_nbns.o(.data)
    nbns_Socket                              0x2000157e   Data           1  at_nbns.o(.data)
    .data                                    0x20001580   Section        8  at_mem.o(.data)
    mem_control                              0x20001580   Data           8  at_mem.o(.data)
    .bss                                     0x20001588   Section       44  usart_int.o(.bss)
    .bss                                     0x200015b4   Section     8192  net_config.o(.bss)
    mem_pool                                 0x200015b4   Data        8192  net_config.o(.bss)
    .bss                                     0x200035b4   Section      140  net_config.o(.bss)
    arp_table                                0x200035b4   Data         140  net_config.o(.bss)
    .bss                                     0x20003640   Section       24  net_config.o(.bss)
    udp_scb                                  0x20003640   Data          24  net_config.o(.bss)
    .bss                                     0x20003658   Section      352  net_config.o(.bss)
    tcp_scb                                  0x20003658   Data         352  net_config.o(.bss)
    .bss                                     0x200037b8   Section     9312  eth_stm32x.o(.bss)
    Rx_Desc                                  0x200037b8   Data          64  eth_stm32x.o(.bss)
    Tx_Desc                                  0x200037f8   Data          32  eth_stm32x.o(.bss)
    rx_buf                                   0x20003818   Data        6144  eth_stm32x.o(.bss)
    tx_buf                                   0x20005018   Data        3072  eth_stm32x.o(.bss)
    .bss                                     0x20005c18   Section       16  at_icmp.o(.bss)
    icmp_control                             0x20005c18   Data          16  at_icmp.o(.bss)
    .bss                                     0x20005c28   Section      132  at_ethernet.o(.bss)
    eth_control                              0x20005c28   Data         132  at_ethernet.o(.bss)
    .bss                                     0x20005cac   Section       72  at_system.o(.bss)
    STACK                                    0x20005cf8   Section      512  startup_stm32f10x_cl.o(STACK)

    Global Symbols

    Symbol Name                              Value     Ov Type        Size  Object(Section)

    BuildAttributes$$THM_ISAv4$P$D$K$B$S$PE$A:L22UL41UL21$X:L11$S22US41US21$IEEE1$IW$USESV6$~STKCKD$USESV7$~SHL$OSPACE$ROPI$EBA8$MICROLIB$REQ8$PRES8$EABIv2 0x00000000   Number         0  anon$$obj.o ABSOLUTE
    __ARM_use_no_argv                        0x00000000   Number         0  http_demo.o ABSOLUTE
    _clock_init                               - Undefined Weak Reference
    poll_ethernet                             - Undefined Weak Reference
    __Vectors_Size                           0x00000150   Number         0  startup_stm32f10x_cl.o ABSOLUTE
    __RL_TCP_VER                             0x00000454   Number         0  at_system.o ABSOLUTE
    __Vectors                                0x08000000   Data           4  startup_stm32f10x_cl.o(RESET)
    __Vectors_End                            0x08000150   Data           0  startup_stm32f10x_cl.o(RESET)
    __main                                   0x08000151   Thumb Code     0  entry.o(.ARM.Collect$$$$00000000)
    _main_stk                                0x08000151   Thumb Code     0  entry2.o(.ARM.Collect$$$$00000001)
    _main_scatterload                        0x08000155   Thumb Code     0  entry5.o(.ARM.Collect$$$$00000004)
    __main_after_scatterload                 0x08000159   Thumb Code     0  entry5.o(.ARM.Collect$$$$00000004)
    _main_clock                              0x08000159   Thumb Code     0  entry7b.o(.ARM.Collect$$$$00000008)
    _main_init                               0x08000159   Thumb Code     0  entry8.o(.ARM.Collect$$$$00000009)
    delay                                    0x08000165   Thumb Code    24  http_demo.o(.text)
    tcp_callback                             0x0800017d   Thumb Code    68  http_demo.o(.text)
    init_display                             0x080001c1   Thumb Code    84  http_demo.o(.text)
    main                                     0x08000215   Thumb Code   170  http_demo.o(.text)
    send_data                                0x080002bf   Thumb Code   130  http_demo.o(.text)
    USART1_IRQHandler                        0x08000485   Thumb Code    88  usart_int.o(.text)
    USART1_GetChar                           0x080004dd   Thumb Code    36  usart_int.o(.text)
    USART2_GetChar                           0x08000501   Thumb Code    38  usart_int.o(.text)
    USART2_IRQHandler                        0x08000527   Thumb Code    94  usart_int.o(.text)
    USART2_BufferCompare                     0x08000585   Thumb Code    40  usart_int.o(.text)
    USART2_SmartCardGet                      0x080005ad   Thumb Code    32  usart_int.o(.text)
    sys_error                                0x080005dd   Thumb Code     2  net_config.o(.text)
    init_system                              0x080005df   Thumb Code    34  net_config.o(.text)
    run_system                               0x08000601   Thumb Code    22  net_config.o(.text)
    igmp_is_member                           0x08000617   Thumb Code     4  net_config.o(.text)
    igmp_process                             0x0800061b   Thumb Code     2  net_config.o(.text)
    dhcp_disable                             0x0800061d   Thumb Code     2  net_config.o(.text)
    ppp_send_frame                           0x0800061f   Thumb Code     4  net_config.o(.text)
    slip_send_frame                          0x08000623   Thumb Code     4  net_config.o(.text)
    Reset_Handler                            0x08000629   Thumb Code     4  startup_stm32f10x_cl.o(.text)
    NMI_Handler                              0x0800062d   Thumb Code     2  startup_stm32f10x_cl.o(.text)
    HardFault_Handler                        0x0800062f   Thumb Code     2  startup_stm32f10x_cl.o(.text)
    MemManage_Handler                        0x08000631   Thumb Code     2  startup_stm32f10x_cl.o(.text)
    BusFault_Handler                         0x08000633   Thumb Code     2  startup_stm32f10x_cl.o(.text)
    UsageFault_Handler                       0x08000635   Thumb Code     2  startup_stm32f10x_cl.o(.text)
    SVC_Handler                              0x08000637   Thumb Code     2  startup_stm32f10x_cl.o(.text)
    DebugMon_Handler                         0x08000639   Thumb Code     2  startup_stm32f10x_cl.o(.text)
    PendSV_Handler                           0x0800063b   Thumb Code     2  startup_stm32f10x_cl.o(.text)
    SysTick_Handler                          0x0800063d   Thumb Code     2  startup_stm32f10x_cl.o(.text)
    ADC1_2_IRQHandler                        0x0800063f   Thumb Code     0  startup_stm32f10x_cl.o(.text)
    CAN1_RX0_IRQHandler                      0x0800063f   Thumb Code     0  startup_stm32f10x_cl.o(.text)
    CAN1_RX1_IRQHandler                      0x0800063f   Thumb Code     0  startup_stm32f10x_cl.o(.text)
    CAN1_SCE_IRQHandler                      0x0800063f   Thumb Code     0  startup_stm32f10x_cl.o(.text)
    CAN1_TX_IRQHandler                       0x0800063f   Thumb Code     0  startup_stm32f10x_cl.o(.text)
    CAN2_RX0_IRQHandler                      0x0800063f   Thumb Code     0  startup_stm32f10x_cl.o(.text)
    CAN2_RX1_IRQHandler                      0x0800063f   Thumb Code     0  startup_stm32f10x_cl.o(.text)
    CAN2_SCE_IRQHandler                      0x0800063f   Thumb Code     0  startup_stm32f10x_cl.o(.text)
    CAN2_TX_IRQHandler                       0x0800063f   Thumb Code     0  startup_stm32f10x_cl.o(.text)
    DMA1_Channel1_IRQHandler                 0x0800063f   Thumb Code     0  startup_stm32f10x_cl.o(.text)
    DMA1_Channel2_IRQHandler                 0x0800063f   Thumb Code     0  startup_stm32f10x_cl.o(.text)
    DMA1_Channel3_IRQHandler                 0x0800063f   Thumb Code     0  startup_stm32f10x_cl.o(.text)
    DMA1_Channel4_IRQHandler                 0x0800063f   Thumb Code     0  startup_stm32f10x_cl.o(.text)
    DMA1_Channel5_IRQHandler                 0x0800063f   Thumb Code     0  startup_stm32f10x_cl.o(.text)
    DMA1_Channel6_IRQHandler                 0x0800063f   Thumb Code     0  startup_stm32f10x_cl.o(.text)
    DMA1_Channel7_IRQHandler                 0x0800063f   Thumb Code     0  startup_stm32f10x_cl.o(.text)
    DMA2_Channel1_IRQHandler                 0x0800063f   Thumb Code     0  startup_stm32f10x_cl.o(.text)
    DMA2_Channel2_IRQHandler                 0x0800063f   Thumb Code     0  startup_stm32f10x_cl.o(.text)
    DMA2_Channel3_IRQHandler                 0x0800063f   Thumb Code     0  startup_stm32f10x_cl.o(.text)
    DMA2_Channel4_IRQHandler                 0x0800063f   Thumb Code     0  startup_stm32f10x_cl.o(.text)
    DMA2_Channel5_IRQHandler                 0x0800063f   Thumb Code     0  startup_stm32f10x_cl.o(.text)
    ETH_WKUP_IRQHandler                      0x0800063f   Thumb Code     0  startup_stm32f10x_cl.o(.text)
    EXTI0_IRQHandler                         0x0800063f   Thumb Code     0  startup_stm32f10x_cl.o(.text)
    EXTI15_10_IRQHandler                     0x0800063f   Thumb Code     0  startup_stm32f10x_cl.o(.text)
    EXTI1_IRQHandler                         0x0800063f   Thumb Code     0  startup_stm32f10x_cl.o(.text)
    EXTI2_IRQHandler                         0x0800063f   Thumb Code     0  startup_stm32f10x_cl.o(.text)
    EXTI3_IRQHandler                         0x0800063f   Thumb Code     0  startup_stm32f10x_cl.o(.text)
    EXTI4_IRQHandler                         0x0800063f   Thumb Code     0  startup_stm32f10x_cl.o(.text)
    EXTI9_5_IRQHandler                       0x0800063f   Thumb Code     0  startup_stm32f10x_cl.o(.text)
    FLASH_IRQHandler                         0x0800063f   Thumb Code     0  startup_stm32f10x_cl.o(.text)
    I2C1_ER_IRQHandler                       0x0800063f   Thumb Code     0  startup_stm32f10x_cl.o(.text)
    I2C1_EV_IRQHandler                       0x0800063f   Thumb Code     0  startup_stm32f10x_cl.o(.text)
    I2C2_ER_IRQHandler                       0x0800063f   Thumb Code     0  startup_stm32f10x_cl.o(.text)
    I2C2_EV_IRQHandler                       0x0800063f   Thumb Code     0  startup_stm32f10x_cl.o(.text)
    OTG_FS_IRQHandler                        0x0800063f   Thumb Code     0  startup_stm32f10x_cl.o(.text)
    OTG_FS_WKUP_IRQHandler                   0x0800063f   Thumb Code     0  startup_stm32f10x_cl.o(.text)
    PVD_IRQHandler                           0x0800063f   Thumb Code     0  startup_stm32f10x_cl.o(.text)
    RCC_IRQHandler                           0x0800063f   Thumb Code     0  startup_stm32f10x_cl.o(.text)
    RTCAlarm_IRQHandler                      0x0800063f   Thumb Code     0  startup_stm32f10x_cl.o(.text)
    RTC_IRQHandler                           0x0800063f   Thumb Code     0  startup_stm32f10x_cl.o(.text)
    SPI1_IRQHandler                          0x0800063f   Thumb Code     0  startup_stm32f10x_cl.o(.text)
    SPI2_IRQHandler                          0x0800063f   Thumb Code     0  startup_stm32f10x_cl.o(.text)
    SPI3_IRQHandler                          0x0800063f   Thumb Code     0  startup_stm32f10x_cl.o(.text)
    TAMPER_IRQHandler                        0x0800063f   Thumb Code     0  startup_stm32f10x_cl.o(.text)
    TIM1_BRK_IRQHandler                      0x0800063f   Thumb Code     0  startup_stm32f10x_cl.o(.text)
    TIM1_CC_IRQHandler                       0x0800063f   Thumb Code     0  startup_stm32f10x_cl.o(.text)
    TIM1_TRG_COM_IRQHandler                  0x0800063f   Thumb Code     0  startup_stm32f10x_cl.o(.text)
    TIM1_UP_IRQHandler                       0x0800063f   Thumb Code     0  startup_stm32f10x_cl.o(.text)
    TIM2_IRQHandler                          0x0800063f   Thumb Code     0  startup_stm32f10x_cl.o(.text)
    TIM3_IRQHandler                          0x0800063f   Thumb Code     0  startup_stm32f10x_cl.o(.text)
    TIM4_IRQHandler                          0x0800063f   Thumb Code     0  startup_stm32f10x_cl.o(.text)
    TIM5_IRQHandler                          0x0800063f   Thumb Code     0  startup_stm32f10x_cl.o(.text)
    TIM6_IRQHandler                          0x0800063f   Thumb Code     0  startup_stm32f10x_cl.o(.text)
    TIM7_IRQHandler                          0x0800063f   Thumb Code     0  startup_stm32f10x_cl.o(.text)
    UART4_IRQHandler                         0x0800063f   Thumb Code     0  startup_stm32f10x_cl.o(.text)
    UART5_IRQHandler                         0x0800063f   Thumb Code     0  startup_stm32f10x_cl.o(.text)
    USART3_IRQHandler                        0x0800063f   Thumb Code     0  startup_stm32f10x_cl.o(.text)
    WWDG_IRQHandler                          0x0800063f   Thumb Code     0  startup_stm32f10x_cl.o(.text)
    NVIC_PriorityGroupConfig                 0x08000645   Thumb Code    10  misc.o(.text)
    NVIC_Init                                0x0800064f   Thumb Code    90  misc.o(.text)
    NVIC_SetVectorTable                      0x080006a9   Thumb Code    14  misc.o(.text)
    NVIC_SystemLPConfig                      0x080006b7   Thumb Code    20  misc.o(.text)
    SysTick_CLKSourceConfig                  0x080006cb   Thumb Code    24  misc.o(.text)
    GPIO_DeInit                              0x080006f5   Thumb Code   152  stm32f10x_gpio.o(.text)
    GPIO_AFIODeInit                          0x0800078d   Thumb Code    22  stm32f10x_gpio.o(.text)
    GPIO_Init                                0x080007a3   Thumb Code   162  stm32f10x_gpio.o(.text)
    GPIO_StructInit                          0x08000845   Thumb Code    16  stm32f10x_gpio.o(.text)
    GPIO_ReadInputDataBit                    0x08000855   Thumb Code    14  stm32f10x_gpio.o(.text)
    GPIO_ReadInputData                       0x08000863   Thumb Code     6  stm32f10x_gpio.o(.text)
    GPIO_ReadOutputDataBit                   0x08000869   Thumb Code    14  stm32f10x_gpio.o(.text)
    GPIO_ReadOutputData                      0x08000877   Thumb Code     6  stm32f10x_gpio.o(.text)
    GPIO_SetBits                             0x0800087d   Thumb Code     4  stm32f10x_gpio.o(.text)
    GPIO_ResetBits                           0x08000881   Thumb Code     4  stm32f10x_gpio.o(.text)
    GPIO_WriteBit                            0x08000885   Thumb Code    10  stm32f10x_gpio.o(.text)
    GPIO_Write                               0x0800088f   Thumb Code     4  stm32f10x_gpio.o(.text)
    GPIO_PinLockConfig                       0x08000893   Thumb Code    16  stm32f10x_gpio.o(.text)
    GPIO_EventOutputConfig                   0x080008a3   Thumb Code    22  stm32f10x_gpio.o(.text)
    GPIO_EventOutputCmd                      0x080008b9   Thumb Code     6  stm32f10x_gpio.o(.text)
    GPIO_PinRemapConfig                      0x080008bf   Thumb Code    82  stm32f10x_gpio.o(.text)
    GPIO_EXTILineConfig                      0x08000911   Thumb Code    34  stm32f10x_gpio.o(.text)
    GPIO_ETH_MediaInterfaceConfig            0x08000933   Thumb Code     6  stm32f10x_gpio.o(.text)
    RCC_DeInit                               0x08000961   Thumb Code    62  stm32f10x_rcc.o(.text)
    RCC_HSEConfig                            0x0800099f   Thumb Code    48  stm32f10x_rcc.o(.text)
    RCC_GetFlagStatus                        0x080009cf   Thumb Code    42  stm32f10x_rcc.o(.text)
    RCC_WaitForHSEStartUp                    0x080009f9   Thumb Code    38  stm32f10x_rcc.o(.text)
    RCC_AdjustHSICalibrationValue            0x08000a1f   Thumb Code    16  stm32f10x_rcc.o(.text)
    RCC_HSICmd                               0x08000a2f   Thumb Code     6  stm32f10x_rcc.o(.text)
    RCC_PLLConfig                            0x08000a35   Thumb Code    16  stm32f10x_rcc.o(.text)
    RCC_PLLCmd                               0x08000a45   Thumb Code     6  stm32f10x_rcc.o(.text)
    RCC_PREDIV1Config                        0x08000a4b   Thumb Code    18  stm32f10x_rcc.o(.text)
    RCC_PREDIV2Config                        0x08000a5d   Thumb Code    14  stm32f10x_rcc.o(.text)
    RCC_PLL2Config                           0x08000a6b   Thumb Code    14  stm32f10x_rcc.o(.text)
    RCC_PLL2Cmd                              0x08000a79   Thumb Code     6  stm32f10x_rcc.o(.text)
    RCC_PLL3Config                           0x08000a7f   Thumb Code    14  stm32f10x_rcc.o(.text)
    RCC_PLL3Cmd                              0x08000a8d   Thumb Code     6  stm32f10x_rcc.o(.text)
    RCC_SYSCLKConfig                         0x08000a93   Thumb Code    14  stm32f10x_rcc.o(.text)
    RCC_GetSYSCLKSource                      0x08000aa1   Thumb Code    10  stm32f10x_rcc.o(.text)
    RCC_HCLKConfig                           0x08000aab   Thumb Code    14  stm32f10x_rcc.o(.text)
    RCC_PCLK1Config                          0x08000ab9   Thumb Code    14  stm32f10x_rcc.o(.text)
    RCC_PCLK2Config                          0x08000ac7   Thumb Code    16  stm32f10x_rcc.o(.text)
    RCC_ITConfig                             0x08000ad7   Thumb Code    18  stm32f10x_rcc.o(.text)
    RCC_OTGFSCLKConfig                       0x08000ae9   Thumb Code     6  stm32f10x_rcc.o(.text)
    RCC_ADCCLKConfig                         0x08000aef   Thumb Code    14  stm32f10x_rcc.o(.text)
    RCC_I2S2CLKConfig                        0x08000afd   Thumb Code     6  stm32f10x_rcc.o(.text)
    RCC_I2S3CLKConfig                        0x08000b03   Thumb Code     8  stm32f10x_rcc.o(.text)
    RCC_LSEConfig                            0x08000b0b   Thumb Code    26  stm32f10x_rcc.o(.text)
    RCC_LSICmd                               0x08000b25   Thumb Code     6  stm32f10x_rcc.o(.text)
    RCC_RTCCLKConfig                         0x08000b2b   Thumb Code    10  stm32f10x_rcc.o(.text)
    RCC_RTCCLKCmd                            0x08000b35   Thumb Code     8  stm32f10x_rcc.o(.text)
    RCC_GetClocksFreq                        0x08000b3d   Thumb Code   182  stm32f10x_rcc.o(.text)
    RCC_AHBPeriphClockCmd                    0x08000bf3   Thumb Code    18  stm32f10x_rcc.o(.text)
    RCC_APB2PeriphClockCmd                   0x08000c05   Thumb Code    18  stm32f10x_rcc.o(.text)
    RCC_APB1PeriphClockCmd                   0x08000c17   Thumb Code    18  stm32f10x_rcc.o(.text)
    RCC_AHBPeriphResetCmd                    0x08000c29   Thumb Code    18  stm32f10x_rcc.o(.text)
    RCC_APB2PeriphResetCmd                   0x08000c3b   Thumb Code    18  stm32f10x_rcc.o(.text)
    RCC_APB1PeriphResetCmd                   0x08000c4d   Thumb Code    18  stm32f10x_rcc.o(.text)
    RCC_BackupResetCmd                       0x08000c5f   Thumb Code     8  stm32f10x_rcc.o(.text)
    RCC_ClockSecuritySystemCmd               0x08000c67   Thumb Code     6  stm32f10x_rcc.o(.text)
    RCC_MCOConfig                            0x08000c6d   Thumb Code     6  stm32f10x_rcc.o(.text)
    RCC_ClearFlag                            0x08000c73   Thumb Code    12  stm32f10x_rcc.o(.text)
    RCC_GetITStatus                          0x08000c7f   Thumb Code    16  stm32f10x_rcc.o(.text)
    RCC_ClearITPendingBit                    0x08000c8f   Thumb Code     6  stm32f10x_rcc.o(.text)
    USART_DeInit                             0x08000cc9   Thumb Code    96  stm32f10x_usart.o(.text)
    USART_Init                               0x08000d29   Thumb Code   176  stm32f10x_usart.o(.text)
    USART_StructInit                         0x08000dd9   Thumb Code    22  stm32f10x_usart.o(.text)
    USART_ClockInit                          0x08000def   Thumb Code    30  stm32f10x_usart.o(.text)
    USART_ClockStructInit                    0x08000e0d   Thumb Code    12  stm32f10x_usart.o(.text)
    USART_Cmd                                0x08000e19   Thumb Code    20  stm32f10x_usart.o(.text)
    USART_ITConfig                           0x08000e2d   Thumb Code    48  stm32f10x_usart.o(.text)
    USART_DMACmd                             0x08000e5d   Thumb Code    16  stm32f10x_usart.o(.text)
    USART_SetAddress                         0x08000e6d   Thumb Code    16  stm32f10x_usart.o(.text)
    USART_WakeUpConfig                       0x08000e7d   Thumb Code    16  stm32f10x_usart.o(.text)
    USART_ReceiverWakeUpCmd                  0x08000e8d   Thumb Code    20  stm32f10x_usart.o(.text)
    USART_LINBreakDetectLengthConfig         0x08000ea1   Thumb Code    16  stm32f10x_usart.o(.text)
    USART_LINCmd                             0x08000eb1   Thumb Code    20  stm32f10x_usart.o(.text)
    USART_SendData                           0x08000ec5   Thumb Code     8  stm32f10x_usart.o(.text)
    USART_ReceiveData                        0x08000ecd   Thumb Code     8  stm32f10x_usart.o(.text)
    USART_SendBreak                          0x08000ed5   Thumb Code    10  stm32f10x_usart.o(.text)
    USART_SetGuardTime                       0x08000edf   Thumb Code    16  stm32f10x_usart.o(.text)
    USART_SetPrescaler                       0x08000eef   Thumb Code    16  stm32f10x_usart.o(.text)
    USART_SmartCardCmd                       0x08000eff   Thumb Code    20  stm32f10x_usart.o(.text)
    USART_SmartCardNACKCmd                   0x08000f13   Thumb Code    20  stm32f10x_usart.o(.text)
    USART_HalfDuplexCmd                      0x08000f27   Thumb Code    20  stm32f10x_usart.o(.text)
    USART_OverSampling8Cmd                   0x08000f3b   Thumb Code    20  stm32f10x_usart.o(.text)
    USART_OneBitMethodCmd                    0x08000f4f   Thumb Code    20  stm32f10x_usart.o(.text)
    USART_IrDAConfig                         0x08000f63   Thumb Code    16  stm32f10x_usart.o(.text)
    USART_IrDACmd                            0x08000f73   Thumb Code    20  stm32f10x_usart.o(.text)
    USART_GetFlagStatus                      0x08000f87   Thumb Code    14  stm32f10x_usart.o(.text)
    USART_ClearFlag                          0x08000f95   Thumb Code     6  stm32f10x_usart.o(.text)
    USART_GetITStatus                        0x08000f9b   Thumb Code    62  stm32f10x_usart.o(.text)
    USART_ClearITPendingBit                  0x08000fd9   Thumb Code    12  stm32f10x_usart.o(.text)
    SystemInit                               0x08000ff9   Thumb Code   274  system_stm32f10x_cl.o(.text)
    USART_Config                             0x08001135   Thumb Code   330  usart.o(.text)
    USART1_Puts                              0x0800127f   Thumb Code    40  usart.o(.text)
    USART2_Puts                              0x080012a7   Thumb Code    40  usart.o(.text)
    init_ethernet                            0x080012e1   Thumb Code   458  eth_stm32x.o(.text)
    int_enable_eth                           0x080014ab   Thumb Code    10  eth_stm32x.o(.text)
    int_disable_eth                          0x080014b5   Thumb Code    10  eth_stm32x.o(.text)
    send_frame                               0x080014bf   Thumb Code    76  eth_stm32x.o(.text)
    ETH_IRQHandler                           0x0800150b   Thumb Code   134  eth_stm32x.o(.text)
    GLCD_init                                0x08001775   Thumb Code   450  glcd.o(.text)
    GLCD_SetCursor                           0x08001937   Thumb Code     8  glcd.o(.text)
    GLCD_putPixel                            0x0800193f   Thumb Code    20  glcd.o(.text)
    GLCD_setTextColor                        0x08001953   Thumb Code     6  glcd.o(.text)
    GLCD_setBackColor                        0x08001959   Thumb Code     6  glcd.o(.text)
    GLCD_clear                               0x0800195f   Thumb Code    38  glcd.o(.text)
    GLCD_drawChar                            0x08001985   Thumb Code    76  glcd.o(.text)
    GLCD_displayChar                         0x080019d1   Thumb Code    18  glcd.o(.text)
    GLCD_displayStringLn                     0x080019e3   Thumb Code    40  glcd.o(.text)
    GLCD_clearLn                             0x08001a0b   Thumb Code     4  glcd.o(.text)
    GLCD_bitmap                              0x08001a0f   Thumb Code    50  glcd.o(.text)
    __aeabi_memcpy                           0x08001a89   Thumb Code    36  memcpya.o(.text)
    __aeabi_memcpy4                          0x08001a89   Thumb Code     0  memcpya.o(.text)
    __aeabi_memcpy8                          0x08001a89   Thumb Code     0  memcpya.o(.text)
    __aeabi_dmul                             0x08001aad   Thumb Code   224  dmul.o(.text)
    __aeabi_i2d                              0x08001b8d   Thumb Code    34  dflti.o(.text)
    __aeabi_d2uiz                            0x08001baf   Thumb Code    46  dfixui.o(.text)
    __aeabi_llsr                             0x08001bdd   Thumb Code    32  llushr.o(.text)
    _ll_ushift_r                             0x08001bdd   Thumb Code     0  llushr.o(.text)
    __I$use$fp                               0x08001bfd   Thumb Code     0  iusefp.o(.text)
    _double_round                            0x08001bfd   Thumb Code    26  depilogue.o(.text)
    _double_epilogue                         0x08001c17   Thumb Code   164  depilogue.o(.text)
    __scatterload                            0x08001cbd   Thumb Code    28  init.o(.text)
    __scatterload_rt2                        0x08001cbd   Thumb Code     0  init.o(.text)
    __aeabi_llsl                             0x08001ce1   Thumb Code    30  llshl.o(.text)
    _ll_shift_l                              0x08001ce1   Thumb Code     0  llshl.o(.text)
    __decompress                             0x08001cff   Thumb Code     0  __dclz77c.o(.text)
    __decompress2                            0x08001cff   Thumb Code    96  __dclz77c.o(.text)
    __scatterload_copy                       0x08001d5f   Thumb Code    14  handlers.o(i.__scatterload_copy)
    __scatterload_null                       0x08001d6d   Thumb Code     2  handlers.o(i.__scatterload_null)
    __scatterload_zeroinit                   0x08001d6f   Thumb Code    14  handlers.o(i.__scatterload_zeroinit)
    alloc_mem                                0x08001d7d   Thumb Code   180  at_mem.o(i.alloc_mem)
    arp_cache_add                            0x08001e39   Thumb Code   174  at_arp.o(i.arp_cache_add)
    arp_cache_early                          0x08001f85   Thumb Code   142  at_arp.o(i.arp_cache_early)
    arp_cache_find                           0x0800201d   Thumb Code   168  at_arp.o(i.arp_cache_find)
    arp_cache_update                         0x080020d1   Thumb Code   228  at_arp.o(i.arp_cache_update)
    arp_init                                 0x080021c5   Thumb Code    30  at_arp.o(i.arp_init)
    arp_notify                               0x0800221d   Thumb Code    20  at_arp.o(i.arp_notify)
    arp_process                              0x080022c1   Thumb Code   272  at_arp.o(i.arp_process)
    calc_chksum16be                          0x08002539   Thumb Code    18  at_lib.o(i.calc_chksum16be)
    chksum16_buf                             0x0800254d   Thumb Code    40  at_lib.o(i.chksum16_buf)
    chksum16_val                             0x08002575   Thumb Code    10  at_lib.o(i.chksum16_val)
    eth_chk_adr                              0x08002581   Thumb Code    10  at_ethernet.o(i.eth_chk_adr)
    eth_init_link                            0x08002591   Thumb Code    40  at_ethernet.o(i.eth_init_link)
    eth_run_link                             0x080025c5   Thumb Code   194  at_ethernet.o(i.eth_run_link)
    eth_send_frame                           0x08002699   Thumb Code   150  at_ethernet.o(i.eth_send_frame)
    free_mem                                 0x08002741   Thumb Code   124  at_mem.o(i.free_mem)
    get_rnd32                                0x080027ed   Thumb Code    18  at_system.o(i.get_rnd32)
    icmp_init                                0x08002809   Thumb Code    10  at_icmp.o(i.icmp_init)
    icmp_process                             0x08002819   Thumb Code   198  at_icmp.o(i.icmp_process)
    icmp_run_engine                          0x080028e5   Thumb Code    58  at_icmp.o(i.icmp_run_engine)
    ifree_mem                                0x0800299d   Thumb Code    48  at_mem.o(i.ifree_mem)
    ip_chk_frame                             0x080029d5   Thumb Code   190  at_ip.o(i.ip_chk_frame)
    ip_get_locadr                            0x08002aa9   Thumb Code   166  at_ip.o(i.ip_get_locadr)
    ip_init                                  0x08002b61   Thumb Code     8  at_ip.o(i.ip_init)
    ip_run_local                             0x08002b6d   Thumb Code    82  at_ip.o(i.ip_run_local)
    ip_send_frame                            0x08002bc9   Thumb Code   324  at_ip.o(i.ip_send_frame)
    is_subnet                                0x08002d15   Thumb Code    20  at_lib.o(i.is_subnet)
    mem_comp                                 0x08002d29   Thumb Code    22  at_lib.o(i.mem_comp)
    mem_copy                                 0x08002d3f   Thumb Code    22  at_lib.o(i.mem_copy)
    mem_crc32                                0x08002d55   Thumb Code    32  at_lib.o(i.mem_crc32)
    mem_set                                  0x08002d75   Thumb Code    10  at_lib.o(i.mem_set)
    mem_test                                 0x08002d7f   Thumb Code    18  at_lib.o(i.mem_test)
    nbns_init                                0x08002d91   Thumb Code    32  at_nbns.o(i.nbns_init)
    nrd_u32be                                0x08002f09   Thumb Code    22  at_lib.o(i.nrd_u32be)
    nwr_u32be                                0x08002f1f   Thumb Code    16  at_lib.o(i.nwr_u32be)
    put_in_queue                             0x08002f31   Thumb Code    36  at_ethernet.o(i.put_in_queue)
    resize_mem                               0x08002f59   Thumb Code    68  at_mem.o(i.resize_mem)
    str_up_case                              0x08002fa1   Thumb Code    26  at_lib.o(i.str_up_case)
    tcp_check_send                           0x08002fbd   Thumb Code    58  at_tcp.o(i.tcp_check_send)
    tcp_close                                0x08002ffd   Thumb Code   126  at_tcp.o(i.tcp_close)
    tcp_get_buf                              0x08003081   Thumb Code    16  at_tcp.o(i.tcp_get_buf)
    tcp_get_socket                           0x08003091   Thumb Code    68  at_tcp.o(i.tcp_get_socket)
    tcp_init                                 0x080030d9   Thumb Code    16  at_tcp.o(i.tcp_init)
    tcp_poll_sockets                         0x08003189   Thumb Code   526  at_tcp.o(i.tcp_poll_sockets)
    tcp_process                              0x080033a5   Thumb Code  1134  at_tcp.o(i.tcp_process)
    tcp_send                                 0x08003895   Thumb Code   264  at_tcp.o(i.tcp_send)
    udp_get_buf                              0x08003bd5   Thumb Code    16  at_udp.o(i.udp_get_buf)
    udp_get_socket                           0x08003be5   Thumb Code    62  at_udp.o(i.udp_get_socket)
    udp_init                                 0x08003c29   Thumb Code    18  at_udp.o(i.udp_init)
    udp_open                                 0x08003c41   Thumb Code    96  at_udp.o(i.udp_open)
    udp_process                              0x08003cd5   Thumb Code   178  at_udp.o(i.udp_process)
    udp_send                                 0x08003d8d   Thumb Code   280  at_udp.o(i.udp_send)
    VBEBLogo                                 0x08003ea8   Data        6650  http_demo.o(.constdata)
    sys_config                               0x080058a4   Data          16  net_config.o(.constdata)
    arp_config                               0x080058b4   Data          12  net_config.o(.constdata)
    udp_config                               0x080058c0   Data           8  net_config.o(.constdata)
    tcp_config                               0x080058c8   Data          20  net_config.o(.constdata)
    IP_Broadcast                             0x080058e2   Data           4  at_ip.o(.constdata)
    MAC_Broadcast                            0x080058f2   Data           6  at_ethernet.o(.constdata)
    Region$$Table$$Base                      0x080058f8   Number         0  anon$$obj.o(Region$$Table)
    Region$$Table$$Limit                     0x08005918   Number         0  anon$$obj.o(Region$$Table)
    tcp_soc                                  0x20000000   Data           1  http_demo.o(.data)
    soc_state                                0x20000001   Data           1  http_demo.o(.data)
    wait_ack                                 0x20000008   Data           4  http_demo.o(.data)
    rxBufferOverflow1                        0x2000000c   Data           1  usart_int.o(.data)
    rxBufferOverflow2                        0x2000000d   Data           1  usart_int.o(.data)
    ReceiveData1                             0x2000000e   Data           1  usart_int.o(.data)
    ReceiveData2                             0x2000000f   Data           1  usart_int.o(.data)
    rxIndex                                  0x20000010   Data           1  usart_int.o(.data)
    rxWriteIndex1                            0x20000012   Data           2  usart_int.o(.data)
    rxReadIndex1                             0x20000014   Data           2  usart_int.o(.data)
    rxCounter1                               0x20000016   Data           2  usart_int.o(.data)
    rxReadIndex2                             0x20000018   Data           2  usart_int.o(.data)
    rxCounter2                               0x2000001a   Data           2  usart_int.o(.data)
    lhost_name                               0x2000001c   Data          16  net_config.o(.data)
    own_hw_adr                               0x2000002c   Data           6  net_config.o(.data)
    SystemFrequency                          0x20000048   Data           4  system_stm32f10x_cl.o(.data)
    SystemFrequency_SysClk                   0x2000004c   Data           4  system_stm32f10x_cl.o(.data)
    SystemFrequency_AHBClk                   0x20000050   Data           4  system_stm32f10x_cl.o(.data)
    SystemFrequency_APB1Clk                  0x20000054   Data           4  system_stm32f10x_cl.o(.data)
    SystemFrequency_APB2Clk                  0x20000058   Data           4  system_stm32f10x_cl.o(.data)
    ASCII_Table                              0x20000062   Data        5376  glcd.o(.data)
    rxBuffer1                                0x20001588   Data          16  usart_int.o(.bss)
    rxBuffer2                                0x20001598   Data          16  usart_int.o(.bss)
    Buffer_Data                              0x200015a8   Data          12  usart_int.o(.bss)
    localm                                   0x20005cac   Data          60  at_system.o(.bss)
    sys_control                              0x20005ce8   Data          12  at_system.o(.bss)
    __initial_sp                             0x20005ef8   Data           0  startup_stm32f10x_cl.o(STACK)



==============================================================================

Memory Map of the image

  Image Entry point : 0x08000151

  Load Region LR_IROM1 (Base: 0x08000000, Size: 0x00006ea0, Max: 0x00040000, ABSOLUTE, COMPRESSED[0x000060d0])

    Execution Region ER_IROM1 (Base: 0x08000000, Size: 0x00005918, Max: 0x00040000, ABSOLUTE)

    Base Addr    Size         Type   Attr      Idx    E Section Name        Object

    0x08000000   0x00000150   Data   RO          179    RESET               startup_stm32f10x_cl.o
    0x08000150   0x00000000   Code   RO          610  * .ARM.Collect$$$$00000000  mc_w.l(entry.o)
    0x08000150   0x00000004   Code   RO          623    .ARM.Collect$$$$00000001  mc_w.l(entry2.o)
    0x08000154   0x00000004   Code   RO          626    .ARM.Collect$$$$00000004  mc_w.l(entry5.o)
    0x08000158   0x00000000   Code   RO          628    .ARM.Collect$$$$00000008  mc_w.l(entry7b.o)
    0x08000158   0x00000008   Code   RO          629    .ARM.Collect$$$$00000009  mc_w.l(entry8.o)
    0x08000160   0x00000004   Code   RO          624    .ARM.Collect$$$$00002712  mc_w.l(entry2.o)
    0x08000164   0x00000320   Code   RO            3    .text               http_demo.o
    0x08000484   0x00000158   Code   RO           91    .text               usart_int.o
    0x080005dc   0x0000004a   Code   RO          143    .text               net_config.o
    0x08000626   0x00000002   PAD
    0x08000628   0x0000001c   Code   RO          180    .text               startup_stm32f10x_cl.o
    0x08000644   0x000000b0   Code   RO          186    .text               misc.o
    0x080006f4   0x0000026c   Code   RO          206    .text               stm32f10x_gpio.o
    0x08000960   0x00000368   Code   RO          226    .text               stm32f10x_rcc.o
    0x08000cc8   0x00000330   Code   RO          248    .text               stm32f10x_usart.o
    0x08000ff8   0x0000013c   Code   RO          268    .text               system_stm32f10x_cl.o
    0x08001134   0x000001ac   Code   RO          301    .text               usart.o
    0x080012e0   0x000003c0   Code   RO          324    .text               eth_stm32x.o
    0x080016a0   0x000003e8   Code   RO          355    .text               glcd.o
    0x08001a88   0x00000024   Code   RO          613    .text               mc_w.l(memcpya.o)
    0x08001aac   0x000000e0   Code   RO          617    .text               mf_w.l(dmul.o)
    0x08001b8c   0x00000022   Code   RO          619    .text               mf_w.l(dflti.o)
    0x08001bae   0x0000002e   Code   RO          621    .text               mf_w.l(dfixui.o)
    0x08001bdc   0x00000020   Code   RO          630    .text               mc_w.l(llushr.o)
    0x08001bfc   0x00000000   Code   RO          632    .text               mc_w.l(iusefp.o)
    0x08001bfc   0x000000be   Code   RO          633    .text               mf_w.l(depilogue.o)
    0x08001cba   0x00000002   PAD
    0x08001cbc   0x00000024   Code   RO          635    .text               mc_w.l(init.o)
    0x08001ce0   0x0000001e   Code   RO          637    .text               mc_w.l(llshl.o)
    0x08001cfe   0x00000060   Code   RO          647    .text               mc_w.l(__dclz77c.o)
    0x08001d5e   0x0000000e   Code   RO          641    i.__scatterload_copy  mc_w.l(handlers.o)
    0x08001d6c   0x00000002   Code   RO          642    i.__scatterload_null  mc_w.l(handlers.o)
    0x08001d6e   0x0000000e   Code   RO          643    i.__scatterload_zeroinit  mc_w.l(handlers.o)
    0x08001d7c   0x000000bc   Code   RO          539    i.alloc_mem         TCP_CM3.lib(at_mem.o)
    0x08001e38   0x000000b8   Code   RO          380    i.arp_cache_add     TCP_CM3.lib(at_arp.o)
    0x08001ef0   0x00000094   Code   RO          381    i.arp_cache_alloc   TCP_CM3.lib(at_arp.o)
    0x08001f84   0x00000098   Code   RO          382    i.arp_cache_early   TCP_CM3.lib(at_arp.o)
    0x0800201c   0x000000b4   Code   RO          383    i.arp_cache_find    TCP_CM3.lib(at_arp.o)
    0x080020d0   0x000000f4   Code   RO          386    i.arp_cache_update  TCP_CM3.lib(at_arp.o)
    0x080021c4   0x00000024   Code   RO          389    i.arp_init          TCP_CM3.lib(at_arp.o)
    0x080021e8   0x00000034   Code   RO          390    i.arp_is_cacheable  TCP_CM3.lib(at_arp.o)
    0x0800221c   0x0000001c   Code   RO          391    i.arp_notify        TCP_CM3.lib(at_arp.o)
    0x08002238   0x00000088   Code   RO          393    i.arp_proc_response  TCP_CM3.lib(at_arp.o)
    0x080022c0   0x00000120   Code   RO          394    i.arp_process       TCP_CM3.lib(at_arp.o)
    0x080023e0   0x000000a0   Code   RO          395    i.arp_send_reply    TCP_CM3.lib(at_arp.o)
    0x08002480   0x000000b8   Code   RO          396    i.arp_send_request  TCP_CM3.lib(at_arp.o)
    0x08002538   0x00000012   Code   RO          553    i.calc_chksum16be   TCP_CM3.lib(at_lib.o)
    0x0800254a   0x00000002   PAD
    0x0800254c   0x00000028   Code   RO          554    i.chksum16_buf      TCP_CM3.lib(at_lib.o)
    0x08002574   0x0000000a   Code   RO          555    i.chksum16_val      TCP_CM3.lib(at_lib.o)
    0x0800257e   0x00000002   PAD
    0x08002580   0x00000010   Code   RO          525    i.eth_chk_adr       TCP_CM3.lib(at_ethernet.o)
    0x08002590   0x00000034   Code   RO          527    i.eth_init_link     TCP_CM3.lib(at_ethernet.o)
    0x080025c4   0x000000d4   Code   RO          528    i.eth_run_link      TCP_CM3.lib(at_ethernet.o)
    0x08002698   0x000000a8   Code   RO          529    i.eth_send_frame    TCP_CM3.lib(at_ethernet.o)
    0x08002740   0x00000084   Code   RO          540    i.free_mem          TCP_CM3.lib(at_mem.o)
    0x080027c4   0x00000028   Code   RO          557    i.get_crc32         TCP_CM3.lib(at_lib.o)
    0x080027ec   0x0000001c   Code   RO          601    i.get_rnd32         TCP_CM3.lib(at_system.o)
    0x08002808   0x00000010   Code   RO          430    i.icmp_init         TCP_CM3.lib(at_icmp.o)
    0x08002818   0x000000cc   Code   RO          432    i.icmp_process      TCP_CM3.lib(at_icmp.o)
    0x080028e4   0x00000048   Code   RO          433    i.icmp_run_engine   TCP_CM3.lib(at_icmp.o)
    0x0800292c   0x00000070   Code   RO          434    i.icmp_send_message  TCP_CM3.lib(at_icmp.o)
    0x0800299c   0x00000038   Code   RO          541    i.ifree_mem         TCP_CM3.lib(at_mem.o)
    0x080029d4   0x000000c8   Code   RO          416    i.ip_chk_frame      TCP_CM3.lib(at_ip.o)
    0x08002a9c   0x0000000a   Code   RO          417    i.ip_get_chksum     TCP_CM3.lib(at_ip.o)
    0x08002aa6   0x00000002   PAD
    0x08002aa8   0x000000b8   Code   RO          418    i.ip_get_locadr     TCP_CM3.lib(at_ip.o)
    0x08002b60   0x0000000c   Code   RO          419    i.ip_init           TCP_CM3.lib(at_ip.o)
    0x08002b6c   0x0000005c   Code   RO          420    i.ip_run_local      TCP_CM3.lib(at_ip.o)
    0x08002bc8   0x0000014c   Code   RO          421    i.ip_send_frame     TCP_CM3.lib(at_ip.o)
    0x08002d14   0x00000014   Code   RO          558    i.is_subnet         TCP_CM3.lib(at_lib.o)
    0x08002d28   0x00000016   Code   RO          559    i.mem_comp          TCP_CM3.lib(at_lib.o)
    0x08002d3e   0x00000016   Code   RO          560    i.mem_copy          TCP_CM3.lib(at_lib.o)
    0x08002d54   0x00000020   Code   RO          561    i.mem_crc32         TCP_CM3.lib(at_lib.o)
    0x08002d74   0x0000000a   Code   RO          563    i.mem_set           TCP_CM3.lib(at_lib.o)
    0x08002d7e   0x00000012   Code   RO          564    i.mem_test          TCP_CM3.lib(at_lib.o)
    0x08002d90   0x00000028   Code   RO          519    i.nbns_init         TCP_CM3.lib(at_nbns.o)
    0x08002db8   0x00000150   Code   RO          520    i.nbns_listener     TCP_CM3.lib(at_nbns.o)
    0x08002f08   0x00000016   Code   RO          566    i.nrd_u32be         TCP_CM3.lib(at_lib.o)
    0x08002f1e   0x00000010   Code   RO          568    i.nwr_u32be         TCP_CM3.lib(at_lib.o)
    0x08002f2e   0x00000002   PAD
    0x08002f30   0x00000028   Code   RO          530    i.put_in_queue      TCP_CM3.lib(at_ethernet.o)
    0x08002f58   0x00000048   Code   RO          543    i.resize_mem        TCP_CM3.lib(at_mem.o)
    0x08002fa0   0x0000001a   Code   RO          574    i.str_up_case       TCP_CM3.lib(at_lib.o)
    0x08002fba   0x00000002   PAD
    0x08002fbc   0x00000040   Code   RO          442    i.tcp_check_send    TCP_CM3.lib(at_tcp.o)
    0x08002ffc   0x00000084   Code   RO          443    i.tcp_close         TCP_CM3.lib(at_tcp.o)
    0x08003080   0x00000010   Code   RO          446    i.tcp_get_buf       TCP_CM3.lib(at_tcp.o)
    0x08003090   0x00000048   Code   RO          448    i.tcp_get_socket    TCP_CM3.lib(at_tcp.o)
    0x080030d8   0x00000014   Code   RO          450    i.tcp_init          TCP_CM3.lib(at_tcp.o)
    0x080030ec   0x0000009c   Code   RO          453    i.tcp_map_socket    TCP_CM3.lib(at_tcp.o)
    0x08003188   0x0000021c   Code   RO          455    i.tcp_poll_sockets  TCP_CM3.lib(at_tcp.o)
    0x080033a4   0x0000046e   Code   RO          456    i.tcp_process       TCP_CM3.lib(at_tcp.o)
    0x08003812   0x00000002   PAD
    0x08003814   0x00000080   Code   RO          457    i.tcp_process_opt   TCP_CM3.lib(at_tcp.o)
    0x08003894   0x0000010c   Code   RO          461    i.tcp_send          TCP_CM3.lib(at_tcp.o)
    0x080039a0   0x00000022   Code   RO          462    i.tcp_send_ctrl     TCP_CM3.lib(at_tcp.o)
    0x080039c2   0x00000002   PAD
    0x080039c4   0x0000010c   Code   RO          463    i.tcp_send_frame    TCP_CM3.lib(at_tcp.o)
    0x08003ad0   0x00000080   Code   RO          464    i.tcp_send_reset    TCP_CM3.lib(at_tcp.o)
    0x08003b50   0x00000012   Code   RO          465    i.tcp_set_retransmit  TCP_CM3.lib(at_tcp.o)
    0x08003b62   0x00000002   PAD
    0x08003b64   0x00000070   Code   RO          466    i.tcp_transit       TCP_CM3.lib(at_tcp.o)
    0x08003bd4   0x00000010   Code   RO          496    i.udp_get_buf       TCP_CM3.lib(at_udp.o)
    0x08003be4   0x00000044   Code   RO          497    i.udp_get_socket    TCP_CM3.lib(at_udp.o)
    0x08003c28   0x00000018   Code   RO          498    i.udp_init          TCP_CM3.lib(at_udp.o)
    0x08003c40   0x00000068   Code   RO          501    i.udp_open          TCP_CM3.lib(at_udp.o)
    0x08003ca8   0x0000002c   Code   RO          502    i.udp_port_in_use   TCP_CM3.lib(at_udp.o)
    0x08003cd4   0x000000b8   Code   RO          503    i.udp_process       TCP_CM3.lib(at_udp.o)
    0x08003d8c   0x0000011c   Code   RO          505    i.udp_send          TCP_CM3.lib(at_udp.o)
    0x08003ea8   0x000019fa   Data   RO            5    .constdata          http_demo.o
    0x080058a2   0x00000002   PAD
    0x080058a4   0x00000010   Data   RO          149    .constdata          net_config.o
    0x080058b4   0x0000000c   Data   RO          150    .constdata          net_config.o
    0x080058c0   0x00000008   Data   RO          151    .constdata          net_config.o
    0x080058c8   0x00000014   Data   RO          152    .constdata          net_config.o
    0x080058dc   0x00000006   Data   RO          397    .constdata          TCP_CM3.lib(at_arp.o)
    0x080058e2   0x00000008   Data   RO          422    .constdata          TCP_CM3.lib(at_ip.o)
    0x080058ea   0x00000008   Data   RO          521    .constdata          TCP_CM3.lib(at_nbns.o)
    0x080058f2   0x00000006   Data   RO          532    .constdata          TCP_CM3.lib(at_ethernet.o)
    0x080058f8   0x00000020   Data   RO          639    Region$$Table       anon$$obj.o


    Execution Region RW_IRAM1 (Base: 0x20000000, Size: 0x00005ef8, Max: 0x00010000, ABSOLUTE, COMPRESSED[0x000007b8])

    Base Addr    Size         Type   Attr      Idx    E Section Name        Object

    0x20000000   0x0000000c   Data   RW            6    .data               http_demo.o
    0x2000000c   0x00000010   Data   RW           99    .data               usart_int.o
    0x2000001c   0x00000010   Data   RW          153    .data               net_config.o
    0x2000002c   0x00000006   Data   RW          154    .data               net_config.o
    0x20000032   0x00000014   Data   RW          227    .data               stm32f10x_rcc.o
    0x20000046   0x00000002   PAD
    0x20000048   0x00000014   Data   RW          269    .data               system_stm32f10x_cl.o
    0x2000005c   0x00000002   Data   RW          326    .data               eth_stm32x.o
    0x2000005e   0x00001504   Data   RW          356    .data               glcd.o
    0x20001562   0x00000002   PAD
    0x20001564   0x00000008   Data   RW          398    .data               TCP_CM3.lib(at_arp.o)
    0x2000156c   0x0000000c   Data   RW          423    .data               TCP_CM3.lib(at_ip.o)
    0x20001578   0x00000004   Data   RW          467    .data               TCP_CM3.lib(at_tcp.o)
    0x2000157c   0x00000002   Data   RW          506    .data               TCP_CM3.lib(at_udp.o)
    0x2000157e   0x00000001   Data   RW          522    .data               TCP_CM3.lib(at_nbns.o)
    0x2000157f   0x00000001   PAD
    0x20001580   0x00000008   Data   RW          544    .data               TCP_CM3.lib(at_mem.o)
    0x20001588   0x0000002c   Zero   RW           94    .bss                usart_int.o
    0x200015b4   0x00002000   Zero   RW          144    .bss                net_config.o
    0x200035b4   0x0000008c   Zero   RW          145    .bss                net_config.o
    0x20003640   0x00000018   Zero   RW          146    .bss                net_config.o
    0x20003658   0x00000160   Zero   RW          147    .bss                net_config.o
    0x200037b8   0x00002460   Zero   RW          325    .bss                eth_stm32x.o
    0x20005c18   0x00000010   Zero   RW          435    .bss                TCP_CM3.lib(at_icmp.o)
    0x20005c28   0x00000084   Zero   RW          531    .bss                TCP_CM3.lib(at_ethernet.o)
    0x20005cac   0x00000048   Zero   RW          605    .bss                TCP_CM3.lib(at_system.o)
    0x20005cf4   0x00000004   PAD
    0x20005cf8   0x00000200   Zero   RW          177    STACK               startup_stm32f10x_cl.o


==============================================================================

Image component sizes


      Code (inc. data)   RO Data    RW Data    ZI Data      Debug   Object Name

       960        132          0          2       9312       9254   eth_stm32x.o
      1000         48          0       5380          0       5457   glcd.o
       800        324       6650         12          0      13930   http_demo.o
       176         18          0          0          0       1949   misc.o
        74          0         56         22       8708      15479   net_config.o
        28          4        336          0        512        764   startup_stm32f10x_cl.o
       620         40          0          0          0       5865   stm32f10x_gpio.o
       872         52          0         20          0      11466   stm32f10x_rcc.o
       816         20          0          0          0       8828   stm32f10x_usart.o
       316         42          0         20          0       1349   system_stm32f10x_cl.o
       428         18          0          0          0       1255   usart.o
       344         16          0         16         44     252795   usart_int.o

    ----------------------------------------------------------------------
      6436        714       7076       5476      18576     328391   Object Totals
         0          0         32          0          0          0   (incl. Generated)
         2          0          2          4          0          0   (incl. Padding)

    ----------------------------------------------------------------------

      Code (inc. data)   RO Data    RW Data    ZI Data      Debug   Library Member Name

      1792        118          6          8          0       1044   at_arp.o
       488         58          6          0        132        404   at_ethernet.o
       404         30          0          0         16        308   at_icmp.o
       830         56          8         12          0        520   at_ip.o
       296          4          0          0          0        928   at_lib.o
       448         28          0          8          0        376   at_mem.o
       376         26          8          1          0        184   at_nbns.o
        28         10          0          0         72         68   at_system.o
      3090        114          0          4          0       1328   at_tcp.o
       724         34          0          2          0        556   at_udp.o
        96          0          0          0          0          0   __dclz77c.o
         0          0          0          0          0          0   entry.o
         8          4          0          0          0          0   entry2.o
         4          0          0          0          0          0   entry5.o
         0          0          0          0          0          0   entry7b.o
         8          4          0          0          0          0   entry8.o
        30          0          0          0          0          0   handlers.o
        36          8          0          0          0         68   init.o
         0          0          0          0          0          0   iusefp.o
        30          0          0          0          0         68   llshl.o
        32          0          0          0          0         68   llushr.o
        36          0          0          0          0         68   memcpya.o
       190          0          0          0          0        176   depilogue.o
        46          0          0          0          0         68   dfixui.o
        34          0          0          0          0         76   dflti.o
       224          0          0          0          0         96   dmul.o

    ----------------------------------------------------------------------
      9268        494         28         36        224       6404   Library Totals
        18          0          0          1          4          0   (incl. Padding)

    ----------------------------------------------------------------------

      Code (inc. data)   RO Data    RW Data    ZI Data      Debug   Library Name

      8476        478         28         35        220       5716   TCP_CM3.lib
       280         16          0          0          0        272   mc_w.l
       494          0          0          0          0        416   mf_w.l

    ----------------------------------------------------------------------
      9268        494         28         36        224       6404   Library Totals

    ----------------------------------------------------------------------

==============================================================================


      Code (inc. data)   RO Data    RW Data    ZI Data      Debug   

     15704       1208       7104       5512      18800     329387   Grand Totals
     15704       1208       7104       1976      18800     329387   ELF Image Totals (compressed)
     15704       1208       7104       1976          0          0   ROM Totals

==============================================================================

    Total RO  Size (Code + RO Data)                22808 (  22.27kB)
    Total RW  Size (RW Data + ZI Data)             24312 (  23.74kB)
    Total ROM Size (Code + RO Data + RW Data)      24784 (  24.20kB)

==============================================================================

