<html>
<body>
<pre>
<h1>µVision Build Log</h1>
<h2>Project:</h2>
C:\Users\mui-pc\Desktop\VBEB\VBEBProject\Library management\SourceCode\Version_1_2\Http_demo\Http_demo.uvproj
Project File Date:  09/17/2012

<h2>Output:</h2>
Rebuild target 'STM3210C'
compiling HTTP_demo.c...
logo_RGB565.h(320): warning:  #1-D: last line of file ends without a newline
HTTP_demo.c(165): warning:  #223-D: function "LED_out" declared implicitly
HTTP_demo.c(181): warning:  #177-D: variable "i" was declared but never referenced
HTTP_demo.c(298): warning:  #550-D: variable "bcount" was set but never used
HTTP_demo.c(300): warning:  #177-D: variable "max" was declared but never referenced
HTTP_demo.c(302): warning:  #177-D: variable "Blank" was declared but never referenced
HTTP_demo.c(155): warning:  #177-D: function "blink_led" was declared but never referenced
compiling usart_int.c...
App\usart_int.c(190): warning:  #177-D: variable "j" was declared but never referenced
compiling Net_Config.c...
assembling startup_stm32f10x_cl.s...
compiling misc.c...
compiling stm32f10x_gpio.c...
compiling stm32f10x_rcc.c...
compiling stm32f10x_usart.c...
compiling system_stm32f10x_cl.c...
compiling usart.c...
compiling ETH_STM32x.c...
compiling GLCD.c...
linking...
Program Size: Code=16512 RO-data=7164 RW-data=5516 ZI-data=18812  
FromELF: creating hex file...
".\Obj\Http_demo.axf" - 0 Error(s), 8 Warning(s).
Load "C:\\Users\\mui-pc\\Desktop\\VBEB\\VBEBProject\\Library management\\SourceCode\\Version_1_2\\Http_demo\\Obj\\Http_demo.AXF" 
Load "C:\\Users\\mui-pc\\Desktop\\VBEB\\VBEBProject\\Library management\\SourceCode\\Version_1_2\\Http_demo\\Obj\\Http_demo.AXF" 
Load "C:\\Users\\mui-pc\\Desktop\\VBEB\\VBEBProject\\Library management\\SourceCode\\Version_1_2\\Http_demo\\Obj\\Http_demo.AXF" 
* JLink Info: Device "STM32F107VC" selected (256 KB flash, 20 KB RAM).
Set JLink Project File to "C:\Users\mui-pc\Desktop\VBEB\VBEBProject\Library management\SourceCode\Version_1_2\Http_demo\JLinkSettings.ini"
 
JLink info:
------------
DLL: V4.50j, compiled Jun 26 2012 09:19:07
Firmware: J-Link ARM V8 compiled Dec  1 2015 11:42:48
Hardware: V8.00
S/N : 20080643 
Feature(s) : RDI,FlashDL,FlashBP,JFlash,GDBFull 
 
* JLink Info: Found SWD-DP with ID 0x1BA01477
* JLink Info: Found SWD-DP with ID 0x1BA01477
* JLink Info: TPIU fitted.
* JLink Info: ETM fitted.
* JLink Info: FPUnit: 6 code (BP) slots and 2 literal slots
* JLink Info: Found Cortex-M3 r1p1, Little endian.
ROMTableAddr = 0xE00FF003
 
Target info:
------------
Device: STM32F107VC
VTarget = 3.287V
State of Pins: 
TCK: 0, TDI: 1, TDO: 0, TMS: 0, TRES: 1, TRST: 1
Hardware-Breakpoints: 6
Software-Breakpoints: 8192
Watchpoints:          4
JTAG speed: 4000 kHz
 
Erase Done.
Programming Done.
Verify OK.
Application running ...
Rebuild target 'STM3210C'
compiling HTTP_demo.c...
logo_RGB565.h(320): warning:  #1-D: last line of file ends without a newline
HTTP_demo.c(165): warning:  #223-D: function "LED_out" declared implicitly
HTTP_demo.c(181): warning:  #177-D: variable "i" was declared but never referenced
HTTP_demo.c(298): warning:  #550-D: variable "bcount" was set but never used
HTTP_demo.c(300): warning:  #177-D: variable "max" was declared but never referenced
HTTP_demo.c(302): warning:  #177-D: variable "Blank" was declared but never referenced
HTTP_demo.c(155): warning:  #177-D: function "blink_led" was declared but never referenced
compiling usart_int.c...
App\usart_int.c(190): warning:  #177-D: variable "j" was declared but never referenced
compiling Net_Config.c...
assembling startup_stm32f10x_cl.s...
compiling misc.c...
compiling stm32f10x_gpio.c...
compiling stm32f10x_rcc.c...
compiling stm32f10x_usart.c...
compiling system_stm32f10x_cl.c...
compiling usart.c...
compiling ETH_STM32x.c...
compiling GLCD.c...
linking...
Program Size: Code=16488 RO-data=7164 RW-data=5516 ZI-data=18812  
FromELF: creating hex file...
".\Obj\Http_demo.axf" - 0 Error(s), 8 Warning(s).
Rebuild target 'STM3210C'
compiling HTTP_demo.c...
logo_RGB565.h(320): warning:  #1-D: last line of file ends without a newline
HTTP_demo.c(165): warning:  #223-D: function "LED_out" declared implicitly
HTTP_demo.c(181): warning:  #177-D: variable "i" was declared but never referenced
HTTP_demo.c(298): warning:  #550-D: variable "bcount" was set but never used
HTTP_demo.c(300): warning:  #177-D: variable "max" was declared but never referenced
HTTP_demo.c(302): warning:  #177-D: variable "Blank" was declared but never referenced
HTTP_demo.c(155): warning:  #177-D: function "blink_led" was declared but never referenced
compiling usart_int.c...
App\usart_int.c(190): warning:  #177-D: variable "j" was declared but never referenced
compiling Net_Config.c...
assembling startup_stm32f10x_cl.s...
compiling misc.c...
compiling stm32f10x_gpio.c...
compiling stm32f10x_rcc.c...
compiling stm32f10x_usart.c...
compiling system_stm32f10x_cl.c...
compiling usart.c...
compiling ETH_STM32x.c...
compiling GLCD.c...
linking...
Program Size: Code=16488 RO-data=7164 RW-data=5516 ZI-data=18812  
FromELF: creating hex file...
".\Obj\Http_demo.axf" - 0 Error(s), 8 Warning(s).
Load "C:\\Users\\mui-pc\\Desktop\\VBEB\\VBEBProject\\Library management\\SourceCode\\Version_1_2\\Http_demo\\Obj\\Http_demo.AXF" 
* JLink Info: Device "STM32F107VC" selected (256 KB flash, 20 KB RAM).
Set JLink Project File to "C:\Users\mui-pc\Desktop\VBEB\VBEBProject\Library management\SourceCode\Version_1_2\Http_demo\JLinkSettings.ini"
 
JLink info:
------------
DLL: V4.50j, compiled Jun 26 2012 09:19:07
Firmware: J-Link ARM V8 compiled Dec  1 2015 11:42:48
Hardware: V8.00
S/N : 20080643 
Feature(s) : RDI,FlashDL,FlashBP,JFlash,GDBFull 
 
* JLink Info: Found SWD-DP with ID 0x1BA01477
* JLink Info: Found SWD-DP with ID 0x1BA01477
* JLink Info: TPIU fitted.
* JLink Info: ETM fitted.
* JLink Info: FPUnit: 6 code (BP) slots and 2 literal slots
* JLink Info: Found Cortex-M3 r1p1, Little endian.
ROMTableAddr = 0xE00FF003
 
Target info:
------------
Device: STM32F107VC
VTarget = 3.280V
State of Pins: 
TCK: 0, TDI: 1, TDO: 0, TMS: 0, TRES: 1, TRST: 1
Hardware-Breakpoints: 6
Software-Breakpoints: 8192
Watchpoints:          4
JTAG speed: 4000 kHz
 
Erase Done.
Programming Done.
Verify OK.
Application running ...
