<html>
<body>
<pre>
<h1>µVision Build Log</h1>
<h2>Project:</h2>
C:\Users\mui-pc\Desktop\VBEB\VBEBProject\Library management\SourceCode\Version_1_2\Http_demo\Http_demo.uvproj
Project File Date:  09/17/2012

<h2>Output:</h2>
Rebuild target 'STM3210C'
compiling HTTP_demo.c...
logo_RGB565.h(320): warning:  #1-D: last line of file ends without a newline
HTTP_demo.c(44): warning:  #1295-D: Deprecated declaration send_datalog - give arg types
HTTP_demo.c(305): warning:  #177-D: variable "i" was declared but never referenced
HTTP_demo.c(341): warning:  #550-D: variable "bcount" was set but never used
HTTP_demo.c(343): warning:  #177-D: variable "max" was declared but never referenced
HTTP_demo.c(242): warning:  #177-D: function "dhcp_check" was declared but never referenced
HTTP_demo.c(279): warning:  #177-D: function "blink_led" was declared but never referenced
compiling usart_int.c...
compiling Net_Config.c...
assembling startup_stm32f10x_cl.s...
compiling misc.c...
compiling stm32f10x_gpio.c...
compiling stm32f10x_rcc.c...
compiling stm32f10x_usart.c...
compiling system_stm32f10x_cl.c...
compiling usart.c...
compiling ETH_STM32x.c...
compiling GLCD.c...
linking...
Program Size: Code=16332 RO-data=7164 RW-data=5520 ZI-data=18800  
FromELF: creating hex file...
".\Obj\Http_demo.axf" - 0 Error(s), 7 Warning(s).
Rebuild target 'STM3210C'
compiling HTTP_demo.c...
logo_RGB565.h(320): warning:  #1-D: last line of file ends without a newline
HTTP_demo.c(181): warning:  #223-D: function "LED_out" declared implicitly
HTTP_demo.c(197): warning:  #177-D: variable "i" was declared but never referenced
HTTP_demo.c(233): warning:  #550-D: variable "bcount" was set but never used
HTTP_demo.c(235): warning:  #177-D: variable "max" was declared but never referenced
HTTP_demo.c(311): error:  #247: function "init_display" has already been defined
HTTP_demo.c(171): warning:  #177-D: function "blink_led" was declared but never referenced
compiling usart_int.c...
compiling Net_Config.c...
assembling startup_stm32f10x_cl.s...
compiling misc.c...
compiling stm32f10x_gpio.c...
compiling stm32f10x_rcc.c...
compiling stm32f10x_usart.c...
compiling system_stm32f10x_cl.c...
compiling usart.c...
compiling ETH_STM32x.c...
compiling GLCD.c...
Target not created
Rebuild target 'STM3210C'
compiling HTTP_demo.c...
logo_RGB565.h(320): warning:  #1-D: last line of file ends without a newline
HTTP_demo.c(181): warning:  #223-D: function "LED_out" declared implicitly
HTTP_demo.c(197): warning:  #177-D: variable "i" was declared but never referenced
HTTP_demo.c(233): warning:  #550-D: variable "bcount" was set but never used
HTTP_demo.c(235): warning:  #177-D: variable "max" was declared but never referenced
HTTP_demo.c(311): error:  #247: function "init_display" has already been defined
HTTP_demo.c(171): warning:  #177-D: function "blink_led" was declared but never referenced
compiling usart_int.c...
compiling Net_Config.c...
assembling startup_stm32f10x_cl.s...
compiling misc.c...
compiling stm32f10x_gpio.c...
compiling stm32f10x_rcc.c...
compiling stm32f10x_usart.c...
compiling system_stm32f10x_cl.c...
compiling usart.c...
compiling ETH_STM32x.c...
compiling GLCD.c...
Target not created
Rebuild target 'STM3210C'
compiling HTTP_demo.c...
logo_RGB565.h(320): warning:  #1-D: last line of file ends without a newline
HTTP_demo.c(157): warning:  #223-D: function "LED_out" declared implicitly
HTTP_demo.c(173): warning:  #177-D: variable "i" was declared but never referenced
HTTP_demo.c(209): warning:  #550-D: variable "bcount" was set but never used
HTTP_demo.c(211): warning:  #177-D: variable "max" was declared but never referenced
HTTP_demo.c(147): warning:  #177-D: function "blink_led" was declared but never referenced
compiling usart_int.c...
compiling Net_Config.c...
assembling startup_stm32f10x_cl.s...
compiling misc.c...
compiling stm32f10x_gpio.c...
compiling stm32f10x_rcc.c...
compiling stm32f10x_usart.c...
compiling system_stm32f10x_cl.c...
compiling usart.c...
compiling ETH_STM32x.c...
compiling GLCD.c...
linking...
Program Size: Code=16104 RO-data=7164 RW-data=5520 ZI-data=18800  
FromELF: creating hex file...
".\Obj\Http_demo.axf" - 0 Error(s), 6 Warning(s).
Load "C:\\Users\\mui-pc\\Desktop\\VBEB\\VBEBProject\\Library management\\SourceCode\\Version_1_2\\Http_demo\\Obj\\Http_demo.AXF" 
* JLink Info: Device "STM32F107VC" selected (256 KB flash, 20 KB RAM).
Set JLink Project File to "C:\Users\mui-pc\Desktop\VBEB\VBEBProject\Library management\SourceCode\Version_1_2\Http_demo\JLinkSettings.ini"
 
JLink info:
------------
DLL: V4.50j, compiled Jun 26 2012 09:19:07
Firmware: J-Link ARM V8 compiled Dec  1 2015 11:42:48
Hardware: V8.00
S/N : 20080643 
Feature(s) : RDI,FlashDL,FlashBP,JFlash,GDBFull 
 
* JLink Info: Found SWD-DP with ID 0x1BA01477
* JLink Info: Found SWD-DP with ID 0x1BA01477
* JLink Info: TPIU fitted.
* JLink Info: ETM fitted.
* JLink Info: FPUnit: 6 code (BP) slots and 2 literal slots
* JLink Info: Found Cortex-M3 r1p1, Little endian.
ROMTableAddr = 0xE00FF003
 
Target info:
------------
Device: STM32F107VC
VTarget = 3.287V
State of Pins: 
TCK: 0, TDI: 1, TDO: 0, TMS: 0, TRES: 1, TRST: 1
Hardware-Breakpoints: 6
Software-Breakpoints: 8192
Watchpoints:          4
JTAG speed: 4000 kHz
 
Erase Done.
Programming Done.
Verify OK.
Application running ...
Rebuild target 'STM3210C'
compiling HTTP_demo.c...
logo_RGB565.h(320): warning:  #1-D: last line of file ends without a newline
HTTP_demo.c(157): warning:  #223-D: function "LED_out" declared implicitly
HTTP_demo.c(173): warning:  #177-D: variable "i" was declared but never referenced
HTTP_demo.c(209): warning:  #550-D: variable "bcount" was set but never used
HTTP_demo.c(211): warning:  #177-D: variable "max" was declared but never referenced
HTTP_demo.c(147): warning:  #177-D: function "blink_led" was declared but never referenced
compiling usart_int.c...
compiling Net_Config.c...
assembling startup_stm32f10x_cl.s...
compiling misc.c...
compiling stm32f10x_gpio.c...
compiling stm32f10x_rcc.c...
compiling stm32f10x_usart.c...
compiling system_stm32f10x_cl.c...
compiling usart.c...
compiling ETH_STM32x.c...
compiling GLCD.c...
linking...
Program Size: Code=16124 RO-data=7164 RW-data=5520 ZI-data=18800  
FromELF: creating hex file...
".\Obj\Http_demo.axf" - 0 Error(s), 6 Warning(s).
Load "C:\\Users\\mui-pc\\Desktop\\VBEB\\VBEBProject\\Library management\\SourceCode\\Version_1_2\\Http_demo\\Obj\\Http_demo.AXF" 
* JLink Info: Device "STM32F107VC" selected (256 KB flash, 20 KB RAM).
Set JLink Project File to "C:\Users\mui-pc\Desktop\VBEB\VBEBProject\Library management\SourceCode\Version_1_2\Http_demo\JLinkSettings.ini"
 
JLink info:
------------
DLL: V4.50j, compiled Jun 26 2012 09:19:07
Firmware: J-Link ARM V8 compiled Dec  1 2015 11:42:48
Hardware: V8.00
S/N : 20080643 
Feature(s) : RDI,FlashDL,FlashBP,JFlash,GDBFull 
 
* JLink Info: Found SWD-DP with ID 0x1BA01477
* JLink Info: Found SWD-DP with ID 0x1BA01477
* JLink Info: TPIU fitted.
* JLink Info: ETM fitted.
* JLink Info: FPUnit: 6 code (BP) slots and 2 literal slots
* JLink Info: Found Cortex-M3 r1p1, Little endian.
ROMTableAddr = 0xE00FF003
 
Target info:
------------
Device: STM32F107VC
VTarget = 3.287V
State of Pins: 
TCK: 0, TDI: 1, TDO: 0, TMS: 0, TRES: 1, TRST: 1
Hardware-Breakpoints: 6
Software-Breakpoints: 8192
Watchpoints:          4
JTAG speed: 4000 kHz
 
Erase Done.
Programming Done.
Verify OK.
Application running ...
Rebuild target 'STM3210C'
compiling HTTP_demo.c...
logo_RGB565.h(320): warning:  #1-D: last line of file ends without a newline
HTTP_demo.c(157): warning:  #223-D: function "LED_out" declared implicitly
HTTP_demo.c(173): warning:  #177-D: variable "i" was declared but never referenced
HTTP_demo.c(209): warning:  #550-D: variable "bcount" was set but never used
HTTP_demo.c(211): warning:  #177-D: variable "max" was declared but never referenced
HTTP_demo.c(147): warning:  #177-D: function "blink_led" was declared but never referenced
compiling usart_int.c...
compiling Net_Config.c...
assembling startup_stm32f10x_cl.s...
compiling misc.c...
compiling stm32f10x_gpio.c...
compiling stm32f10x_rcc.c...
compiling stm32f10x_usart.c...
compiling system_stm32f10x_cl.c...
compiling usart.c...
compiling ETH_STM32x.c...
compiling GLCD.c...
linking...
Program Size: Code=16136 RO-data=7164 RW-data=5520 ZI-data=18800  
FromELF: creating hex file...
".\Obj\Http_demo.axf" - 0 Error(s), 6 Warning(s).
Load "C:\\Users\\mui-pc\\Desktop\\VBEB\\VBEBProject\\Library management\\SourceCode\\Version_1_2\\Http_demo\\Obj\\Http_demo.AXF" 
* JLink Info: Device "STM32F107VC" selected (256 KB flash, 20 KB RAM).
Set JLink Project File to "C:\Users\mui-pc\Desktop\VBEB\VBEBProject\Library management\SourceCode\Version_1_2\Http_demo\JLinkSettings.ini"
 
JLink info:
------------
DLL: V4.50j, compiled Jun 26 2012 09:19:07
Firmware: J-Link ARM V8 compiled Dec  1 2015 11:42:48
Hardware: V8.00
S/N : 20080643 
Feature(s) : RDI,FlashDL,FlashBP,JFlash,GDBFull 
 
* JLink Info: Found SWD-DP with ID 0x1BA01477
* JLink Info: Found SWD-DP with ID 0x1BA01477
* JLink Info: TPIU fitted.
* JLink Info: ETM fitted.
* JLink Info: FPUnit: 6 code (BP) slots and 2 literal slots
* JLink Info: Found Cortex-M3 r1p1, Little endian.
ROMTableAddr = 0xE00FF003
 
Target info:
------------
Device: STM32F107VC
VTarget = 3.287V
State of Pins: 
TCK: 0, TDI: 1, TDO: 0, TMS: 0, TRES: 1, TRST: 1
Hardware-Breakpoints: 6
Software-Breakpoints: 8192
Watchpoints:          4
JTAG speed: 4000 kHz
 
Erase Done.
Programming Done.
Verify OK.
Application running ...
Rebuild target 'STM3210C'
compiling HTTP_demo.c...
logo_RGB565.h(320): warning:  #1-D: last line of file ends without a newline
HTTP_demo.c(157): warning:  #223-D: function "LED_out" declared implicitly
HTTP_demo.c(173): warning:  #177-D: variable "i" was declared but never referenced
HTTP_demo.c(209): warning:  #550-D: variable "bcount" was set but never used
HTTP_demo.c(211): warning:  #177-D: variable "max" was declared but never referenced
HTTP_demo.c(147): warning:  #177-D: function "blink_led" was declared but never referenced
compiling usart_int.c...
compiling Net_Config.c...
assembling startup_stm32f10x_cl.s...
compiling misc.c...
compiling stm32f10x_gpio.c...
compiling stm32f10x_rcc.c...
compiling stm32f10x_usart.c...
compiling system_stm32f10x_cl.c...
compiling usart.c...
compiling ETH_STM32x.c...
compiling GLCD.c...
linking...
Program Size: Code=16120 RO-data=7164 RW-data=5520 ZI-data=18800  
FromELF: creating hex file...
".\Obj\Http_demo.axf" - 0 Error(s), 6 Warning(s).
Load "C:\\Users\\mui-pc\\Desktop\\VBEB\\VBEBProject\\Library management\\SourceCode\\Version_1_2\\Http_demo\\Obj\\Http_demo.AXF" 
* JLink Info: Device "STM32F107VC" selected (256 KB flash, 20 KB RAM).
Set JLink Project File to "C:\Users\mui-pc\Desktop\VBEB\VBEBProject\Library management\SourceCode\Version_1_2\Http_demo\JLinkSettings.ini"
 
JLink info:
------------
DLL: V4.50j, compiled Jun 26 2012 09:19:07
Firmware: J-Link ARM V8 compiled Dec  1 2015 11:42:48
Hardware: V8.00
S/N : 20080643 
Feature(s) : RDI,FlashDL,FlashBP,JFlash,GDBFull 
 
* JLink Info: Found SWD-DP with ID 0x1BA01477
* JLink Info: Found SWD-DP with ID 0x1BA01477
* JLink Info: TPIU fitted.
* JLink Info: ETM fitted.
* JLink Info: FPUnit: 6 code (BP) slots and 2 literal slots
* JLink Info: Found Cortex-M3 r1p1, Little endian.
ROMTableAddr = 0xE00FF003
 
Target info:
------------
Device: STM32F107VC
VTarget = 3.287V
State of Pins: 
TCK: 0, TDI: 1, TDO: 0, TMS: 0, TRES: 1, TRST: 1
Hardware-Breakpoints: 6
Software-Breakpoints: 8192
Watchpoints:          4
JTAG speed: 4000 kHz
 
Erase Done.
Programming Done.
Verify OK.
Application running ...
Rebuild target 'STM3210C'
compiling HTTP_demo.c...
logo_RGB565.h(320): warning:  #1-D: last line of file ends without a newline
HTTP_demo.c(157): warning:  #223-D: function "LED_out" declared implicitly
HTTP_demo.c(173): warning:  #177-D: variable "i" was declared but never referenced
HTTP_demo.c(262): warning:  #550-D: variable "bcount" was set but never used
HTTP_demo.c(264): warning:  #177-D: variable "max" was declared but never referenced
HTTP_demo.c(147): warning:  #177-D: function "blink_led" was declared but never referenced
compiling usart_int.c...
compiling Net_Config.c...
assembling startup_stm32f10x_cl.s...
compiling misc.c...
compiling stm32f10x_gpio.c...
compiling stm32f10x_rcc.c...
compiling stm32f10x_usart.c...
compiling system_stm32f10x_cl.c...
compiling usart.c...
compiling ETH_STM32x.c...
compiling GLCD.c...
linking...
Program Size: Code=16072 RO-data=7164 RW-data=5520 ZI-data=18800  
FromELF: creating hex file...
".\Obj\Http_demo.axf" - 0 Error(s), 6 Warning(s).
Rebuild target 'STM3210C'
compiling HTTP_demo.c...
logo_RGB565.h(320): warning:  #1-D: last line of file ends without a newline
HTTP_demo.c(157): warning:  #223-D: function "LED_out" declared implicitly
HTTP_demo.c(173): warning:  #177-D: variable "i" was declared but never referenced
HTTP_demo.c(262): warning:  #550-D: variable "bcount" was set but never used
HTTP_demo.c(264): warning:  #177-D: variable "max" was declared but never referenced
HTTP_demo.c(147): warning:  #177-D: function "blink_led" was declared but never referenced
compiling usart_int.c...
compiling Net_Config.c...
assembling startup_stm32f10x_cl.s...
compiling misc.c...
compiling stm32f10x_gpio.c...
compiling stm32f10x_rcc.c...
compiling stm32f10x_usart.c...
compiling system_stm32f10x_cl.c...
compiling usart.c...
compiling ETH_STM32x.c...
compiling GLCD.c...
linking...
Program Size: Code=16072 RO-data=7164 RW-data=5520 ZI-data=18800  
FromELF: creating hex file...
".\Obj\Http_demo.axf" - 0 Error(s), 6 Warning(s).
Load "C:\\Users\\mui-pc\\Desktop\\VBEB\\VBEBProject\\Library management\\SourceCode\\Version_1_2\\Http_demo\\Obj\\Http_demo.AXF" 
* JLink Info: Device "STM32F107VC" selected (256 KB flash, 20 KB RAM).
Set JLink Project File to "C:\Users\mui-pc\Desktop\VBEB\VBEBProject\Library management\SourceCode\Version_1_2\Http_demo\JLinkSettings.ini"
 
JLink info:
------------
DLL: V4.50j, compiled Jun 26 2012 09:19:07
Firmware: J-Link ARM V8 compiled Dec  1 2015 11:42:48
Hardware: V8.00
S/N : 20080643 
Feature(s) : RDI,FlashDL,FlashBP,JFlash,GDBFull 
 
* JLink Info: Found SWD-DP with ID 0x1BA01477
* JLink Info: Found SWD-DP with ID 0x1BA01477
* JLink Info: TPIU fitted.
* JLink Info: ETM fitted.
* JLink Info: FPUnit: 6 code (BP) slots and 2 literal slots
* JLink Info: Found Cortex-M3 r1p1, Little endian.
ROMTableAddr = 0xE00FF003
 
Target info:
------------
Device: STM32F107VC
VTarget = 3.287V
State of Pins: 
TCK: 0, TDI: 1, TDO: 0, TMS: 0, TRES: 1, TRST: 1
Hardware-Breakpoints: 6
Software-Breakpoints: 8192
Watchpoints:          4
JTAG speed: 4000 kHz
 
Erase Done.
Programming Done.
Verify OK.
Application running ...
Rebuild target 'STM3210C'
compiling HTTP_demo.c...
logo_RGB565.h(320): warning:  #1-D: last line of file ends without a newline
HTTP_demo.c(157): warning:  #223-D: function "LED_out" declared implicitly
HTTP_demo.c(173): warning:  #177-D: variable "i" was declared but never referenced
HTTP_demo.c(174): warning:  #550-D: variable "buttonget" was set but never used
HTTP_demo.c(258): warning:  #550-D: variable "bcount" was set but never used
HTTP_demo.c(260): warning:  #177-D: variable "max" was declared but never referenced
HTTP_demo.c(34): warning:  #177-D: variable "rem_IP" was declared but never referenced
HTTP_demo.c(147): warning:  #177-D: function "blink_led" was declared but never referenced
compiling usart_int.c...
compiling Net_Config.c...
assembling startup_stm32f10x_cl.s...
compiling misc.c...
compiling stm32f10x_gpio.c...
compiling stm32f10x_rcc.c...
compiling stm32f10x_usart.c...
compiling system_stm32f10x_cl.c...
compiling usart.c...
compiling ETH_STM32x.c...
compiling GLCD.c...
linking...
Program Size: Code=15804 RO-data=7164 RW-data=5516 ZI-data=18796  
FromELF: creating hex file...
".\Obj\Http_demo.axf" - 0 Error(s), 8 Warning(s).
Load "C:\\Users\\mui-pc\\Desktop\\VBEB\\VBEBProject\\Library management\\SourceCode\\Version_1_2\\Http_demo\\Obj\\Http_demo.AXF" 
* JLink Info: Device "STM32F107VC" selected (256 KB flash, 20 KB RAM).
Set JLink Project File to "C:\Users\mui-pc\Desktop\VBEB\VBEBProject\Library management\SourceCode\Version_1_2\Http_demo\JLinkSettings.ini"
 
JLink info:
------------
DLL: V4.50j, compiled Jun 26 2012 09:19:07
Firmware: J-Link ARM V8 compiled Dec  1 2015 11:42:48
Hardware: V8.00
S/N : 20080643 
Feature(s) : RDI,FlashDL,FlashBP,JFlash,GDBFull 
 
* JLink Info: Found SWD-DP with ID 0x1BA01477
* JLink Info: Found SWD-DP with ID 0x1BA01477
* JLink Info: TPIU fitted.
* JLink Info: ETM fitted.
* JLink Info: FPUnit: 6 code (BP) slots and 2 literal slots
* JLink Info: Found Cortex-M3 r1p1, Little endian.
ROMTableAddr = 0xE00FF003
 
Target info:
------------
Device: STM32F107VC
VTarget = 3.287V
State of Pins: 
TCK: 0, TDI: 1, TDO: 0, TMS: 0, TRES: 1, TRST: 1
Hardware-Breakpoints: 6
Software-Breakpoints: 8192
Watchpoints:          4
JTAG speed: 4000 kHz
 
Erase Done.
Programming Done.
Verify OK.
Application running ...
Rebuild target 'STM3210C'
compiling HTTP_demo.c...
logo_RGB565.h(320): warning:  #1-D: last line of file ends without a newline
HTTP_demo.c(157): warning:  #223-D: function "LED_out" declared implicitly
HTTP_demo.c(173): warning:  #177-D: variable "i" was declared but never referenced
HTTP_demo.c(258): warning:  #550-D: variable "bcount" was set but never used
HTTP_demo.c(260): warning:  #177-D: variable "max" was declared but never referenced
HTTP_demo.c(147): warning:  #177-D: function "blink_led" was declared but never referenced
compiling usart_int.c...
compiling Net_Config.c...
assembling startup_stm32f10x_cl.s...
compiling misc.c...
compiling stm32f10x_gpio.c...
compiling stm32f10x_rcc.c...
compiling stm32f10x_usart.c...
compiling system_stm32f10x_cl.c...
compiling usart.c...
compiling ETH_STM32x.c...
compiling GLCD.c...
linking...
Program Size: Code=16368 RO-data=7164 RW-data=5520 ZI-data=18800  
FromELF: creating hex file...
".\Obj\Http_demo.axf" - 0 Error(s), 6 Warning(s).
Load "C:\\Users\\mui-pc\\Desktop\\VBEB\\VBEBProject\\Library management\\SourceCode\\Version_1_2\\Http_demo\\Obj\\Http_demo.AXF" 
* JLink Info: Device "STM32F107VC" selected (256 KB flash, 20 KB RAM).
Set JLink Project File to "C:\Users\mui-pc\Desktop\VBEB\VBEBProject\Library management\SourceCode\Version_1_2\Http_demo\JLinkSettings.ini"
 
JLink info:
------------
DLL: V4.50j, compiled Jun 26 2012 09:19:07
Firmware: J-Link ARM V8 compiled Dec  1 2015 11:42:48
Hardware: V8.00
S/N : 20080643 
Feature(s) : RDI,FlashDL,FlashBP,JFlash,GDBFull 
 
* JLink Info: Found SWD-DP with ID 0x1BA01477
* JLink Info: Found SWD-DP with ID 0x1BA01477
* JLink Info: TPIU fitted.
* JLink Info: ETM fitted.
* JLink Info: FPUnit: 6 code (BP) slots and 2 literal slots
* JLink Info: Found Cortex-M3 r1p1, Little endian.
ROMTableAddr = 0xE00FF003
 
Target info:
------------
Device: STM32F107VC
VTarget = 3.287V
State of Pins: 
TCK: 0, TDI: 1, TDO: 0, TMS: 0, TRES: 1, TRST: 1
Hardware-Breakpoints: 6
Software-Breakpoints: 8192
Watchpoints:          4
JTAG speed: 4000 kHz
 
Erase Done.
Programming Done.
Verify OK.
Application running ...
Rebuild target 'STM3210C'
compiling HTTP_demo.c...
logo_RGB565.h(320): warning:  #1-D: last line of file ends without a newline
HTTP_demo.c(157): warning:  #223-D: function "LED_out" declared implicitly
HTTP_demo.c(173): warning:  #177-D: variable "i" was declared but never referenced
HTTP_demo.c(254): warning:  #550-D: variable "bcount" was set but never used
HTTP_demo.c(256): warning:  #177-D: variable "max" was declared but never referenced
HTTP_demo.c(147): warning:  #177-D: function "blink_led" was declared but never referenced
compiling usart_int.c...
compiling Net_Config.c...
assembling startup_stm32f10x_cl.s...
compiling misc.c...
compiling stm32f10x_gpio.c...
compiling stm32f10x_rcc.c...
compiling stm32f10x_usart.c...
compiling system_stm32f10x_cl.c...
compiling usart.c...
compiling ETH_STM32x.c...
compiling GLCD.c...
linking...
Program Size: Code=16428 RO-data=7164 RW-data=5520 ZI-data=18800  
FromELF: creating hex file...
".\Obj\Http_demo.axf" - 0 Error(s), 6 Warning(s).
Load "C:\\Users\\mui-pc\\Desktop\\VBEB\\VBEBProject\\Library management\\SourceCode\\Version_1_2\\Http_demo\\Obj\\Http_demo.AXF" 
* JLink Info: Device "STM32F107VC" selected (256 KB flash, 20 KB RAM).
Set JLink Project File to "C:\Users\mui-pc\Desktop\VBEB\VBEBProject\Library management\SourceCode\Version_1_2\Http_demo\JLinkSettings.ini"
 
JLink info:
------------
DLL: V4.50j, compiled Jun 26 2012 09:19:07
Firmware: J-Link ARM V8 compiled Dec  1 2015 11:42:48
Hardware: V8.00
S/N : 20080643 
Feature(s) : RDI,FlashDL,FlashBP,JFlash,GDBFull 
 
* JLink Info: Found SWD-DP with ID 0x1BA01477
* JLink Info: Found SWD-DP with ID 0x1BA01477
* JLink Info: TPIU fitted.
* JLink Info: ETM fitted.
* JLink Info: FPUnit: 6 code (BP) slots and 2 literal slots
* JLink Info: Found Cortex-M3 r1p1, Little endian.
ROMTableAddr = 0xE00FF003
 
Target info:
------------
Device: STM32F107VC
VTarget = 3.287V
State of Pins: 
TCK: 0, TDI: 1, TDO: 0, TMS: 0, TRES: 1, TRST: 1
Hardware-Breakpoints: 6
Software-Breakpoints: 8192
Watchpoints:          4
JTAG speed: 4000 kHz
 
Erase Done.
Programming Done.
Verify OK.
Application running ...
Rebuild target 'STM3210C'
compiling HTTP_demo.c...
logo_RGB565.h(320): warning:  #1-D: last line of file ends without a newline
HTTP_demo.c(157): warning:  #223-D: function "LED_out" declared implicitly
HTTP_demo.c(173): warning:  #177-D: variable "i" was declared but never referenced
HTTP_demo.c(258): warning:  #550-D: variable "bcount" was set but never used
HTTP_demo.c(260): warning:  #177-D: variable "max" was declared but never referenced
HTTP_demo.c(147): warning:  #177-D: function "blink_led" was declared but never referenced
compiling usart_int.c...
compiling Net_Config.c...
assembling startup_stm32f10x_cl.s...
compiling misc.c...
compiling stm32f10x_gpio.c...
compiling stm32f10x_rcc.c...
compiling stm32f10x_usart.c...
compiling system_stm32f10x_cl.c...
compiling usart.c...
compiling ETH_STM32x.c...
compiling GLCD.c...
linking...
Program Size: Code=16472 RO-data=7164 RW-data=5520 ZI-data=18800  
FromELF: creating hex file...
".\Obj\Http_demo.axf" - 0 Error(s), 6 Warning(s).
Load "C:\\Users\\mui-pc\\Desktop\\VBEB\\VBEBProject\\Library management\\SourceCode\\Version_1_2\\Http_demo\\Obj\\Http_demo.AXF" 
* JLink Info: Device "STM32F107VC" selected (256 KB flash, 20 KB RAM).
Set JLink Project File to "C:\Users\mui-pc\Desktop\VBEB\VBEBProject\Library management\SourceCode\Version_1_2\Http_demo\JLinkSettings.ini"
 
JLink info:
------------
DLL: V4.50j, compiled Jun 26 2012 09:19:07
Firmware: J-Link ARM V8 compiled Dec  1 2015 11:42:48
Hardware: V8.00
S/N : 20080643 
Feature(s) : RDI,FlashDL,FlashBP,JFlash,GDBFull 
 
* JLink Info: Found SWD-DP with ID 0x1BA01477
* JLink Info: Found SWD-DP with ID 0x1BA01477
* JLink Info: TPIU fitted.
* JLink Info: ETM fitted.
* JLink Info: FPUnit: 6 code (BP) slots and 2 literal slots
* JLink Info: Found Cortex-M3 r1p1, Little endian.
ROMTableAddr = 0xE00FF003
 
Target info:
------------
Device: STM32F107VC
VTarget = 3.287V
State of Pins: 
TCK: 0, TDI: 1, TDO: 0, TMS: 0, TRES: 1, TRST: 1
Hardware-Breakpoints: 6
Software-Breakpoints: 8192
Watchpoints:          4
JTAG speed: 4000 kHz
 
Erase Done.
Programming Done.
Verify OK.
Application running ...
Rebuild target 'STM3210C'
compiling HTTP_demo.c...
logo_RGB565.h(320): warning:  #1-D: last line of file ends without a newline
HTTP_demo.c(157): warning:  #223-D: function "LED_out" declared implicitly
HTTP_demo.c(173): warning:  #177-D: variable "i" was declared but never referenced
HTTP_demo.c(258): warning:  #550-D: variable "bcount" was set but never used
HTTP_demo.c(260): warning:  #177-D: variable "max" was declared but never referenced
HTTP_demo.c(147): warning:  #177-D: function "blink_led" was declared but never referenced
compiling usart_int.c...
compiling Net_Config.c...
assembling startup_stm32f10x_cl.s...
compiling misc.c...
compiling stm32f10x_gpio.c...
compiling stm32f10x_rcc.c...
compiling stm32f10x_usart.c...
compiling system_stm32f10x_cl.c...
compiling usart.c...
compiling ETH_STM32x.c...
compiling GLCD.c...
linking...
Program Size: Code=16444 RO-data=7164 RW-data=5520 ZI-data=18800  
FromELF: creating hex file...
".\Obj\Http_demo.axf" - 0 Error(s), 6 Warning(s).
Load "C:\\Users\\mui-pc\\Desktop\\VBEB\\VBEBProject\\Library management\\SourceCode\\Version_1_2\\Http_demo\\Obj\\Http_demo.AXF" 
* JLink Info: Device "STM32F107VC" selected (256 KB flash, 20 KB RAM).
Set JLink Project File to "C:\Users\mui-pc\Desktop\VBEB\VBEBProject\Library management\SourceCode\Version_1_2\Http_demo\JLinkSettings.ini"
 
JLink info:
------------
DLL: V4.50j, compiled Jun 26 2012 09:19:07
Firmware: J-Link ARM V8 compiled Dec  1 2015 11:42:48
Hardware: V8.00
S/N : 20080643 
Feature(s) : RDI,FlashDL,FlashBP,JFlash,GDBFull 
 
* JLink Info: Found SWD-DP with ID 0x1BA01477
* JLink Info: Found SWD-DP with ID 0x1BA01477
* JLink Info: TPIU fitted.
* JLink Info: ETM fitted.
* JLink Info: FPUnit: 6 code (BP) slots and 2 literal slots
* JLink Info: Found Cortex-M3 r1p1, Little endian.
ROMTableAddr = 0xE00FF003
 
Target info:
------------
Device: STM32F107VC
VTarget = 3.287V
State of Pins: 
TCK: 0, TDI: 1, TDO: 0, TMS: 0, TRES: 1, TRST: 1
Hardware-Breakpoints: 6
Software-Breakpoints: 8192
Watchpoints:          4
JTAG speed: 4000 kHz
 
Erase Done.
Programming Done.
Verify OK.
Application running ...
Build target 'STM3210C'
compiling HTTP_demo.c...
logo_RGB565.h(320): warning:  #1-D: last line of file ends without a newline
HTTP_demo.c(159): warning:  #223-D: function "LED_out" declared implicitly
HTTP_demo.c(175): warning:  #177-D: variable "i" was declared but never referenced
HTTP_demo.c(260): warning:  #550-D: variable "bcount" was set but never used
HTTP_demo.c(262): warning:  #177-D: variable "max" was declared but never referenced
HTTP_demo.c(149): warning:  #177-D: function "blink_led" was declared but never referenced
linking...
Program Size: Code=16444 RO-data=7164 RW-data=5520 ZI-data=18800  
FromELF: creating hex file...
".\Obj\Http_demo.axf" - 0 Error(s), 6 Warning(s).
Rebuild target 'STM3210C'
compiling HTTP_demo.c...
logo_RGB565.h(320): warning:  #1-D: last line of file ends without a newline
HTTP_demo.c(159): warning:  #223-D: function "LED_out" declared implicitly
HTTP_demo.c(175): warning:  #177-D: variable "i" was declared but never referenced
HTTP_demo.c(260): warning:  #550-D: variable "bcount" was set but never used
HTTP_demo.c(262): warning:  #177-D: variable "max" was declared but never referenced
HTTP_demo.c(149): warning:  #177-D: function "blink_led" was declared but never referenced
compiling usart_int.c...
compiling Net_Config.c...
assembling startup_stm32f10x_cl.s...
compiling misc.c...
compiling stm32f10x_gpio.c...
compiling stm32f10x_rcc.c...
compiling stm32f10x_usart.c...
compiling system_stm32f10x_cl.c...
compiling usart.c...
compiling ETH_STM32x.c...
compiling GLCD.c...
linking...
Program Size: Code=16416 RO-data=7164 RW-data=5520 ZI-data=18800  
FromELF: creating hex file...
".\Obj\Http_demo.axf" - 0 Error(s), 6 Warning(s).
Load "C:\\Users\\mui-pc\\Desktop\\VBEB\\VBEBProject\\Library management\\SourceCode\\Version_1_2\\Http_demo\\Obj\\Http_demo.AXF" 
* JLink Info: Device "STM32F107VC" selected (256 KB flash, 20 KB RAM).
Set JLink Project File to "C:\Users\mui-pc\Desktop\VBEB\VBEBProject\Library management\SourceCode\Version_1_2\Http_demo\JLinkSettings.ini"
 
JLink info:
------------
DLL: V4.50j, compiled Jun 26 2012 09:19:07
Firmware: J-Link ARM V8 compiled Dec  1 2015 11:42:48
Hardware: V8.00
S/N : 20080643 
Feature(s) : RDI,FlashDL,FlashBP,JFlash,GDBFull 
 
* JLink Info: Found SWD-DP with ID 0x1BA01477
* JLink Info: Found SWD-DP with ID 0x1BA01477
* JLink Info: TPIU fitted.
* JLink Info: ETM fitted.
* JLink Info: FPUnit: 6 code (BP) slots and 2 literal slots
* JLink Info: Found Cortex-M3 r1p1, Little endian.
ROMTableAddr = 0xE00FF003
 
Target info:
------------
Device: STM32F107VC
VTarget = 3.287V
State of Pins: 
TCK: 0, TDI: 1, TDO: 0, TMS: 0, TRES: 1, TRST: 1
Hardware-Breakpoints: 6
Software-Breakpoints: 8192
Watchpoints:          4
JTAG speed: 4000 kHz
 
Erase Done.
Programming Done.
Verify OK.
Application running ...
Rebuild target 'STM3210C'
compiling HTTP_demo.c...
logo_RGB565.h(320): warning:  #1-D: last line of file ends without a newline
HTTP_demo.c(159): warning:  #223-D: function "LED_out" declared implicitly
HTTP_demo.c(175): warning:  #177-D: variable "i" was declared but never referenced
HTTP_demo.c(260): warning:  #550-D: variable "bcount" was set but never used
HTTP_demo.c(262): warning:  #177-D: variable "max" was declared but never referenced
HTTP_demo.c(149): warning:  #177-D: function "blink_led" was declared but never referenced
compiling usart_int.c...
compiling Net_Config.c...
assembling startup_stm32f10x_cl.s...
compiling misc.c...
compiling stm32f10x_gpio.c...
compiling stm32f10x_rcc.c...
compiling stm32f10x_usart.c...
compiling system_stm32f10x_cl.c...
compiling usart.c...
compiling ETH_STM32x.c...
compiling GLCD.c...
linking...
Program Size: Code=16444 RO-data=7164 RW-data=5520 ZI-data=18800  
FromELF: creating hex file...
".\Obj\Http_demo.axf" - 0 Error(s), 6 Warning(s).
Load "C:\\Users\\mui-pc\\Desktop\\VBEB\\VBEBProject\\Library management\\SourceCode\\Version_1_2\\Http_demo\\Obj\\Http_demo.AXF" 
* JLink Info: Device "STM32F107VC" selected (256 KB flash, 20 KB RAM).
Set JLink Project File to "C:\Users\mui-pc\Desktop\VBEB\VBEBProject\Library management\SourceCode\Version_1_2\Http_demo\JLinkSettings.ini"
 
JLink info:
------------
DLL: V4.50j, compiled Jun 26 2012 09:19:07
Firmware: J-Link ARM V8 compiled Dec  1 2015 11:42:48
Hardware: V8.00
S/N : 20080643 
Feature(s) : RDI,FlashDL,FlashBP,JFlash,GDBFull 
 
* JLink Info: Found SWD-DP with ID 0x1BA01477
* JLink Info: Found SWD-DP with ID 0x1BA01477
* JLink Info: TPIU fitted.
* JLink Info: ETM fitted.
* JLink Info: FPUnit: 6 code (BP) slots and 2 literal slots
* JLink Info: Found Cortex-M3 r1p1, Little endian.
ROMTableAddr = 0xE00FF003
 
Target info:
------------
Device: STM32F107VC
VTarget = 3.287V
State of Pins: 
TCK: 0, TDI: 1, TDO: 0, TMS: 0, TRES: 1, TRST: 1
Hardware-Breakpoints: 6
Software-Breakpoints: 8192
Watchpoints:          4
JTAG speed: 4000 kHz
 
Erase Done.
Programming Done.
Verify OK.
Application running ...
