<html>
<body>
<pre>
<h1>µVision Build Log</h1>
<h2>Project:</h2>
C:\Users\mui-pc\Desktop\VBEB\VBEBProject\Library management\SourceCode\Version_1_1\Http_demo\Http_demo.uvproj
Project File Date:  09/17/2012

<h2>Output:</h2>
Rebuild target 'STM3210C'
compiling HTTP_demo.c...
logo_RGB565.h(320): warning:  #1-D: last line of file ends without a newline
HTTP_demo.c(48): warning:  #177-D: variable "i" was declared but never referenced
HTTP_demo.c(49): warning:  #177-D: variable "ReData" was declared but never referenced
compiling usart_int.c...
compiling Net_Config.c...
assembling startup_stm32f10x_cl.s...
compiling misc.c...
compiling stm32f10x_gpio.c...
compiling stm32f10x_rcc.c...
compiling stm32f10x_usart.c...
compiling system_stm32f10x_cl.c...
compiling usart.c...
compiling ETH_STM32x.c...
compiling GLCD.c...
linking...
Program Size: Code=14856 RO-data=7104 RW-data=5500 ZI-data=18796  
FromELF: creating hex file...
".\Obj\Http_demo.axf" - 0 Error(s), 3 Warning(s).
Load "C:\\Users\\mui-pc\\Desktop\\VBEB\\VBEBProject\\Library management\\SourceCode\\Version_1_1\\Http_demo\\Obj\\Http_demo.AXF" 
* JLink Info: Device "STM32F107VC" selected (256 KB flash, 20 KB RAM).
Set JLink Project File to "C:\Users\mui-pc\Desktop\VBEB\VBEBProject\Library management\SourceCode\Version_1_1\Http_demo\JLinkSettings.ini"
 
JLink info:
------------
DLL: V4.50j, compiled Jun 26 2012 09:19:07
Firmware: J-Link ARM V8 compiled Dec  1 2015 11:42:48
Hardware: V8.00
S/N : 20080643 
Feature(s) : RDI,FlashDL,FlashBP,JFlash,GDBFull 
 
* JLink Info: Found SWD-DP with ID 0x1BA01477
* JLink Info: Found SWD-DP with ID 0x1BA01477
* JLink Info: TPIU fitted.
* JLink Info: ETM fitted.
* JLink Info: FPUnit: 6 code (BP) slots and 2 literal slots
* JLink Info: Found Cortex-M3 r1p1, Little endian.
ROMTableAddr = 0xE00FF003
 
Target info:
------------
Device: STM32F107VC
VTarget = 3.287V
State of Pins: 
TCK: 0, TDI: 1, TDO: 0, TMS: 0, TRES: 1, TRST: 1
Hardware-Breakpoints: 6
Software-Breakpoints: 8192
Watchpoints:          4
JTAG speed: 4000 kHz
 
Erase Done.
Programming Done.
Verify OK.
Application running ...
Rebuild target 'STM3210C'
compiling HTTP_demo.c...
logo_RGB565.h(320): warning:  #1-D: last line of file ends without a newline
HTTP_demo.c(48): warning:  #177-D: variable "i" was declared but never referenced
HTTP_demo.c(49): warning:  #177-D: variable "ReData" was declared but never referenced
compiling usart_int.c...
compiling Net_Config.c...
assembling startup_stm32f10x_cl.s...
compiling misc.c...
compiling stm32f10x_gpio.c...
compiling stm32f10x_rcc.c...
compiling stm32f10x_usart.c...
compiling system_stm32f10x_cl.c...
compiling usart.c...
compiling ETH_STM32x.c...
compiling GLCD.c...
linking...
Program Size: Code=14864 RO-data=7104 RW-data=5500 ZI-data=18796  
FromELF: creating hex file...
".\Obj\Http_demo.axf" - 0 Error(s), 3 Warning(s).
Load "C:\\Users\\mui-pc\\Desktop\\VBEB\\VBEBProject\\Library management\\SourceCode\\Version_1_1\\Http_demo\\Obj\\Http_demo.AXF" 
* JLink Info: Device "STM32F107VC" selected (256 KB flash, 20 KB RAM).
Set JLink Project File to "C:\Users\mui-pc\Desktop\VBEB\VBEBProject\Library management\SourceCode\Version_1_1\Http_demo\JLinkSettings.ini"
 
JLink info:
------------
DLL: V4.50j, compiled Jun 26 2012 09:19:07
Firmware: J-Link ARM V8 compiled Dec  1 2015 11:42:48
Hardware: V8.00
S/N : 20080643 
Feature(s) : RDI,FlashDL,FlashBP,JFlash,GDBFull 
 
* JLink Info: Found SWD-DP with ID 0x1BA01477
* JLink Info: Found SWD-DP with ID 0x1BA01477
* JLink Info: TPIU fitted.
* JLink Info: ETM fitted.
* JLink Info: FPUnit: 6 code (BP) slots and 2 literal slots
* JLink Info: Found Cortex-M3 r1p1, Little endian.
ROMTableAddr = 0xE00FF003
 
Target info:
------------
Device: STM32F107VC
VTarget = 3.280V
State of Pins: 
TCK: 0, TDI: 1, TDO: 0, TMS: 0, TRES: 1, TRST: 1
Hardware-Breakpoints: 6
Software-Breakpoints: 8192
Watchpoints:          4
JTAG speed: 4000 kHz
 
Erase Done.
Programming Done.
Verify OK.
Application running ...
Rebuild target 'STM3210C'
compiling HTTP_demo.c...
logo_RGB565.h(320): warning:  #1-D: last line of file ends without a newline
HTTP_demo.c(48): warning:  #177-D: variable "i" was declared but never referenced
HTTP_demo.c(49): warning:  #177-D: variable "ReData" was declared but never referenced
compiling usart_int.c...
compiling Net_Config.c...
assembling startup_stm32f10x_cl.s...
compiling misc.c...
compiling stm32f10x_gpio.c...
compiling stm32f10x_rcc.c...
compiling stm32f10x_usart.c...
compiling system_stm32f10x_cl.c...
compiling usart.c...
compiling ETH_STM32x.c...
compiling GLCD.c...
linking...
Program Size: Code=14864 RO-data=7104 RW-data=5500 ZI-data=18796  
FromELF: creating hex file...
".\Obj\Http_demo.axf" - 0 Error(s), 3 Warning(s).
Load "C:\\Users\\mui-pc\\Desktop\\VBEB\\VBEBProject\\Library management\\SourceCode\\Version_1_1\\Http_demo\\Obj\\Http_demo.AXF" 
* JLink Info: Device "STM32F107VC" selected (256 KB flash, 20 KB RAM).
Set JLink Project File to "C:\Users\mui-pc\Desktop\VBEB\VBEBProject\Library management\SourceCode\Version_1_1\Http_demo\JLinkSettings.ini"
 
JLink info:
------------
DLL: V4.50j, compiled Jun 26 2012 09:19:07
Firmware: J-Link ARM V8 compiled Dec  1 2015 11:42:48
Hardware: V8.00
S/N : 20080643 
Feature(s) : RDI,FlashDL,FlashBP,JFlash,GDBFull 
 
* JLink Info: Found SWD-DP with ID 0x1BA01477
* JLink Info: Found SWD-DP with ID 0x1BA01477
* JLink Info: TPIU fitted.
* JLink Info: ETM fitted.
* JLink Info: FPUnit: 6 code (BP) slots and 2 literal slots
* JLink Info: Found Cortex-M3 r1p1, Little endian.
ROMTableAddr = 0xE00FF003
 
Target info:
------------
Device: STM32F107VC
VTarget = 3.280V
State of Pins: 
TCK: 0, TDI: 1, TDO: 0, TMS: 0, TRES: 1, TRST: 1
Hardware-Breakpoints: 6
Software-Breakpoints: 8192
Watchpoints:          4
JTAG speed: 4000 kHz
 
Erase Done.
Programming Done.
Verify OK.
Application running ...
Rebuild target 'STM3210C'
compiling HTTP_demo.c...
logo_RGB565.h(320): warning:  #1-D: last line of file ends without a newline
HTTP_demo.c(48): warning:  #177-D: variable "i" was declared but never referenced
HTTP_demo.c(49): warning:  #177-D: variable "ReData" was declared but never referenced
compiling usart_int.c...
compiling Net_Config.c...
assembling startup_stm32f10x_cl.s...
compiling misc.c...
compiling stm32f10x_gpio.c...
compiling stm32f10x_rcc.c...
compiling stm32f10x_usart.c...
compiling system_stm32f10x_cl.c...
compiling usart.c...
compiling ETH_STM32x.c...
compiling GLCD.c...
linking...
Program Size: Code=14864 RO-data=7104 RW-data=5500 ZI-data=18796  
FromELF: creating hex file...
".\Obj\Http_demo.axf" - 0 Error(s), 3 Warning(s).
Load "C:\\Users\\mui-pc\\Desktop\\VBEB\\VBEBProject\\Library management\\SourceCode\\Version_1_1\\Http_demo\\Obj\\Http_demo.AXF" 
* JLink Info: Device "STM32F107VC" selected (256 KB flash, 20 KB RAM).
Set JLink Project File to "C:\Users\mui-pc\Desktop\VBEB\VBEBProject\Library management\SourceCode\Version_1_1\Http_demo\JLinkSettings.ini"
 
JLink info:
------------
DLL: V4.50j, compiled Jun 26 2012 09:19:07
Firmware: J-Link ARM V8 compiled Dec  1 2015 11:42:48
Hardware: V8.00
S/N : 20080643 
Feature(s) : RDI,FlashDL,FlashBP,JFlash,GDBFull 
 
* JLink Info: Found SWD-DP with ID 0x1BA01477
* JLink Info: Found SWD-DP with ID 0x1BA01477
* JLink Info: TPIU fitted.
* JLink Info: ETM fitted.
* JLink Info: FPUnit: 6 code (BP) slots and 2 literal slots
* JLink Info: Found Cortex-M3 r1p1, Little endian.
ROMTableAddr = 0xE00FF003
 
Target info:
------------
Device: STM32F107VC
VTarget = 3.287V
State of Pins: 
TCK: 0, TDI: 1, TDO: 0, TMS: 0, TRES: 1, TRST: 1
Hardware-Breakpoints: 6
Software-Breakpoints: 8192
Watchpoints:          4
JTAG speed: 4000 kHz
 
Erase Done.
Programming Done.
Verify OK.
Application running ...
Rebuild target 'STM3210C'
compiling HTTP_demo.c...
logo_RGB565.h(320): warning:  #1-D: last line of file ends without a newline
HTTP_demo.c(48): warning:  #177-D: variable "i" was declared but never referenced
HTTP_demo.c(49): warning:  #177-D: variable "ReData" was declared but never referenced
compiling usart_int.c...
compiling Net_Config.c...
assembling startup_stm32f10x_cl.s...
compiling misc.c...
compiling stm32f10x_gpio.c...
compiling stm32f10x_rcc.c...
compiling stm32f10x_usart.c...
compiling system_stm32f10x_cl.c...
compiling usart.c...
compiling ETH_STM32x.c...
compiling GLCD.c...
linking...
Program Size: Code=14884 RO-data=7104 RW-data=5500 ZI-data=18796  
FromELF: creating hex file...
".\Obj\Http_demo.axf" - 0 Error(s), 3 Warning(s).
Rebuild target 'STM3210C'
compiling HTTP_demo.c...
logo_RGB565.h(320): warning:  #1-D: last line of file ends without a newline
HTTP_demo.c(48): warning:  #177-D: variable "i" was declared but never referenced
HTTP_demo.c(49): warning:  #177-D: variable "ReData" was declared but never referenced
compiling usart_int.c...
compiling Net_Config.c...
assembling startup_stm32f10x_cl.s...
compiling misc.c...
compiling stm32f10x_gpio.c...
compiling stm32f10x_rcc.c...
compiling stm32f10x_usart.c...
compiling system_stm32f10x_cl.c...
compiling usart.c...
compiling ETH_STM32x.c...
compiling GLCD.c...
linking...
Program Size: Code=14880 RO-data=7104 RW-data=5500 ZI-data=18796  
FromELF: creating hex file...
".\Obj\Http_demo.axf" - 0 Error(s), 3 Warning(s).
Load "C:\\Users\\mui-pc\\Desktop\\VBEB\\VBEBProject\\Library management\\SourceCode\\Version_1_1\\Http_demo\\Obj\\Http_demo.AXF" 
* JLink Info: Device "STM32F107VC" selected (256 KB flash, 20 KB RAM).
Set JLink Project File to "C:\Users\mui-pc\Desktop\VBEB\VBEBProject\Library management\SourceCode\Version_1_1\Http_demo\JLinkSettings.ini"
 
JLink info:
------------
DLL: V4.50j, compiled Jun 26 2012 09:19:07
Firmware: J-Link ARM V8 compiled Dec  1 2015 11:42:48
Hardware: V8.00
S/N : 20080643 
Feature(s) : RDI,FlashDL,FlashBP,JFlash,GDBFull 
 
* JLink Info: Found SWD-DP with ID 0x1BA01477
* JLink Info: Found SWD-DP with ID 0x1BA01477
* JLink Info: TPIU fitted.
* JLink Info: ETM fitted.
* JLink Info: FPUnit: 6 code (BP) slots and 2 literal slots
* JLink Info: Found Cortex-M3 r1p1, Little endian.
ROMTableAddr = 0xE00FF003
 
Target info:
------------
Device: STM32F107VC
VTarget = 3.287V
State of Pins: 
TCK: 0, TDI: 1, TDO: 0, TMS: 0, TRES: 1, TRST: 1
Hardware-Breakpoints: 6
Software-Breakpoints: 8192
Watchpoints:          4
JTAG speed: 4000 kHz
 
Erase Done.
Programming Done.
Verify OK.
Application running ...
Rebuild target 'STM3210C'
compiling HTTP_demo.c...
logo_RGB565.h(320): warning:  #1-D: last line of file ends without a newline
HTTP_demo.c(48): warning:  #177-D: variable "i" was declared but never referenced
HTTP_demo.c(49): warning:  #177-D: variable "ReData" was declared but never referenced
compiling usart_int.c...
compiling Net_Config.c...
assembling startup_stm32f10x_cl.s...
compiling misc.c...
compiling stm32f10x_gpio.c...
compiling stm32f10x_rcc.c...
compiling stm32f10x_usart.c...
compiling system_stm32f10x_cl.c...
compiling usart.c...
compiling ETH_STM32x.c...
compiling GLCD.c...
linking...
Program Size: Code=14860 RO-data=7104 RW-data=5500 ZI-data=18796  
FromELF: creating hex file...
".\Obj\Http_demo.axf" - 0 Error(s), 3 Warning(s).
Load "C:\\Users\\mui-pc\\Desktop\\VBEB\\VBEBProject\\Library management\\SourceCode\\Version_1_1\\Http_demo\\Obj\\Http_demo.AXF" 
* JLink Info: Device "STM32F107VC" selected (256 KB flash, 20 KB RAM).
Set JLink Project File to "C:\Users\mui-pc\Desktop\VBEB\VBEBProject\Library management\SourceCode\Version_1_1\Http_demo\JLinkSettings.ini"
 
JLink info:
------------
DLL: V4.50j, compiled Jun 26 2012 09:19:07
Firmware: J-Link ARM V8 compiled Dec  1 2015 11:42:48
Hardware: V8.00
S/N : 20080643 
Feature(s) : RDI,FlashDL,FlashBP,JFlash,GDBFull 
 
* JLink Info: Found SWD-DP with ID 0x1BA01477
* JLink Info: Found SWD-DP with ID 0x1BA01477
* JLink Info: TPIU fitted.
* JLink Info: ETM fitted.
* JLink Info: FPUnit: 6 code (BP) slots and 2 literal slots
* JLink Info: Found Cortex-M3 r1p1, Little endian.
ROMTableAddr = 0xE00FF003
 
Target info:
------------
Device: STM32F107VC
VTarget = 3.287V
State of Pins: 
TCK: 0, TDI: 1, TDO: 0, TMS: 0, TRES: 1, TRST: 1
Hardware-Breakpoints: 6
Software-Breakpoints: 8192
Watchpoints:          4
JTAG speed: 4000 kHz
 
Erase Done.
Programming Done.
Verify OK.
Application running ...
Rebuild target 'STM3210C'
compiling HTTP_demo.c...
logo_RGB565.h(320): warning:  #1-D: last line of file ends without a newline
HTTP_demo.c(82): warning:  #111-D: statement is unreachable
HTTP_demo.c(48): warning:  #177-D: variable "i" was declared but never referenced
HTTP_demo.c(49): warning:  #177-D: variable "ReData" was declared but never referenced
compiling usart_int.c...
compiling Net_Config.c...
assembling startup_stm32f10x_cl.s...
compiling misc.c...
compiling stm32f10x_gpio.c...
compiling stm32f10x_rcc.c...
compiling stm32f10x_usart.c...
compiling system_stm32f10x_cl.c...
compiling usart.c...
compiling ETH_STM32x.c...
compiling GLCD.c...
linking...
Program Size: Code=14712 RO-data=7104 RW-data=5500 ZI-data=18796  
FromELF: creating hex file...
".\Obj\Http_demo.axf" - 0 Error(s), 4 Warning(s).
Load "C:\\Users\\mui-pc\\Desktop\\VBEB\\VBEBProject\\Library management\\SourceCode\\Version_1_1\\Http_demo\\Obj\\Http_demo.AXF" 
* JLink Info: Device "STM32F107VC" selected (256 KB flash, 20 KB RAM).
Set JLink Project File to "C:\Users\mui-pc\Desktop\VBEB\VBEBProject\Library management\SourceCode\Version_1_1\Http_demo\JLinkSettings.ini"
 
JLink info:
------------
DLL: V4.50j, compiled Jun 26 2012 09:19:07
Firmware: J-Link ARM V8 compiled Dec  1 2015 11:42:48
Hardware: V8.00
S/N : 20080643 
Feature(s) : RDI,FlashDL,FlashBP,JFlash,GDBFull 
 
* JLink Info: Found SWD-DP with ID 0x1BA01477
* JLink Info: Found SWD-DP with ID 0x1BA01477
* JLink Info: TPIU fitted.
* JLink Info: ETM fitted.
* JLink Info: FPUnit: 6 code (BP) slots and 2 literal slots
* JLink Info: Found Cortex-M3 r1p1, Little endian.
ROMTableAddr = 0xE00FF003
 
Target info:
------------
Device: STM32F107VC
VTarget = 3.287V
State of Pins: 
TCK: 0, TDI: 1, TDO: 0, TMS: 0, TRES: 1, TRST: 1
Hardware-Breakpoints: 6
Software-Breakpoints: 8192
Watchpoints:          4
JTAG speed: 4000 kHz
 
Erase Done.
Programming Done.
Verify OK.
Application running ...
Rebuild target 'STM3210C'
compiling HTTP_demo.c...
logo_RGB565.h(320): warning:  #1-D: last line of file ends without a newline
HTTP_demo.c(82): warning:  #111-D: statement is unreachable
HTTP_demo.c(48): warning:  #177-D: variable "i" was declared but never referenced
HTTP_demo.c(49): warning:  #177-D: variable "ReData" was declared but never referenced
compiling usart_int.c...
compiling Net_Config.c...
assembling startup_stm32f10x_cl.s...
compiling misc.c...
compiling stm32f10x_gpio.c...
compiling stm32f10x_rcc.c...
compiling stm32f10x_usart.c...
compiling system_stm32f10x_cl.c...
compiling usart.c...
compiling ETH_STM32x.c...
compiling GLCD.c...
linking...
Program Size: Code=14716 RO-data=7104 RW-data=5500 ZI-data=18796  
FromELF: creating hex file...
".\Obj\Http_demo.axf" - 0 Error(s), 4 Warning(s).
Load "C:\\Users\\mui-pc\\Desktop\\VBEB\\VBEBProject\\Library management\\SourceCode\\Version_1_1\\Http_demo\\Obj\\Http_demo.AXF" 
* JLink Info: Device "STM32F107VC" selected (256 KB flash, 20 KB RAM).
Set JLink Project File to "C:\Users\mui-pc\Desktop\VBEB\VBEBProject\Library management\SourceCode\Version_1_1\Http_demo\JLinkSettings.ini"
 
JLink info:
------------
DLL: V4.50j, compiled Jun 26 2012 09:19:07
Firmware: J-Link ARM V8 compiled Dec  1 2015 11:42:48
Hardware: V8.00
S/N : 20080643 
Feature(s) : RDI,FlashDL,FlashBP,JFlash,GDBFull 
 
* JLink Info: Found SWD-DP with ID 0x1BA01477
* JLink Info: Found SWD-DP with ID 0x1BA01477
* JLink Info: TPIU fitted.
* JLink Info: ETM fitted.
* JLink Info: FPUnit: 6 code (BP) slots and 2 literal slots
* JLink Info: Found Cortex-M3 r1p1, Little endian.
ROMTableAddr = 0xE00FF003
 
Target info:
------------
Device: STM32F107VC
VTarget = 3.287V
State of Pins: 
TCK: 0, TDI: 1, TDO: 0, TMS: 0, TRES: 1, TRST: 1
Hardware-Breakpoints: 6
Software-Breakpoints: 8192
Watchpoints:          4
JTAG speed: 4000 kHz
 
Erase Done.
Programming Done.
Verify OK.
Application running ...
Rebuild target 'STM3210C'
compiling HTTP_demo.c...
logo_RGB565.h(320): warning:  #1-D: last line of file ends without a newline
HTTP_demo.c(82): warning:  #111-D: statement is unreachable
HTTP_demo.c(48): warning:  #177-D: variable "i" was declared but never referenced
HTTP_demo.c(49): warning:  #177-D: variable "ReData" was declared but never referenced
compiling usart_int.c...
compiling Net_Config.c...
assembling startup_stm32f10x_cl.s...
compiling misc.c...
compiling stm32f10x_gpio.c...
compiling stm32f10x_rcc.c...
compiling stm32f10x_usart.c...
compiling system_stm32f10x_cl.c...
compiling usart.c...
compiling ETH_STM32x.c...
compiling GLCD.c...
linking...
Program Size: Code=14716 RO-data=7104 RW-data=5500 ZI-data=18796  
FromELF: creating hex file...
".\Obj\Http_demo.axf" - 0 Error(s), 4 Warning(s).
Load "C:\\Users\\mui-pc\\Desktop\\VBEB\\VBEBProject\\Library management\\SourceCode\\Version_1_1\\Http_demo\\Obj\\Http_demo.AXF" 
* JLink Info: Device "STM32F107VC" selected (256 KB flash, 20 KB RAM).
Set JLink Project File to "C:\Users\mui-pc\Desktop\VBEB\VBEBProject\Library management\SourceCode\Version_1_1\Http_demo\JLinkSettings.ini"
 
JLink info:
------------
DLL: V4.50j, compiled Jun 26 2012 09:19:07
Firmware: J-Link ARM V8 compiled Dec  1 2015 11:42:48
Hardware: V8.00
S/N : 20080643 
Feature(s) : RDI,FlashDL,FlashBP,JFlash,GDBFull 
 
* JLink Info: Found SWD-DP with ID 0x1BA01477
* JLink Info: Found SWD-DP with ID 0x1BA01477
* JLink Info: TPIU fitted.
* JLink Info: ETM fitted.
* JLink Info: FPUnit: 6 code (BP) slots and 2 literal slots
* JLink Info: Found Cortex-M3 r1p1, Little endian.
ROMTableAddr = 0xE00FF003
 
Target info:
------------
Device: STM32F107VC
VTarget = 3.280V
State of Pins: 
TCK: 0, TDI: 1, TDO: 0, TMS: 0, TRES: 1, TRST: 1
Hardware-Breakpoints: 6
Software-Breakpoints: 8192
Watchpoints:          4
JTAG speed: 4000 kHz
 
Erase Done.
Programming Done.
Verify OK.
Application running ...
Rebuild target 'STM3210C'
compiling HTTP_demo.c...
logo_RGB565.h(320): warning:  #1-D: last line of file ends without a newline
HTTP_demo.c(48): warning:  #177-D: variable "i" was declared but never referenced
HTTP_demo.c(49): warning:  #177-D: variable "ReData" was declared but never referenced
compiling usart_int.c...
compiling Net_Config.c...
assembling startup_stm32f10x_cl.s...
compiling misc.c...
compiling stm32f10x_gpio.c...
compiling stm32f10x_rcc.c...
compiling stm32f10x_usart.c...
compiling system_stm32f10x_cl.c...
compiling usart.c...
compiling ETH_STM32x.c...
compiling GLCD.c...
linking...
Program Size: Code=14864 RO-data=7104 RW-data=5500 ZI-data=18796  
FromELF: creating hex file...
".\Obj\Http_demo.axf" - 0 Error(s), 3 Warning(s).
Load "C:\\Users\\mui-pc\\Desktop\\VBEB\\VBEBProject\\Library management\\SourceCode\\Version_1_1\\Http_demo\\Obj\\Http_demo.AXF" 
* JLink Info: Device "STM32F107VC" selected (256 KB flash, 20 KB RAM).
Set JLink Project File to "C:\Users\mui-pc\Desktop\VBEB\VBEBProject\Library management\SourceCode\Version_1_1\Http_demo\JLinkSettings.ini"
 
JLink info:
------------
DLL: V4.50j, compiled Jun 26 2012 09:19:07
Firmware: J-Link ARM V8 compiled Dec  1 2015 11:42:48
Hardware: V8.00
S/N : 20080643 
Feature(s) : RDI,FlashDL,FlashBP,JFlash,GDBFull 
 
* JLink Info: Found SWD-DP with ID 0x1BA01477
* JLink Info: Found SWD-DP with ID 0x1BA01477
* JLink Info: TPIU fitted.
* JLink Info: ETM fitted.
* JLink Info: FPUnit: 6 code (BP) slots and 2 literal slots
* JLink Info: Found Cortex-M3 r1p1, Little endian.
ROMTableAddr = 0xE00FF003
 
Target info:
------------
Device: STM32F107VC
VTarget = 3.287V
State of Pins: 
TCK: 0, TDI: 1, TDO: 0, TMS: 0, TRES: 1, TRST: 1
Hardware-Breakpoints: 6
Software-Breakpoints: 8192
Watchpoints:          4
JTAG speed: 4000 kHz
 
Erase Done.
Programming Done.
Verify OK.
Application running ...
Rebuild target 'STM3210C'
compiling HTTP_demo.c...
logo_RGB565.h(320): warning:  #1-D: last line of file ends without a newline
HTTP_demo.c(48): warning:  #177-D: variable "i" was declared but never referenced
HTTP_demo.c(49): warning:  #177-D: variable "ReData" was declared but never referenced
compiling usart_int.c...
compiling Net_Config.c...
assembling startup_stm32f10x_cl.s...
compiling misc.c...
compiling stm32f10x_gpio.c...
compiling stm32f10x_rcc.c...
compiling stm32f10x_usart.c...
compiling system_stm32f10x_cl.c...
compiling usart.c...
compiling ETH_STM32x.c...
compiling GLCD.c...
linking...
Program Size: Code=14844 RO-data=7104 RW-data=5500 ZI-data=18796  
FromELF: creating hex file...
".\Obj\Http_demo.axf" - 0 Error(s), 3 Warning(s).
Rebuild target 'STM3210C'
compiling HTTP_demo.c...
logo_RGB565.h(320): warning:  #1-D: last line of file ends without a newline
HTTP_demo.c(48): warning:  #177-D: variable "i" was declared but never referenced
HTTP_demo.c(49): warning:  #177-D: variable "ReData" was declared but never referenced
compiling usart_int.c...
compiling Net_Config.c...
assembling startup_stm32f10x_cl.s...
compiling misc.c...
compiling stm32f10x_gpio.c...
compiling stm32f10x_rcc.c...
compiling stm32f10x_usart.c...
compiling system_stm32f10x_cl.c...
compiling usart.c...
compiling ETH_STM32x.c...
compiling GLCD.c...
linking...
Program Size: Code=14856 RO-data=7104 RW-data=5500 ZI-data=18796  
FromELF: creating hex file...
".\Obj\Http_demo.axf" - 0 Error(s), 3 Warning(s).
Load "C:\\Users\\mui-pc\\Desktop\\VBEB\\VBEBProject\\Library management\\SourceCode\\Version_1_1\\Http_demo\\Obj\\Http_demo.AXF" 
* JLink Info: Device "STM32F107VC" selected (256 KB flash, 20 KB RAM).
Set JLink Project File to "C:\Users\mui-pc\Desktop\VBEB\VBEBProject\Library management\SourceCode\Version_1_1\Http_demo\JLinkSettings.ini"
 
JLink info:
------------
DLL: V4.50j, compiled Jun 26 2012 09:19:07
Firmware: J-Link ARM V8 compiled Dec  1 2015 11:42:48
Hardware: V8.00
S/N : 20080643 
Feature(s) : RDI,FlashDL,FlashBP,JFlash,GDBFull 
 
* JLink Info: Found SWD-DP with ID 0x1BA01477
* JLink Info: Found SWD-DP with ID 0x1BA01477
* JLink Info: TPIU fitted.
* JLink Info: ETM fitted.
* JLink Info: FPUnit: 6 code (BP) slots and 2 literal slots
* JLink Info: Found Cortex-M3 r1p1, Little endian.
ROMTableAddr = 0xE00FF003
 
Target info:
------------
Device: STM32F107VC
VTarget = 3.287V
State of Pins: 
TCK: 0, TDI: 1, TDO: 0, TMS: 0, TRES: 1, TRST: 1
Hardware-Breakpoints: 6
Software-Breakpoints: 8192
Watchpoints:          4
JTAG speed: 4000 kHz
 
Erase Done.
Programming Done.
Verify OK.
Application running ...
Rebuild target 'STM3210C'
compiling HTTP_demo.c...
logo_RGB565.h(320): warning:  #1-D: last line of file ends without a newline
HTTP_demo.c(73): warning:  #177-D: variable "i" was declared but never referenced
HTTP_demo.c(74): warning:  #177-D: variable "ReData" was declared but never referenced
compiling Net_Config.c...
assembling startup_stm32f10x_cl.s...
compiling misc.c...
compiling stm32f10x_gpio.c...
compiling stm32f10x_rcc.c...
compiling stm32f10x_usart.c...
compiling system_stm32f10x_cl.c...
compiling usart.c...
compiling ETH_STM32x.c...
compiling GLCD.c...
linking...
Program Size: Code=14852 RO-data=7104 RW-data=5500 ZI-data=18796  
FromELF: creating hex file...
".\Obj\Http_demo.axf" - 0 Error(s), 3 Warning(s).
Load "C:\\Users\\mui-pc\\Desktop\\VBEB\\VBEBProject\\Library management\\SourceCode\\Version_1_1\\Http_demo\\Obj\\Http_demo.AXF" 
* JLink Info: Device "STM32F107VC" selected (256 KB flash, 20 KB RAM).
Set JLink Project File to "C:\Users\mui-pc\Desktop\VBEB\VBEBProject\Library management\SourceCode\Version_1_1\Http_demo\JLinkSettings.ini"
 
JLink info:
------------
DLL: V4.50j, compiled Jun 26 2012 09:19:07
Firmware: J-Link ARM V8 compiled Dec  1 2015 11:42:48
Hardware: V8.00
S/N : 20080643 
Feature(s) : RDI,FlashDL,FlashBP,JFlash,GDBFull 
 
* JLink Info: Found SWD-DP with ID 0x1BA01477
* JLink Info: Found SWD-DP with ID 0x1BA01477
* JLink Info: TPIU fitted.
* JLink Info: ETM fitted.
* JLink Info: FPUnit: 6 code (BP) slots and 2 literal slots
* JLink Info: Found Cortex-M3 r1p1, Little endian.
ROMTableAddr = 0xE00FF003
 
Target info:
------------
Device: STM32F107VC
VTarget = 3.287V
State of Pins: 
TCK: 0, TDI: 1, TDO: 0, TMS: 0, TRES: 1, TRST: 1
Hardware-Breakpoints: 6
Software-Breakpoints: 8192
Watchpoints:          4
JTAG speed: 4000 kHz
 
Erase Done.
Programming Done.
Verify OK.
Application running ...
Rebuild target 'STM3210C'
compiling HTTP_demo.c...
logo_RGB565.h(320): warning:  #1-D: last line of file ends without a newline
HTTP_demo.c(48): warning:  #177-D: variable "i" was declared but never referenced
HTTP_demo.c(49): warning:  #177-D: variable "ReData" was declared but never referenced
compiling usart_int.c...
compiling Net_Config.c...
assembling startup_stm32f10x_cl.s...
compiling misc.c...
compiling stm32f10x_gpio.c...
compiling stm32f10x_rcc.c...
compiling stm32f10x_usart.c...
compiling system_stm32f10x_cl.c...
compiling usart.c...
compiling ETH_STM32x.c...
compiling GLCD.c...
linking...
Program Size: Code=14856 RO-data=7104 RW-data=5500 ZI-data=18796  
FromELF: creating hex file...
".\Obj\Http_demo.axf" - 0 Error(s), 3 Warning(s).
Load "C:\\Users\\mui-pc\\Desktop\\VBEB\\VBEBProject\\Library management\\SourceCode\\Version_1_1\\Http_demo\\Obj\\Http_demo.AXF" 
* JLink Info: Device "STM32F107VC" selected (256 KB flash, 20 KB RAM).
Set JLink Project File to "C:\Users\mui-pc\Desktop\VBEB\VBEBProject\Library management\SourceCode\Version_1_1\Http_demo\JLinkSettings.ini"
 
JLink info:
------------
DLL: V4.50j, compiled Jun 26 2012 09:19:07
Firmware: J-Link ARM V8 compiled Dec  1 2015 11:42:48
Hardware: V8.00
S/N : 20080643 
Feature(s) : RDI,FlashDL,FlashBP,JFlash,GDBFull 
 
* JLink Info: Found SWD-DP with ID 0x1BA01477
* JLink Info: Found SWD-DP with ID 0x1BA01477
* JLink Info: TPIU fitted.
* JLink Info: ETM fitted.
* JLink Info: FPUnit: 6 code (BP) slots and 2 literal slots
* JLink Info: Found Cortex-M3 r1p1, Little endian.
ROMTableAddr = 0xE00FF003
 
Target info:
------------
Device: STM32F107VC
VTarget = 3.287V
State of Pins: 
TCK: 0, TDI: 1, TDO: 0, TMS: 0, TRES: 1, TRST: 1
Hardware-Breakpoints: 6
Software-Breakpoints: 8192
Watchpoints:          4
JTAG speed: 4000 kHz
 
Erase Done.
Programming Done.
Verify OK.
Application running ...
Load "C:\\Users\\mui-pc\\Desktop\\VBEB\\VBEBProject\\Library management\\SourceCode\\Version_1_1\\Http_demo\\Obj\\Http_demo.AXF" 
* JLink Info: Device "STM32F107VC" selected (256 KB flash, 20 KB RAM).
Set JLink Project File to "C:\Users\mui-pc\Desktop\VBEB\VBEBProject\Library management\SourceCode\Version_1_1\Http_demo\JLinkSettings.ini"
 
JLink info:
------------
DLL: V4.50j, compiled Jun 26 2012 09:19:07
Firmware: J-Link ARM V8 compiled Dec  1 2015 11:42:48
Hardware: V8.00
S/N : 20080643 
Feature(s) : RDI,FlashDL,FlashBP,JFlash,GDBFull 
 
* JLink Info: Found SWD-DP with ID 0x1BA01477
* JLink Info: Found SWD-DP with ID 0x1BA01477
* JLink Info: TPIU fitted.
* JLink Info: ETM fitted.
* JLink Info: FPUnit: 6 code (BP) slots and 2 literal slots
* JLink Info: Found Cortex-M3 r1p1, Little endian.
ROMTableAddr = 0xE00FF003
 
Target info:
------------
Device: STM32F107VC
VTarget = 3.287V
State of Pins: 
TCK: 0, TDI: 1, TDO: 0, TMS: 0, TRES: 1, TRST: 1
Hardware-Breakpoints: 6
Software-Breakpoints: 8192
Watchpoints:          4
JTAG speed: 4000 kHz
 
Erase Done.
Programming Done.
Verify OK.
Application running ...
Build target 'STM3210C'
compiling usart_int.c...
linking...
Program Size: Code=14864 RO-data=7104 RW-data=5500 ZI-data=18796  
FromELF: creating hex file...
".\Obj\Http_demo.axf" - 0 Error(s), 0 Warning(s).
Load "C:\\Users\\mui-pc\\Desktop\\VBEB\\VBEBProject\\Library management\\SourceCode\\Version_1_1\\Http_demo\\Obj\\Http_demo.AXF" 
* JLink Info: Device "STM32F107VC" selected (256 KB flash, 20 KB RAM).
Set JLink Project File to "C:\Users\mui-pc\Desktop\VBEB\VBEBProject\Library management\SourceCode\Version_1_1\Http_demo\JLinkSettings.ini"
 
JLink info:
------------
DLL: V4.50j, compiled Jun 26 2012 09:19:07
Firmware: J-Link ARM V8 compiled Dec  1 2015 11:42:48
Hardware: V8.00
S/N : 20080643 
Feature(s) : RDI,FlashDL,FlashBP,JFlash,GDBFull 
 
* JLink Info: Found SWD-DP with ID 0x1BA01477
* JLink Info: Found SWD-DP with ID 0x1BA01477
* JLink Info: TPIU fitted.
* JLink Info: ETM fitted.
* JLink Info: FPUnit: 6 code (BP) slots and 2 literal slots
* JLink Info: Found Cortex-M3 r1p1, Little endian.
ROMTableAddr = 0xE00FF003
 
Target info:
------------
Device: STM32F107VC
VTarget = 3.287V
State of Pins: 
TCK: 0, TDI: 1, TDO: 0, TMS: 0, TRES: 1, TRST: 1
Hardware-Breakpoints: 6
Software-Breakpoints: 8192
Watchpoints:          4
JTAG speed: 4000 kHz
 
Erase Done.
Programming Done.
Verify OK.
Application running ...
Load "C:\\Users\\mui-pc\\Desktop\\VBEB\\VBEBProject\\Library management\\SourceCode\\Version_1_1\\Http_demo\\Obj\\Http_demo.AXF" 
* JLink Info: Device "STM32F107VC" selected (256 KB flash, 20 KB RAM).
Set JLink Project File to "C:\Users\mui-pc\Desktop\VBEB\VBEBProject\Library management\SourceCode\Version_1_1\Http_demo\JLinkSettings.ini"
 
JLink info:
------------
DLL: V4.50j, compiled Jun 26 2012 09:19:07
Firmware: J-Link ARM V8 compiled Dec  1 2015 11:42:48
Hardware: V8.00
S/N : 20080643 
Feature(s) : RDI,FlashDL,FlashBP,JFlash,GDBFull 
 
* JLink Info: Found SWD-DP with ID 0x1BA01477
* JLink Info: Found SWD-DP with ID 0x1BA01477
* JLink Info: TPIU fitted.
* JLink Info: ETM fitted.
* JLink Info: FPUnit: 6 code (BP) slots and 2 literal slots
* JLink Info: Found Cortex-M3 r1p1, Little endian.
ROMTableAddr = 0xE00FF003
 
Target info:
------------
Device: STM32F107VC
VTarget = 3.287V
State of Pins: 
TCK: 0, TDI: 1, TDO: 0, TMS: 0, TRES: 1, TRST: 1
Hardware-Breakpoints: 6
Software-Breakpoints: 8192
Watchpoints:          4
JTAG speed: 4000 kHz
 
Erase Done.
Programming Done.
Verify OK.
Application running ...
Rebuild target 'STM3210C'
compiling HTTP_demo.c...
logo_RGB565.h(320): warning:  #1-D: last line of file ends without a newline
HTTP_demo.c(48): warning:  #177-D: variable "i" was declared but never referenced
HTTP_demo.c(49): warning:  #177-D: variable "ReData" was declared but never referenced
compiling usart_int.c...
compiling Net_Config.c...
assembling startup_stm32f10x_cl.s...
compiling misc.c...
compiling stm32f10x_gpio.c...
compiling stm32f10x_rcc.c...
compiling stm32f10x_usart.c...
compiling system_stm32f10x_cl.c...
compiling usart.c...
compiling ETH_STM32x.c...
compiling GLCD.c...
linking...
Program Size: Code=14864 RO-data=7104 RW-data=5500 ZI-data=18796  
FromELF: creating hex file...
".\Obj\Http_demo.axf" - 0 Error(s), 3 Warning(s).
Load "C:\\Users\\mui-pc\\Desktop\\VBEB\\VBEBProject\\Library management\\SourceCode\\Version_1_1\\Http_demo\\Obj\\Http_demo.AXF" 
* JLink Info: Device "STM32F107VC" selected (256 KB flash, 20 KB RAM).
Set JLink Project File to "C:\Users\mui-pc\Desktop\VBEB\VBEBProject\Library management\SourceCode\Version_1_1\Http_demo\JLinkSettings.ini"
 
JLink info:
------------
DLL: V4.50j, compiled Jun 26 2012 09:19:07
Firmware: J-Link ARM V8 compiled Dec  1 2015 11:42:48
Hardware: V8.00
S/N : 20080643 
Feature(s) : RDI,FlashDL,FlashBP,JFlash,GDBFull 
 
* JLink Info: Found SWD-DP with ID 0x1BA01477
* JLink Info: Found SWD-DP with ID 0x1BA01477
* JLink Info: TPIU fitted.
* JLink Info: ETM fitted.
* JLink Info: FPUnit: 6 code (BP) slots and 2 literal slots
* JLink Info: Found Cortex-M3 r1p1, Little endian.
ROMTableAddr = 0xE00FF003
 
Target info:
------------
Device: STM32F107VC
VTarget = 3.287V
State of Pins: 
TCK: 0, TDI: 1, TDO: 0, TMS: 0, TRES: 1, TRST: 1
Hardware-Breakpoints: 6
Software-Breakpoints: 8192
Watchpoints:          4
JTAG speed: 4000 kHz
 
Erase Done.
Programming Done.
Verify OK.
Application running ...
Rebuild target 'STM3210C'
compiling HTTP_demo.c...
logo_RGB565.h(320): warning:  #1-D: last line of file ends without a newline
HTTP_demo.c(48): warning:  #177-D: variable "i" was declared but never referenced
HTTP_demo.c(49): warning:  #177-D: variable "ReData" was declared but never referenced
compiling usart_int.c...
compiling Net_Config.c...
assembling startup_stm32f10x_cl.s...
compiling misc.c...
compiling stm32f10x_gpio.c...
compiling stm32f10x_rcc.c...
compiling stm32f10x_usart.c...
compiling system_stm32f10x_cl.c...
compiling usart.c...
compiling ETH_STM32x.c...
compiling GLCD.c...
linking...
Program Size: Code=14864 RO-data=7104 RW-data=5500 ZI-data=18796  
FromELF: creating hex file...
".\Obj\Http_demo.axf" - 0 Error(s), 3 Warning(s).
Load "C:\\Users\\mui-pc\\Desktop\\VBEB\\VBEBProject\\Library management\\SourceCode\\Version_1_1\\Http_demo\\Obj\\Http_demo.AXF" 
* JLink Info: Device "STM32F107VC" selected (256 KB flash, 20 KB RAM).
Set JLink Project File to "C:\Users\mui-pc\Desktop\VBEB\VBEBProject\Library management\SourceCode\Version_1_1\Http_demo\JLinkSettings.ini"
 
JLink info:
------------
DLL: V4.50j, compiled Jun 26 2012 09:19:07
Firmware: J-Link ARM V8 compiled Dec  1 2015 11:42:48
Hardware: V8.00
S/N : 20080643 
Feature(s) : RDI,FlashDL,FlashBP,JFlash,GDBFull 
 
* JLink Info: Found SWD-DP with ID 0x1BA01477
* JLink Info: Found SWD-DP with ID 0x1BA01477
* JLink Info: TPIU fitted.
* JLink Info: ETM fitted.
* JLink Info: FPUnit: 6 code (BP) slots and 2 literal slots
* JLink Info: Found Cortex-M3 r1p1, Little endian.
ROMTableAddr = 0xE00FF003
 
Target info:
------------
Device: STM32F107VC
VTarget = 3.287V
State of Pins: 
TCK: 0, TDI: 1, TDO: 0, TMS: 0, TRES: 1, TRST: 1
Hardware-Breakpoints: 6
Software-Breakpoints: 8192
Watchpoints:          4
JTAG speed: 4000 kHz
 
Erase Done.
Programming Done.
Verify OK.
Application running ...
Load "C:\\Users\\mui-pc\\Desktop\\VBEB\\VBEBProject\\Library management\\SourceCode\\Version_1_1\\Http_demo\\Obj\\Http_demo.AXF" 
* JLink Info: Device "STM32F107VC" selected (256 KB flash, 20 KB RAM).
Set JLink Project File to "C:\Users\mui-pc\Desktop\VBEB\VBEBProject\Library management\SourceCode\Version_1_1\Http_demo\JLinkSettings.ini"
 
JLink info:
------------
DLL: V4.50j, compiled Jun 26 2012 09:19:07
Firmware: J-Link ARM V8 compiled Dec  1 2015 11:42:48
Hardware: V8.00
S/N : 20080643 
Feature(s) : RDI,FlashDL,FlashBP,JFlash,GDBFull 
 
* JLink Info: Found SWD-DP with ID 0x1BA01477
* JLink Info: Found SWD-DP with ID 0x1BA01477
* JLink Info: TPIU fitted.
* JLink Info: ETM fitted.
* JLink Info: FPUnit: 6 code (BP) slots and 2 literal slots
* JLink Info: Found Cortex-M3 r1p1, Little endian.
ROMTableAddr = 0xE00FF003
 
Target info:
------------
Device: STM32F107VC
VTarget = 3.287V
State of Pins: 
TCK: 0, TDI: 1, TDO: 0, TMS: 0, TRES: 1, TRST: 1
Hardware-Breakpoints: 6
Software-Breakpoints: 8192
Watchpoints:          4
JTAG speed: 4000 kHz
 
Erase Done.
Programming Done.
Verify OK.
Application running ...
Rebuild target 'STM3210C'
compiling HTTP_demo.c...
logo_RGB565.h(320): warning:  #1-D: last line of file ends without a newline
HTTP_demo.c(48): warning:  #177-D: variable "i" was declared but never referenced
HTTP_demo.c(49): warning:  #177-D: variable "ReData" was declared but never referenced
compiling usart_int.c...
App\usart_int.c(121): error:  #20: identifier "rxIndex" is undefined
compiling Net_Config.c...
assembling startup_stm32f10x_cl.s...
compiling misc.c...
compiling stm32f10x_gpio.c...
compiling stm32f10x_rcc.c...
compiling stm32f10x_usart.c...
compiling system_stm32f10x_cl.c...
compiling usart.c...
compiling ETH_STM32x.c...
compiling GLCD.c...
Target not created
Rebuild target 'STM3210C'
compiling HTTP_demo.c...
logo_RGB565.h(320): warning:  #1-D: last line of file ends without a newline
HTTP_demo.c(48): warning:  #177-D: variable "i" was declared but never referenced
HTTP_demo.c(49): warning:  #177-D: variable "ReData" was declared but never referenced
compiling usart_int.c...
App\usart_int.c(121): error:  #20: identifier "rxIndex" is undefined
compiling Net_Config.c...
assembling startup_stm32f10x_cl.s...
compiling misc.c...
compiling stm32f10x_gpio.c...
compiling stm32f10x_rcc.c...
compiling stm32f10x_usart.c...
compiling system_stm32f10x_cl.c...
compiling usart.c...
compiling ETH_STM32x.c...
compiling GLCD.c...
Target not created
Rebuild target 'STM3210C'
compiling HTTP_demo.c...
logo_RGB565.h(320): warning:  #1-D: last line of file ends without a newline
HTTP_demo.c(48): warning:  #177-D: variable "i" was declared but never referenced
HTTP_demo.c(49): warning:  #177-D: variable "ReData" was declared but never referenced
compiling usart_int.c...
compiling Net_Config.c...
assembling startup_stm32f10x_cl.s...
compiling misc.c...
compiling stm32f10x_gpio.c...
compiling stm32f10x_rcc.c...
compiling stm32f10x_usart.c...
compiling system_stm32f10x_cl.c...
compiling usart.c...
compiling ETH_STM32x.c...
compiling GLCD.c...
linking...
Program Size: Code=14856 RO-data=7104 RW-data=5500 ZI-data=18796  
FromELF: creating hex file...
".\Obj\Http_demo.axf" - 0 Error(s), 3 Warning(s).
Load "C:\\Users\\mui-pc\\Desktop\\VBEB\\VBEBProject\\Library management\\SourceCode\\Version_1_1\\Http_demo\\Obj\\Http_demo.AXF" 
* JLink Info: Device "STM32F107VC" selected (256 KB flash, 20 KB RAM).
Set JLink Project File to "C:\Users\mui-pc\Desktop\VBEB\VBEBProject\Library management\SourceCode\Version_1_1\Http_demo\JLinkSettings.ini"
 
JLink info:
------------
DLL: V4.50j, compiled Jun 26 2012 09:19:07
Firmware: J-Link ARM V8 compiled Dec  1 2015 11:42:48
Hardware: V8.00
S/N : 20080643 
Feature(s) : RDI,FlashDL,FlashBP,JFlash,GDBFull 
 
* JLink Info: Found SWD-DP with ID 0x1BA01477
* JLink Info: Found SWD-DP with ID 0x1BA01477
* JLink Info: TPIU fitted.
* JLink Info: ETM fitted.
* JLink Info: FPUnit: 6 code (BP) slots and 2 literal slots
* JLink Info: Found Cortex-M3 r1p1, Little endian.
ROMTableAddr = 0xE00FF003
 
Target info:
------------
Device: STM32F107VC
VTarget = 3.287V
State of Pins: 
TCK: 0, TDI: 1, TDO: 0, TMS: 0, TRES: 1, TRST: 1
Hardware-Breakpoints: 6
Software-Breakpoints: 8192
Watchpoints:          4
JTAG speed: 4000 kHz
 
Erase Done.
Programming Done.
Verify OK.
Application running ...
Rebuild target 'STM3210C'
compiling HTTP_demo.c...
logo_RGB565.h(320): warning:  #1-D: last line of file ends without a newline
HTTP_demo.c(48): warning:  #177-D: variable "i" was declared but never referenced
HTTP_demo.c(49): warning:  #177-D: variable "ReData" was declared but never referenced
compiling usart_int.c...
compiling Net_Config.c...
assembling startup_stm32f10x_cl.s...
compiling misc.c...
compiling stm32f10x_gpio.c...
compiling stm32f10x_rcc.c...
compiling stm32f10x_usart.c...
compiling system_stm32f10x_cl.c...
compiling usart.c...
compiling ETH_STM32x.c...
compiling GLCD.c...
linking...
Program Size: Code=14848 RO-data=7104 RW-data=5500 ZI-data=18796  
FromELF: creating hex file...
".\Obj\Http_demo.axf" - 0 Error(s), 3 Warning(s).
Load "C:\\Users\\mui-pc\\Desktop\\VBEB\\VBEBProject\\Library management\\SourceCode\\Version_1_1\\Http_demo\\Obj\\Http_demo.AXF" 
* JLink Info: Device "STM32F107VC" selected (256 KB flash, 20 KB RAM).
Set JLink Project File to "C:\Users\mui-pc\Desktop\VBEB\VBEBProject\Library management\SourceCode\Version_1_1\Http_demo\JLinkSettings.ini"
 
JLink info:
------------
DLL: V4.50j, compiled Jun 26 2012 09:19:07
Firmware: J-Link ARM V8 compiled Dec  1 2015 11:42:48
Hardware: V8.00
S/N : 20080643 
Feature(s) : RDI,FlashDL,FlashBP,JFlash,GDBFull 
 
* JLink Info: Found SWD-DP with ID 0x1BA01477
* JLink Info: Found SWD-DP with ID 0x1BA01477
* JLink Info: TPIU fitted.
* JLink Info: ETM fitted.
* JLink Info: FPUnit: 6 code (BP) slots and 2 literal slots
* JLink Info: Found Cortex-M3 r1p1, Little endian.
ROMTableAddr = 0xE00FF003
 
Target info:
------------
Device: STM32F107VC
VTarget = 3.287V
State of Pins: 
TCK: 0, TDI: 1, TDO: 0, TMS: 0, TRES: 1, TRST: 1
Hardware-Breakpoints: 6
Software-Breakpoints: 8192
Watchpoints:          4
JTAG speed: 4000 kHz
 
Erase Done.
Programming Done.
Verify OK.
Application running ...
Rebuild target 'STM3210C'
compiling HTTP_demo.c...
logo_RGB565.h(320): warning:  #1-D: last line of file ends without a newline
HTTP_demo.c(48): warning:  #177-D: variable "i" was declared but never referenced
HTTP_demo.c(49): warning:  #177-D: variable "ReData" was declared but never referenced
compiling usart_int.c...
compiling Net_Config.c...
assembling startup_stm32f10x_cl.s...
compiling misc.c...
compiling stm32f10x_gpio.c...
compiling stm32f10x_rcc.c...
compiling stm32f10x_usart.c...
compiling system_stm32f10x_cl.c...
compiling usart.c...
compiling ETH_STM32x.c...
compiling GLCD.c...
linking...
Program Size: Code=14856 RO-data=7104 RW-data=5500 ZI-data=18796  
FromELF: creating hex file...
".\Obj\Http_demo.axf" - 0 Error(s), 3 Warning(s).
Load "C:\\Users\\mui-pc\\Desktop\\VBEB\\VBEBProject\\Library management\\SourceCode\\Version_1_1\\Http_demo\\Obj\\Http_demo.AXF" 
* JLink Info: Device "STM32F107VC" selected (256 KB flash, 20 KB RAM).
Set JLink Project File to "C:\Users\mui-pc\Desktop\VBEB\VBEBProject\Library management\SourceCode\Version_1_1\Http_demo\JLinkSettings.ini"
 
JLink info:
------------
DLL: V4.50j, compiled Jun 26 2012 09:19:07
Firmware: J-Link ARM V8 compiled Dec  1 2015 11:42:48
Hardware: V8.00
S/N : 20080643 
Feature(s) : RDI,FlashDL,FlashBP,JFlash,GDBFull 
 
* JLink Info: Found SWD-DP with ID 0x1BA01477
* JLink Info: Found SWD-DP with ID 0x1BA01477
* JLink Info: TPIU fitted.
* JLink Info: ETM fitted.
* JLink Info: FPUnit: 6 code (BP) slots and 2 literal slots
* JLink Info: Found Cortex-M3 r1p1, Little endian.
ROMTableAddr = 0xE00FF003
 
Target info:
------------
Device: STM32F107VC
VTarget = 3.287V
State of Pins: 
TCK: 0, TDI: 1, TDO: 0, TMS: 0, TRES: 1, TRST: 1
Hardware-Breakpoints: 6
Software-Breakpoints: 8192
Watchpoints:          4
JTAG speed: 4000 kHz
 
Erase Done.
Programming Done.
Verify OK.
Application running ...
Load "C:\\Users\\mui-pc\\Desktop\\VBEB\\VBEBProject\\Library management\\SourceCode\\Version_1_1\\Http_demo\\Obj\\Http_demo.AXF" 
* JLink Info: Device "STM32F107VC" selected (256 KB flash, 20 KB RAM).
Set JLink Project File to "C:\Users\mui-pc\Desktop\VBEB\VBEBProject\Library management\SourceCode\Version_1_1\Http_demo\JLinkSettings.ini"
 
JLink info:
------------
DLL: V4.50j, compiled Jun 26 2012 09:19:07
Firmware: J-Link ARM V8 compiled Dec  1 2015 11:42:48
Hardware: V8.00
S/N : 20080643 
Feature(s) : RDI,FlashDL,FlashBP,JFlash,GDBFull 
 
* JLink Info: Found SWD-DP with ID 0x1BA01477
* JLink Info: Found SWD-DP with ID 0x1BA01477
* JLink Info: TPIU fitted.
* JLink Info: ETM fitted.
* JLink Info: FPUnit: 6 code (BP) slots and 2 literal slots
* JLink Info: Found Cortex-M3 r1p1, Little endian.
ROMTableAddr = 0xE00FF003
 
Target info:
------------
Device: STM32F107VC
VTarget = 3.287V
State of Pins: 
TCK: 0, TDI: 1, TDO: 0, TMS: 0, TRES: 1, TRST: 1
Hardware-Breakpoints: 6
Software-Breakpoints: 8192
Watchpoints:          4
JTAG speed: 4000 kHz
 
Erase Done.
Programming Done.
Verify OK.
Application running ...
Rebuild target 'STM3210C'
compiling HTTP_demo.c...
logo_RGB565.h(320): warning:  #1-D: last line of file ends without a newline
HTTP_demo.c(48): warning:  #177-D: variable "i" was declared but never referenced
HTTP_demo.c(49): warning:  #177-D: variable "ReData" was declared but never referenced
compiling usart_int.c...
compiling Net_Config.c...
assembling startup_stm32f10x_cl.s...
compiling misc.c...
compiling stm32f10x_gpio.c...
compiling stm32f10x_rcc.c...
compiling stm32f10x_usart.c...
compiling system_stm32f10x_cl.c...
compiling usart.c...
compiling ETH_STM32x.c...
compiling GLCD.c...
linking...
Program Size: Code=14848 RO-data=7104 RW-data=5500 ZI-data=18796  
FromELF: creating hex file...
".\Obj\Http_demo.axf" - 0 Error(s), 3 Warning(s).
Load "C:\\Users\\mui-pc\\Desktop\\VBEB\\VBEBProject\\Library management\\SourceCode\\Version_1_1\\Http_demo\\Obj\\Http_demo.AXF" 
* JLink Info: Device "STM32F107VC" selected (256 KB flash, 20 KB RAM).
Set JLink Project File to "C:\Users\mui-pc\Desktop\VBEB\VBEBProject\Library management\SourceCode\Version_1_1\Http_demo\JLinkSettings.ini"
 
JLink info:
------------
DLL: V4.50j, compiled Jun 26 2012 09:19:07
Firmware: J-Link ARM V8 compiled Dec  1 2015 11:42:48
Hardware: V8.00
S/N : 20080643 
Feature(s) : RDI,FlashDL,FlashBP,JFlash,GDBFull 
 
* JLink Info: Found SWD-DP with ID 0x1BA01477
* JLink Info: Found SWD-DP with ID 0x1BA01477
* JLink Info: TPIU fitted.
* JLink Info: ETM fitted.
* JLink Info: FPUnit: 6 code (BP) slots and 2 literal slots
* JLink Info: Found Cortex-M3 r1p1, Little endian.
ROMTableAddr = 0xE00FF003
 
Target info:
------------
Device: STM32F107VC
VTarget = 3.280V
State of Pins: 
TCK: 0, TDI: 1, TDO: 0, TMS: 0, TRES: 1, TRST: 1
Hardware-Breakpoints: 6
Software-Breakpoints: 8192
Watchpoints:          4
JTAG speed: 4000 kHz
 
Erase Done.
Programming Done.
Verify OK.
Application running ...
Build target 'STM3210C'
compiling HTTP_demo.c...
logo_RGB565.h(320): warning:  #1-D: last line of file ends without a newline
HTTP_demo.c(48): warning:  #177-D: variable "i" was declared but never referenced
HTTP_demo.c(49): warning:  #177-D: variable "ReData" was declared but never referenced
linking...
Program Size: Code=14856 RO-data=7104 RW-data=5500 ZI-data=18796  
FromELF: creating hex file...
".\Obj\Http_demo.axf" - 0 Error(s), 3 Warning(s).
Load "C:\\Users\\mui-pc\\Desktop\\VBEB\\VBEBProject\\Library management\\SourceCode\\Version_1_1\\Http_demo\\Obj\\Http_demo.AXF" 
* JLink Info: Device "STM32F107VC" selected (256 KB flash, 20 KB RAM).
Set JLink Project File to "C:\Users\mui-pc\Desktop\VBEB\VBEBProject\Library management\SourceCode\Version_1_1\Http_demo\JLinkSettings.ini"
 
JLink info:
------------
DLL: V4.50j, compiled Jun 26 2012 09:19:07
Firmware: J-Link ARM V8 compiled Dec  1 2015 11:42:48
Hardware: V8.00
S/N : 20080643 
Feature(s) : RDI,FlashDL,FlashBP,JFlash,GDBFull 
 
* JLink Info: Found SWD-DP with ID 0x1BA01477
* JLink Info: Found SWD-DP with ID 0x1BA01477
* JLink Info: TPIU fitted.
* JLink Info: ETM fitted.
* JLink Info: FPUnit: 6 code (BP) slots and 2 literal slots
* JLink Info: Found Cortex-M3 r1p1, Little endian.
ROMTableAddr = 0xE00FF003
 
Target info:
------------
Device: STM32F107VC
VTarget = 3.287V
State of Pins: 
TCK: 0, TDI: 1, TDO: 0, TMS: 0, TRES: 1, TRST: 1
Hardware-Breakpoints: 6
Software-Breakpoints: 8192
Watchpoints:          4
JTAG speed: 4000 kHz
 
Erase Done.
Programming Done.
Verify OK.
Application running ...
Rebuild target 'STM3210C'
compiling HTTP_demo.c...
logo_RGB565.h(320): warning:  #1-D: last line of file ends without a newline
HTTP_demo.c(48): warning:  #177-D: variable "i" was declared but never referenced
HTTP_demo.c(49): warning:  #177-D: variable "ReData" was declared but never referenced
compiling usart_int.c...
compiling Net_Config.c...
assembling startup_stm32f10x_cl.s...
compiling misc.c...
compiling stm32f10x_gpio.c...
compiling stm32f10x_rcc.c...
compiling stm32f10x_usart.c...
compiling system_stm32f10x_cl.c...
compiling usart.c...
compiling ETH_STM32x.c...
compiling GLCD.c...
linking...
Program Size: Code=14880 RO-data=7104 RW-data=5500 ZI-data=18796  
FromELF: creating hex file...
".\Obj\Http_demo.axf" - 0 Error(s), 3 Warning(s).
Load "C:\\Users\\mui-pc\\Desktop\\VBEB\\VBEBProject\\Library management\\SourceCode\\Version_1_1\\Http_demo\\Obj\\Http_demo.AXF" 
* JLink Info: Device "STM32F107VC" selected (256 KB flash, 20 KB RAM).
Set JLink Project File to "C:\Users\mui-pc\Desktop\VBEB\VBEBProject\Library management\SourceCode\Version_1_1\Http_demo\JLinkSettings.ini"
 
JLink info:
------------
DLL: V4.50j, compiled Jun 26 2012 09:19:07
Firmware: J-Link ARM V8 compiled Dec  1 2015 11:42:48
Hardware: V8.00
S/N : 20080643 
Feature(s) : RDI,FlashDL,FlashBP,JFlash,GDBFull 
 
* JLink Info: Found SWD-DP with ID 0x1BA01477
* JLink Info: Found SWD-DP with ID 0x1BA01477
* JLink Info: TPIU fitted.
* JLink Info: ETM fitted.
* JLink Info: FPUnit: 6 code (BP) slots and 2 literal slots
* JLink Info: Found Cortex-M3 r1p1, Little endian.
ROMTableAddr = 0xE00FF003
 
Target info:
------------
Device: STM32F107VC
VTarget = 3.280V
State of Pins: 
TCK: 0, TDI: 1, TDO: 0, TMS: 0, TRES: 1, TRST: 1
Hardware-Breakpoints: 6
Software-Breakpoints: 8192
Watchpoints:          4
JTAG speed: 4000 kHz
 
Erase Done.
Programming Done.
Verify OK.
Application running ...
Build target 'STM3210C'
compiling HTTP_demo.c...
logo_RGB565.h(320): warning:  #1-D: last line of file ends without a newline
HTTP_demo.c(48): warning:  #177-D: variable "i" was declared but never referenced
HTTP_demo.c(49): warning:  #177-D: variable "ReData" was declared but never referenced
linking...
Program Size: Code=14884 RO-data=7104 RW-data=5500 ZI-data=18796  
FromELF: creating hex file...
".\Obj\Http_demo.axf" - 0 Error(s), 3 Warning(s).
Load "C:\\Users\\mui-pc\\Desktop\\VBEB\\VBEBProject\\Library management\\SourceCode\\Version_1_1\\Http_demo\\Obj\\Http_demo.AXF" 
* JLink Info: Device "STM32F107VC" selected (256 KB flash, 20 KB RAM).
Set JLink Project File to "C:\Users\mui-pc\Desktop\VBEB\VBEBProject\Library management\SourceCode\Version_1_1\Http_demo\JLinkSettings.ini"
 
JLink info:
------------
DLL: V4.50j, compiled Jun 26 2012 09:19:07
Firmware: J-Link ARM V8 compiled Dec  1 2015 11:42:48
Hardware: V8.00
S/N : 20080643 
Feature(s) : RDI,FlashDL,FlashBP,JFlash,GDBFull 
 
* JLink Info: Found SWD-DP with ID 0x1BA01477
* JLink Info: Found SWD-DP with ID 0x1BA01477
* JLink Info: TPIU fitted.
* JLink Info: ETM fitted.
* JLink Info: FPUnit: 6 code (BP) slots and 2 literal slots
* JLink Info: Found Cortex-M3 r1p1, Little endian.
ROMTableAddr = 0xE00FF003
 
Target info:
------------
Device: STM32F107VC
VTarget = 3.287V
State of Pins: 
TCK: 0, TDI: 1, TDO: 0, TMS: 0, TRES: 1, TRST: 1
Hardware-Breakpoints: 6
Software-Breakpoints: 8192
Watchpoints:          4
JTAG speed: 4000 kHz
 
Erase Done.
Programming Done.
Verify OK.
Application running ...
Load "C:\\Users\\mui-pc\\Desktop\\VBEB\\VBEBProject\\Library management\\SourceCode\\Version_1_1\\Http_demo\\Obj\\Http_demo.AXF" 
* JLink Info: Device "STM32F107VC" selected (256 KB flash, 20 KB RAM).
Set JLink Project File to "C:\Users\mui-pc\Desktop\VBEB\VBEBProject\Library management\SourceCode\Version_1_1\Http_demo\JLinkSettings.ini"
 
JLink info:
------------
DLL: V4.50j, compiled Jun 26 2012 09:19:07
Firmware: J-Link ARM V8 compiled Dec  1 2015 11:42:48
Hardware: V8.00
S/N : 20080643 
Feature(s) : RDI,FlashDL,FlashBP,JFlash,GDBFull 
 
* JLink Info: Found SWD-DP with ID 0x1BA01477
* JLink Info: Found SWD-DP with ID 0x1BA01477
* JLink Info: TPIU fitted.
* JLink Info: ETM fitted.
* JLink Info: FPUnit: 6 code (BP) slots and 2 literal slots
* JLink Info: Found Cortex-M3 r1p1, Little endian.
ROMTableAddr = 0xE00FF003
 
Target info:
------------
Device: STM32F107VC
VTarget = 3.280V
State of Pins: 
TCK: 0, TDI: 1, TDO: 0, TMS: 0, TRES: 1, TRST: 1
Hardware-Breakpoints: 6
Software-Breakpoints: 8192
Watchpoints:          4
JTAG speed: 4000 kHz
 
Erase Done.
Programming Done.
Verify OK.
Application running ...
Build target 'STM3210C'
compiling HTTP_demo.c...
logo_RGB565.h(320): warning:  #1-D: last line of file ends without a newline
HTTP_demo.c(48): warning:  #177-D: variable "i" was declared but never referenced
HTTP_demo.c(49): warning:  #177-D: variable "ReData" was declared but never referenced
linking...
Program Size: Code=14888 RO-data=7104 RW-data=5500 ZI-data=18796  
FromELF: creating hex file...
".\Obj\Http_demo.axf" - 0 Error(s), 3 Warning(s).
Load "C:\\Users\\mui-pc\\Desktop\\VBEB\\VBEBProject\\Library management\\SourceCode\\Version_1_1\\Http_demo\\Obj\\Http_demo.AXF" 
* JLink Info: Device "STM32F107VC" selected (256 KB flash, 20 KB RAM).
Set JLink Project File to "C:\Users\mui-pc\Desktop\VBEB\VBEBProject\Library management\SourceCode\Version_1_1\Http_demo\JLinkSettings.ini"
 
JLink info:
------------
DLL: V4.50j, compiled Jun 26 2012 09:19:07
Firmware: J-Link ARM V8 compiled Dec  1 2015 11:42:48
Hardware: V8.00
S/N : 20080643 
Feature(s) : RDI,FlashDL,FlashBP,JFlash,GDBFull 
 
* JLink Info: Found SWD-DP with ID 0x1BA01477
* JLink Info: Found SWD-DP with ID 0x1BA01477
* JLink Info: TPIU fitted.
* JLink Info: ETM fitted.
* JLink Info: FPUnit: 6 code (BP) slots and 2 literal slots
* JLink Info: Found Cortex-M3 r1p1, Little endian.
ROMTableAddr = 0xE00FF003
 
Target info:
------------
Device: STM32F107VC
VTarget = 3.287V
State of Pins: 
TCK: 0, TDI: 1, TDO: 0, TMS: 0, TRES: 1, TRST: 1
Hardware-Breakpoints: 6
Software-Breakpoints: 8192
Watchpoints:          4
JTAG speed: 4000 kHz
 
Erase Done.
Programming Done.
Verify OK.
Application running ...
Build target 'STM3210C'
compiling HTTP_demo.c...
logo_RGB565.h(320): warning:  #1-D: last line of file ends without a newline
HTTP_demo.c(48): warning:  #177-D: variable "i" was declared but never referenced
HTTP_demo.c(49): warning:  #177-D: variable "ReData" was declared but never referenced
linking...
Program Size: Code=14888 RO-data=7104 RW-data=5500 ZI-data=18796  
FromELF: creating hex file...
".\Obj\Http_demo.axf" - 0 Error(s), 3 Warning(s).
Load "C:\\Users\\mui-pc\\Desktop\\VBEB\\VBEBProject\\Library management\\SourceCode\\Version_1_1\\Http_demo\\Obj\\Http_demo.AXF" 
* JLink Info: Device "STM32F107VC" selected (256 KB flash, 20 KB RAM).
Set JLink Project File to "C:\Users\mui-pc\Desktop\VBEB\VBEBProject\Library management\SourceCode\Version_1_1\Http_demo\JLinkSettings.ini"
 
JLink info:
------------
DLL: V4.50j, compiled Jun 26 2012 09:19:07
Firmware: J-Link ARM V8 compiled Dec  1 2015 11:42:48
Hardware: V8.00
S/N : 20080643 
Feature(s) : RDI,FlashDL,FlashBP,JFlash,GDBFull 
 
* JLink Info: Found SWD-DP with ID 0x1BA01477
* JLink Info: Found SWD-DP with ID 0x1BA01477
* JLink Info: TPIU fitted.
* JLink Info: ETM fitted.
* JLink Info: FPUnit: 6 code (BP) slots and 2 literal slots
* JLink Info: Found Cortex-M3 r1p1, Little endian.
ROMTableAddr = 0xE00FF003
 
Target info:
------------
Device: STM32F107VC
VTarget = 3.280V
State of Pins: 
TCK: 0, TDI: 1, TDO: 0, TMS: 0, TRES: 1, TRST: 1
Hardware-Breakpoints: 6
Software-Breakpoints: 8192
Watchpoints:          4
JTAG speed: 4000 kHz
 
Erase Done.
Programming Done.
Verify OK.
Application running ...
Build target 'STM3210C'
compiling usart_int.c...
linking...
Program Size: Code=14904 RO-data=7104 RW-data=5500 ZI-data=18796  
FromELF: creating hex file...
".\Obj\Http_demo.axf" - 0 Error(s), 0 Warning(s).
Rebuild target 'STM3210C'
compiling HTTP_demo.c...
logo_RGB565.h(320): warning:  #1-D: last line of file ends without a newline
HTTP_demo.c(48): warning:  #177-D: variable "i" was declared but never referenced
HTTP_demo.c(49): warning:  #177-D: variable "ReData" was declared but never referenced
compiling usart_int.c...
compiling Net_Config.c...
assembling startup_stm32f10x_cl.s...
compiling misc.c...
compiling stm32f10x_gpio.c...
compiling stm32f10x_rcc.c...
compiling stm32f10x_usart.c...
compiling system_stm32f10x_cl.c...
compiling usart.c...
compiling ETH_STM32x.c...
compiling GLCD.c...
linking...
Program Size: Code=14904 RO-data=7104 RW-data=5500 ZI-data=18796  
FromELF: creating hex file...
".\Obj\Http_demo.axf" - 0 Error(s), 3 Warning(s).
Load "C:\\Users\\mui-pc\\Desktop\\VBEB\\VBEBProject\\Library management\\SourceCode\\Version_1_1\\Http_demo\\Obj\\Http_demo.AXF" 
* JLink Info: Device "STM32F107VC" selected (256 KB flash, 20 KB RAM).
Set JLink Project File to "C:\Users\mui-pc\Desktop\VBEB\VBEBProject\Library management\SourceCode\Version_1_1\Http_demo\JLinkSettings.ini"
 
JLink info:
------------
DLL: V4.50j, compiled Jun 26 2012 09:19:07
Firmware: J-Link ARM V8 compiled Dec  1 2015 11:42:48
Hardware: V8.00
S/N : 20080643 
Feature(s) : RDI,FlashDL,FlashBP,JFlash,GDBFull 
 
* JLink Info: Found SWD-DP with ID 0x1BA01477
* JLink Info: Found SWD-DP with ID 0x1BA01477
* JLink Info: TPIU fitted.
* JLink Info: ETM fitted.
* JLink Info: FPUnit: 6 code (BP) slots and 2 literal slots
* JLink Info: Found Cortex-M3 r1p1, Little endian.
ROMTableAddr = 0xE00FF003
 
Target info:
------------
Device: STM32F107VC
VTarget = 3.287V
State of Pins: 
TCK: 0, TDI: 1, TDO: 0, TMS: 0, TRES: 1, TRST: 1
Hardware-Breakpoints: 6
Software-Breakpoints: 8192
Watchpoints:          4
JTAG speed: 4000 kHz
 
Erase Done.
Programming Done.
Verify OK.
Application running ...
Rebuild target 'STM3210C'
compiling HTTP_demo.c...
logo_RGB565.h(320): warning:  #1-D: last line of file ends without a newline
HTTP_demo.c(48): warning:  #177-D: variable "i" was declared but never referenced
HTTP_demo.c(49): warning:  #177-D: variable "ReData" was declared but never referenced
compiling usart_int.c...
compiling Net_Config.c...
assembling startup_stm32f10x_cl.s...
compiling misc.c...
compiling stm32f10x_gpio.c...
compiling stm32f10x_rcc.c...
compiling stm32f10x_usart.c...
compiling system_stm32f10x_cl.c...
compiling usart.c...
compiling ETH_STM32x.c...
compiling GLCD.c...
linking...
Program Size: Code=14908 RO-data=7104 RW-data=5500 ZI-data=18796  
FromELF: creating hex file...
".\Obj\Http_demo.axf" - 0 Error(s), 3 Warning(s).
Load "C:\\Users\\mui-pc\\Desktop\\VBEB\\VBEBProject\\Library management\\SourceCode\\Version_1_1\\Http_demo\\Obj\\Http_demo.AXF" 
* JLink Info: Device "STM32F107VC" selected (256 KB flash, 20 KB RAM).
Set JLink Project File to "C:\Users\mui-pc\Desktop\VBEB\VBEBProject\Library management\SourceCode\Version_1_1\Http_demo\JLinkSettings.ini"
 
JLink info:
------------
DLL: V4.50j, compiled Jun 26 2012 09:19:07
Firmware: J-Link ARM V8 compiled Dec  1 2015 11:42:48
Hardware: V8.00
S/N : 20080643 
Feature(s) : RDI,FlashDL,FlashBP,JFlash,GDBFull 
 
* JLink Info: Found SWD-DP with ID 0x1BA01477
* JLink Info: Found SWD-DP with ID 0x1BA01477
* JLink Info: TPIU fitted.
* JLink Info: ETM fitted.
* JLink Info: FPUnit: 6 code (BP) slots and 2 literal slots
* JLink Info: Found Cortex-M3 r1p1, Little endian.
ROMTableAddr = 0xE00FF003
 
Target info:
------------
Device: STM32F107VC
VTarget = 3.287V
State of Pins: 
TCK: 0, TDI: 1, TDO: 0, TMS: 0, TRES: 1, TRST: 1
Hardware-Breakpoints: 6
Software-Breakpoints: 8192
Watchpoints:          4
JTAG speed: 4000 kHz
 
Erase Done.
Programming Done.
Verify OK.
Application running ...
Rebuild target 'STM3210C'
compiling HTTP_demo.c...
logo_RGB565.h(320): warning:  #1-D: last line of file ends without a newline
HTTP_demo.c(48): warning:  #177-D: variable "i" was declared but never referenced
HTTP_demo.c(49): warning:  #177-D: variable "ReData" was declared but never referenced
compiling usart_int.c...
compiling Net_Config.c...
assembling startup_stm32f10x_cl.s...
compiling misc.c...
compiling stm32f10x_gpio.c...
compiling stm32f10x_rcc.c...
compiling stm32f10x_usart.c...
compiling system_stm32f10x_cl.c...
compiling usart.c...
compiling ETH_STM32x.c...
compiling GLCD.c...
linking...
Program Size: Code=14928 RO-data=7104 RW-data=5500 ZI-data=18796  
FromELF: creating hex file...
".\Obj\Http_demo.axf" - 0 Error(s), 3 Warning(s).
Load "C:\\Users\\mui-pc\\Desktop\\VBEB\\VBEBProject\\Library management\\SourceCode\\Version_1_1\\Http_demo\\Obj\\Http_demo.AXF" 
* JLink Info: Device "STM32F107VC" selected (256 KB flash, 20 KB RAM).
Set JLink Project File to "C:\Users\mui-pc\Desktop\VBEB\VBEBProject\Library management\SourceCode\Version_1_1\Http_demo\JLinkSettings.ini"
 
JLink info:
------------
DLL: V4.50j, compiled Jun 26 2012 09:19:07
Firmware: J-Link ARM V8 compiled Dec  1 2015 11:42:48
Hardware: V8.00
S/N : 20080643 
Feature(s) : RDI,FlashDL,FlashBP,JFlash,GDBFull 
 
* JLink Info: Found SWD-DP with ID 0x1BA01477
* JLink Info: Found SWD-DP with ID 0x1BA01477
* JLink Info: TPIU fitted.
* JLink Info: ETM fitted.
* JLink Info: FPUnit: 6 code (BP) slots and 2 literal slots
* JLink Info: Found Cortex-M3 r1p1, Little endian.
ROMTableAddr = 0xE00FF003
 
Target info:
------------
Device: STM32F107VC
VTarget = 3.287V
State of Pins: 
TCK: 0, TDI: 1, TDO: 0, TMS: 0, TRES: 1, TRST: 1
Hardware-Breakpoints: 6
Software-Breakpoints: 8192
Watchpoints:          4
JTAG speed: 4000 kHz
 
Erase Done.
Programming Done.
Verify OK.
Application running ...
Build target 'STM3210C'
compiling usart_int.c...
linking...
Program Size: Code=14908 RO-data=7104 RW-data=5500 ZI-data=18796  
FromELF: creating hex file...
".\Obj\Http_demo.axf" - 0 Error(s), 0 Warning(s).
Load "C:\\Users\\mui-pc\\Desktop\\VBEB\\VBEBProject\\Library management\\SourceCode\\Version_1_1\\Http_demo\\Obj\\Http_demo.AXF" 
* JLink Info: Device "STM32F107VC" selected (256 KB flash, 20 KB RAM).
Set JLink Project File to "C:\Users\mui-pc\Desktop\VBEB\VBEBProject\Library management\SourceCode\Version_1_1\Http_demo\JLinkSettings.ini"
 
JLink info:
------------
DLL: V4.50j, compiled Jun 26 2012 09:19:07
Firmware: J-Link ARM V8 compiled Dec  1 2015 11:42:48
Hardware: V8.00
S/N : 20080643 
Feature(s) : RDI,FlashDL,FlashBP,JFlash,GDBFull 
 
* JLink Info: Found SWD-DP with ID 0x1BA01477
* JLink Info: Found SWD-DP with ID 0x1BA01477
* JLink Info: TPIU fitted.
* JLink Info: ETM fitted.
* JLink Info: FPUnit: 6 code (BP) slots and 2 literal slots
* JLink Info: Found Cortex-M3 r1p1, Little endian.
ROMTableAddr = 0xE00FF003
 
Target info:
------------
Device: STM32F107VC
VTarget = 3.287V
State of Pins: 
TCK: 0, TDI: 1, TDO: 0, TMS: 0, TRES: 1, TRST: 1
Hardware-Breakpoints: 6
Software-Breakpoints: 8192
Watchpoints:          4
JTAG speed: 4000 kHz
 
Erase Done.
Programming Done.
Verify OK.
Application running ...
Rebuild target 'STM3210C'
compiling HTTP_demo.c...
logo_RGB565.h(320): warning:  #1-D: last line of file ends without a newline
HTTP_demo.c(48): warning:  #177-D: variable "i" was declared but never referenced
HTTP_demo.c(49): warning:  #177-D: variable "ReData" was declared but never referenced
compiling usart_int.c...
compiling Net_Config.c...
assembling startup_stm32f10x_cl.s...
compiling misc.c...
compiling stm32f10x_gpio.c...
compiling stm32f10x_rcc.c...
compiling stm32f10x_usart.c...
compiling system_stm32f10x_cl.c...
compiling usart.c...
compiling ETH_STM32x.c...
compiling GLCD.c...
linking...
Program Size: Code=14908 RO-data=7104 RW-data=5500 ZI-data=18796  
FromELF: creating hex file...
".\Obj\Http_demo.axf" - 0 Error(s), 3 Warning(s).
Load "C:\\Users\\mui-pc\\Desktop\\VBEB\\VBEBProject\\Library management\\SourceCode\\Version_1_1\\Http_demo\\Obj\\Http_demo.AXF" 
* JLink Info: Device "STM32F107VC" selected (256 KB flash, 20 KB RAM).
Set JLink Project File to "C:\Users\mui-pc\Desktop\VBEB\VBEBProject\Library management\SourceCode\Version_1_1\Http_demo\JLinkSettings.ini"
 
JLink info:
------------
DLL: V4.50j, compiled Jun 26 2012 09:19:07
Firmware: J-Link ARM V8 compiled Dec  1 2015 11:42:48
Hardware: V8.00
S/N : 20080643 
Feature(s) : RDI,FlashDL,FlashBP,JFlash,GDBFull 
 
* JLink Info: Found SWD-DP with ID 0x1BA01477
* JLink Info: Found SWD-DP with ID 0x1BA01477
* JLink Info: TPIU fitted.
* JLink Info: ETM fitted.
* JLink Info: FPUnit: 6 code (BP) slots and 2 literal slots
* JLink Info: Found Cortex-M3 r1p1, Little endian.
ROMTableAddr = 0xE00FF003
 
Target info:
------------
Device: STM32F107VC
VTarget = 3.287V
State of Pins: 
TCK: 0, TDI: 1, TDO: 0, TMS: 0, TRES: 1, TRST: 1
Hardware-Breakpoints: 6
Software-Breakpoints: 8192
Watchpoints:          4
JTAG speed: 4000 kHz
 
Erase Done.
Programming Done.
Verify OK.
Application running ...
Rebuild target 'STM3210C'
compiling HTTP_demo.c...
logo_RGB565.h(320): warning:  #1-D: last line of file ends without a newline
HTTP_demo.c(48): warning:  #177-D: variable "i" was declared but never referenced
HTTP_demo.c(49): warning:  #177-D: variable "ReData" was declared but never referenced
compiling usart_int.c...
compiling Net_Config.c...
assembling startup_stm32f10x_cl.s...
compiling misc.c...
compiling stm32f10x_gpio.c...
compiling stm32f10x_rcc.c...
compiling stm32f10x_usart.c...
compiling system_stm32f10x_cl.c...
compiling usart.c...
compiling ETH_STM32x.c...
compiling GLCD.c...
linking...
Program Size: Code=14908 RO-data=7104 RW-data=5500 ZI-data=18796  
FromELF: creating hex file...
".\Obj\Http_demo.axf" - 0 Error(s), 3 Warning(s).
Load "C:\\Users\\mui-pc\\Desktop\\VBEB\\VBEBProject\\Library management\\SourceCode\\Version_1_1\\Http_demo\\Obj\\Http_demo.AXF" 
* JLink Info: Device "STM32F107VC" selected (256 KB flash, 20 KB RAM).
Set JLink Project File to "C:\Users\mui-pc\Desktop\VBEB\VBEBProject\Library management\SourceCode\Version_1_1\Http_demo\JLinkSettings.ini"
 
JLink info:
------------
DLL: V4.50j, compiled Jun 26 2012 09:19:07
Firmware: J-Link ARM V8 compiled Dec  1 2015 11:42:48
Hardware: V8.00
S/N : 20080643 
Feature(s) : RDI,FlashDL,FlashBP,JFlash,GDBFull 
 
* JLink Info: Found SWD-DP with ID 0x1BA01477
* JLink Info: Found SWD-DP with ID 0x1BA01477
* JLink Info: TPIU fitted.
* JLink Info: ETM fitted.
* JLink Info: FPUnit: 6 code (BP) slots and 2 literal slots
* JLink Info: Found Cortex-M3 r1p1, Little endian.
ROMTableAddr = 0xE00FF003
 
Target info:
------------
Device: STM32F107VC
VTarget = 3.287V
State of Pins: 
TCK: 0, TDI: 1, TDO: 0, TMS: 0, TRES: 1, TRST: 1
Hardware-Breakpoints: 6
Software-Breakpoints: 8192
Watchpoints:          4
JTAG speed: 4000 kHz
 
Erase Done.
Programming Done.
Verify OK.
Application running ...
Build target 'STM3210C'
compiling HTTP_demo.c...
logo_RGB565.h(320): warning:  #1-D: last line of file ends without a newline
HTTP_demo.c(48): warning:  #177-D: variable "i" was declared but never referenced
HTTP_demo.c(49): warning:  #177-D: variable "ReData" was declared but never referenced
linking...
Program Size: Code=14908 RO-data=7104 RW-data=5500 ZI-data=18796  
FromELF: creating hex file...
".\Obj\Http_demo.axf" - 0 Error(s), 3 Warning(s).
Load "C:\\Users\\mui-pc\\Desktop\\VBEB\\VBEBProject\\Library management\\SourceCode\\Version_1_1\\Http_demo\\Obj\\Http_demo.AXF" 
* JLink Info: Device "STM32F107VC" selected (256 KB flash, 20 KB RAM).
Set JLink Project File to "C:\Users\mui-pc\Desktop\VBEB\VBEBProject\Library management\SourceCode\Version_1_1\Http_demo\JLinkSettings.ini"
 
JLink info:
------------
DLL: V4.50j, compiled Jun 26 2012 09:19:07
Firmware: J-Link ARM V8 compiled Dec  1 2015 11:42:48
Hardware: V8.00
S/N : 20080643 
Feature(s) : RDI,FlashDL,FlashBP,JFlash,GDBFull 
 
* JLink Info: Found SWD-DP with ID 0x1BA01477
* JLink Info: Found SWD-DP with ID 0x1BA01477
* JLink Info: TPIU fitted.
* JLink Info: ETM fitted.
* JLink Info: FPUnit: 6 code (BP) slots and 2 literal slots
* JLink Info: Found Cortex-M3 r1p1, Little endian.
ROMTableAddr = 0xE00FF003
 
Target info:
------------
Device: STM32F107VC
VTarget = 3.287V
State of Pins: 
TCK: 0, TDI: 1, TDO: 0, TMS: 0, TRES: 1, TRST: 1
Hardware-Breakpoints: 6
Software-Breakpoints: 8192
Watchpoints:          4
JTAG speed: 4000 kHz
 
Erase Done.
Programming Done.
Verify OK.
Application running ...
Rebuild target 'STM3210C'
compiling HTTP_demo.c...
logo_RGB565.h(320): warning:  #1-D: last line of file ends without a newline
HTTP_demo.c(48): warning:  #177-D: variable "i" was declared but never referenced
HTTP_demo.c(49): warning:  #177-D: variable "ReData" was declared but never referenced
compiling usart_int.c...
compiling Net_Config.c...
assembling startup_stm32f10x_cl.s...
compiling misc.c...
compiling stm32f10x_gpio.c...
compiling stm32f10x_rcc.c...
compiling stm32f10x_usart.c...
compiling system_stm32f10x_cl.c...
compiling usart.c...
compiling ETH_STM32x.c...
compiling GLCD.c...
linking...
Program Size: Code=14908 RO-data=7104 RW-data=5500 ZI-data=18796  
FromELF: creating hex file...
".\Obj\Http_demo.axf" - 0 Error(s), 3 Warning(s).
Load "C:\\Users\\mui-pc\\Desktop\\VBEB\\VBEBProject\\Library management\\SourceCode\\Version_1_1\\Http_demo\\Obj\\Http_demo.AXF" 
* JLink Info: Device "STM32F107VC" selected (256 KB flash, 20 KB RAM).
Set JLink Project File to "C:\Users\mui-pc\Desktop\VBEB\VBEBProject\Library management\SourceCode\Version_1_1\Http_demo\JLinkSettings.ini"
 
JLink info:
------------
DLL: V4.50j, compiled Jun 26 2012 09:19:07
Firmware: J-Link ARM V8 compiled Dec  1 2015 11:42:48
Hardware: V8.00
S/N : 20080643 
Feature(s) : RDI,FlashDL,FlashBP,JFlash,GDBFull 
 
* JLink Info: Found SWD-DP with ID 0x1BA01477
* JLink Info: Found SWD-DP with ID 0x1BA01477
* JLink Info: TPIU fitted.
* JLink Info: ETM fitted.
* JLink Info: FPUnit: 6 code (BP) slots and 2 literal slots
* JLink Info: Found Cortex-M3 r1p1, Little endian.
ROMTableAddr = 0xE00FF003
 
Target info:
------------
Device: STM32F107VC
VTarget = 3.287V
State of Pins: 
TCK: 0, TDI: 1, TDO: 0, TMS: 0, TRES: 1, TRST: 1
Hardware-Breakpoints: 6
Software-Breakpoints: 8192
Watchpoints:          4
JTAG speed: 4000 kHz
 
Erase Done.
Programming Done.
Verify OK.
Application running ...
Build target 'STM3210C'
compiling usart_int.c...
linking...
Program Size: Code=14912 RO-data=7104 RW-data=5500 ZI-data=18796  
FromELF: creating hex file...
".\Obj\Http_demo.axf" - 0 Error(s), 0 Warning(s).
Load "C:\\Users\\mui-pc\\Desktop\\VBEB\\VBEBProject\\Library management\\SourceCode\\Version_1_1\\Http_demo\\Obj\\Http_demo.AXF" 
* JLink Info: Device "STM32F107VC" selected (256 KB flash, 20 KB RAM).
Set JLink Project File to "C:\Users\mui-pc\Desktop\VBEB\VBEBProject\Library management\SourceCode\Version_1_1\Http_demo\JLinkSettings.ini"
 
JLink info:
------------
DLL: V4.50j, compiled Jun 26 2012 09:19:07
Firmware: J-Link ARM V8 compiled Dec  1 2015 11:42:48
Hardware: V8.00
S/N : 20080643 
Feature(s) : RDI,FlashDL,FlashBP,JFlash,GDBFull 
 
* JLink Info: Found SWD-DP with ID 0x1BA01477
* JLink Info: Found SWD-DP with ID 0x1BA01477
* JLink Info: TPIU fitted.
* JLink Info: ETM fitted.
* JLink Info: FPUnit: 6 code (BP) slots and 2 literal slots
* JLink Info: Found Cortex-M3 r1p1, Little endian.
ROMTableAddr = 0xE00FF003
 
Target info:
------------
Device: STM32F107VC
VTarget = 3.287V
State of Pins: 
TCK: 0, TDI: 1, TDO: 0, TMS: 0, TRES: 1, TRST: 1
Hardware-Breakpoints: 6
Software-Breakpoints: 8192
Watchpoints:          4
JTAG speed: 4000 kHz
 
Erase Done.
Programming Done.
Verify OK.
Application running ...
Build target 'STM3210C'
compiling usart_int.c...
linking...
Program Size: Code=14908 RO-data=7104 RW-data=5500 ZI-data=18796  
FromELF: creating hex file...
".\Obj\Http_demo.axf" - 0 Error(s), 0 Warning(s).
Load "C:\\Users\\mui-pc\\Desktop\\VBEB\\VBEBProject\\Library management\\SourceCode\\Version_1_1\\Http_demo\\Obj\\Http_demo.AXF" 
* JLink Info: Device "STM32F107VC" selected (256 KB flash, 20 KB RAM).
Set JLink Project File to "C:\Users\mui-pc\Desktop\VBEB\VBEBProject\Library management\SourceCode\Version_1_1\Http_demo\JLinkSettings.ini"
 
JLink info:
------------
DLL: V4.50j, compiled Jun 26 2012 09:19:07
Firmware: J-Link ARM V8 compiled Dec  1 2015 11:42:48
Hardware: V8.00
S/N : 20080643 
Feature(s) : RDI,FlashDL,FlashBP,JFlash,GDBFull 
 
* JLink Info: Found SWD-DP with ID 0x1BA01477
* JLink Info: Found SWD-DP with ID 0x1BA01477
* JLink Info: TPIU fitted.
* JLink Info: ETM fitted.
* JLink Info: FPUnit: 6 code (BP) slots and 2 literal slots
* JLink Info: Found Cortex-M3 r1p1, Little endian.
ROMTableAddr = 0xE00FF003
 
Target info:
------------
Device: STM32F107VC
VTarget = 3.287V
State of Pins: 
TCK: 0, TDI: 1, TDO: 0, TMS: 0, TRES: 1, TRST: 1
Hardware-Breakpoints: 6
Software-Breakpoints: 8192
Watchpoints:          4
JTAG speed: 4000 kHz
 
Erase Done.
Programming Done.
Verify OK.
Application running ...
Build target 'STM3210C'
compiling usart_int.c...
linking...
Program Size: Code=14912 RO-data=7104 RW-data=5500 ZI-data=18796  
FromELF: creating hex file...
".\Obj\Http_demo.axf" - 0 Error(s), 0 Warning(s).
Load "C:\\Users\\mui-pc\\Desktop\\VBEB\\VBEBProject\\Library management\\SourceCode\\Version_1_1\\Http_demo\\Obj\\Http_demo.AXF" 
* JLink Info: Device "STM32F107VC" selected (256 KB flash, 20 KB RAM).
Set JLink Project File to "C:\Users\mui-pc\Desktop\VBEB\VBEBProject\Library management\SourceCode\Version_1_1\Http_demo\JLinkSettings.ini"
 
JLink info:
------------
DLL: V4.50j, compiled Jun 26 2012 09:19:07
Firmware: J-Link ARM V8 compiled Dec  1 2015 11:42:48
Hardware: V8.00
S/N : 20080643 
Feature(s) : RDI,FlashDL,FlashBP,JFlash,GDBFull 
 
* JLink Info: Found SWD-DP with ID 0x1BA01477
* JLink Info: Found SWD-DP with ID 0x1BA01477
* JLink Info: TPIU fitted.
* JLink Info: ETM fitted.
* JLink Info: FPUnit: 6 code (BP) slots and 2 literal slots
* JLink Info: Found Cortex-M3 r1p1, Little endian.
ROMTableAddr = 0xE00FF003
 
Target info:
------------
Device: STM32F107VC
VTarget = 3.287V
State of Pins: 
TCK: 0, TDI: 1, TDO: 0, TMS: 0, TRES: 1, TRST: 1
Hardware-Breakpoints: 6
Software-Breakpoints: 8192
Watchpoints:          4
JTAG speed: 4000 kHz
 
Erase Done.
Programming Done.
Verify OK.
Application running ...
Rebuild target 'STM3210C'
compiling HTTP_demo.c...
logo_RGB565.h(320): warning:  #1-D: last line of file ends without a newline
HTTP_demo.c(48): warning:  #177-D: variable "i" was declared but never referenced
HTTP_demo.c(49): warning:  #177-D: variable "ReData" was declared but never referenced
compiling usart_int.c...
compiling Net_Config.c...
assembling startup_stm32f10x_cl.s...
compiling misc.c...
compiling stm32f10x_gpio.c...
compiling stm32f10x_rcc.c...
compiling stm32f10x_usart.c...
compiling system_stm32f10x_cl.c...
compiling usart.c...
compiling ETH_STM32x.c...
compiling GLCD.c...
linking...
Program Size: Code=14912 RO-data=7104 RW-data=5500 ZI-data=18796  
FromELF: creating hex file...
".\Obj\Http_demo.axf" - 0 Error(s), 3 Warning(s).
Load "C:\\Users\\mui-pc\\Desktop\\VBEB\\VBEBProject\\Library management\\SourceCode\\Version_1_1\\Http_demo\\Obj\\Http_demo.AXF" 
* JLink Info: Device "STM32F107VC" selected (256 KB flash, 20 KB RAM).
Set JLink Project File to "C:\Users\mui-pc\Desktop\VBEB\VBEBProject\Library management\SourceCode\Version_1_1\Http_demo\JLinkSettings.ini"
 
JLink info:
------------
DLL: V4.50j, compiled Jun 26 2012 09:19:07
Firmware: J-Link ARM V8 compiled Dec  1 2015 11:42:48
Hardware: V8.00
S/N : 20080643 
Feature(s) : RDI,FlashDL,FlashBP,JFlash,GDBFull 
 
* JLink Info: Found SWD-DP with ID 0x1BA01477
* JLink Info: Found SWD-DP with ID 0x1BA01477
* JLink Info: TPIU fitted.
* JLink Info: ETM fitted.
* JLink Info: FPUnit: 6 code (BP) slots and 2 literal slots
* JLink Info: Found Cortex-M3 r1p1, Little endian.
ROMTableAddr = 0xE00FF003
 
Target info:
------------
Device: STM32F107VC
VTarget = 3.280V
State of Pins: 
TCK: 0, TDI: 1, TDO: 0, TMS: 0, TRES: 1, TRST: 1
Hardware-Breakpoints: 6
Software-Breakpoints: 8192
Watchpoints:          4
JTAG speed: 4000 kHz
 
Erase Done.
Programming Done.
Verify OK.
Application running ...
Rebuild target 'STM3210C'
compiling HTTP_demo.c...
logo_RGB565.h(320): warning:  #1-D: last line of file ends without a newline
HTTP_demo.c(48): warning:  #177-D: variable "i" was declared but never referenced
HTTP_demo.c(49): warning:  #177-D: variable "ReData" was declared but never referenced
compiling usart_int.c...
compiling Net_Config.c...
assembling startup_stm32f10x_cl.s...
compiling misc.c...
compiling stm32f10x_gpio.c...
compiling stm32f10x_rcc.c...
compiling stm32f10x_usart.c...
compiling system_stm32f10x_cl.c...
compiling usart.c...
compiling ETH_STM32x.c...
compiling GLCD.c...
linking...
Program Size: Code=14908 RO-data=7104 RW-data=5500 ZI-data=18796  
FromELF: creating hex file...
".\Obj\Http_demo.axf" - 0 Error(s), 3 Warning(s).
Load "C:\\Users\\mui-pc\\Desktop\\VBEB\\VBEBProject\\Library management\\SourceCode\\Version_1_1\\Http_demo\\Obj\\Http_demo.AXF" 
* JLink Info: Device "STM32F107VC" selected (256 KB flash, 20 KB RAM).
Set JLink Project File to "C:\Users\mui-pc\Desktop\VBEB\VBEBProject\Library management\SourceCode\Version_1_1\Http_demo\JLinkSettings.ini"
 
JLink info:
------------
DLL: V4.50j, compiled Jun 26 2012 09:19:07
Firmware: J-Link ARM V8 compiled Dec  1 2015 11:42:48
Hardware: V8.00
S/N : 20080643 
Feature(s) : RDI,FlashDL,FlashBP,JFlash,GDBFull 
 
* JLink Info: Found SWD-DP with ID 0x1BA01477
* JLink Info: Found SWD-DP with ID 0x1BA01477
* JLink Info: TPIU fitted.
* JLink Info: ETM fitted.
* JLink Info: FPUnit: 6 code (BP) slots and 2 literal slots
* JLink Info: Found Cortex-M3 r1p1, Little endian.
ROMTableAddr = 0xE00FF003
 
Target info:
------------
Device: STM32F107VC
VTarget = 3.287V
State of Pins: 
TCK: 0, TDI: 1, TDO: 0, TMS: 0, TRES: 1, TRST: 1
Hardware-Breakpoints: 6
Software-Breakpoints: 8192
Watchpoints:          4
JTAG speed: 4000 kHz
 
Erase Done.
Programming Done.
Verify OK.
Application running ...
Rebuild target 'STM3210C'
compiling HTTP_demo.c...
logo_RGB565.h(320): warning:  #1-D: last line of file ends without a newline
HTTP_demo.c(48): warning:  #177-D: variable "i" was declared but never referenced
HTTP_demo.c(49): warning:  #177-D: variable "ReData" was declared but never referenced
compiling usart_int.c...
compiling Net_Config.c...
assembling startup_stm32f10x_cl.s...
compiling misc.c...
compiling stm32f10x_gpio.c...
compiling stm32f10x_rcc.c...
compiling stm32f10x_usart.c...
compiling system_stm32f10x_cl.c...
compiling usart.c...
compiling ETH_STM32x.c...
compiling GLCD.c...
linking...
Program Size: Code=14904 RO-data=7104 RW-data=5500 ZI-data=18796  
FromELF: creating hex file...
".\Obj\Http_demo.axf" - 0 Error(s), 3 Warning(s).
Load "C:\\Users\\mui-pc\\Desktop\\VBEB\\VBEBProject\\Library management\\SourceCode\\Version_1_1\\Http_demo\\Obj\\Http_demo.AXF" 
* JLink Info: Device "STM32F107VC" selected (256 KB flash, 20 KB RAM).
Set JLink Project File to "C:\Users\mui-pc\Desktop\VBEB\VBEBProject\Library management\SourceCode\Version_1_1\Http_demo\JLinkSettings.ini"
 
JLink info:
------------
DLL: V4.50j, compiled Jun 26 2012 09:19:07
Firmware: J-Link ARM V8 compiled Dec  1 2015 11:42:48
Hardware: V8.00
S/N : 20080643 
Feature(s) : RDI,FlashDL,FlashBP,JFlash,GDBFull 
 
* JLink Info: Found SWD-DP with ID 0x1BA01477
* JLink Info: Found SWD-DP with ID 0x1BA01477
* JLink Info: TPIU fitted.
* JLink Info: ETM fitted.
* JLink Info: FPUnit: 6 code (BP) slots and 2 literal slots
* JLink Info: Found Cortex-M3 r1p1, Little endian.
[...]
FromELF: creating hex file...
".\Obj\Http_demo.axf" - 0 Error(s), 3 Warning(s).
Load "C:\\Users\\mui-pc\\Desktop\\VBEB\\VBEBProject\\Library management\\SourceCode\\Version_1_1\\Http_demo\\Obj\\Http_demo.AXF" 
* JLink Info: Device "STM32F107VC" selected (256 KB flash, 20 KB RAM).
Set JLink Project File to "C:\Users\mui-pc\Desktop\VBEB\VBEBProject\Library management\SourceCode\Version_1_1\Http_demo\JLinkSettings.ini"
 
JLink info:
------------
DLL: V4.50j, compiled Jun 26 2012 09:19:07
Firmware: J-Link ARM V8 compiled Dec  1 2015 11:42:48
Hardware: V8.00
S/N : 20080643 
Feature(s) : RDI,FlashDL,FlashBP,JFlash,GDBFull 
 
* JLink Info: Found SWD-DP with ID 0x1BA01477
* JLink Info: Found SWD-DP with ID 0x1BA01477
* JLink Info: TPIU fitted.
* JLink Info: ETM fitted.
* JLink Info: FPUnit: 6 code (BP) slots and 2 literal slots
* JLink Info: Found Cortex-M3 r1p1, Little endian.
ROMTableAddr = 0xE00FF003
 
Target info:
------------
Device: STM32F107VC
VTarget = 3.280V
State of Pins: 
TCK: 0, TDI: 1, TDO: 0, TMS: 0, TRES: 1, TRST: 1
Hardware-Breakpoints: 6
Software-Breakpoints: 8192
Watchpoints:          4
JTAG speed: 4000 kHz
 
Erase Done.
Programming Done.
Verify OK.
Application running ...
Rebuild target 'STM3210C'
compiling HTTP_demo.c...
logo_RGB565.h(320): warning:  #1-D: last line of file ends without a newline
HTTP_demo.c(48): warning:  #177-D: variable "i" was declared but never referenced
HTTP_demo.c(49): warning:  #177-D: variable "ReData" was declared but never referenced
compiling usart_int.c...
compiling Net_Config.c...
assembling startup_stm32f10x_cl.s...
compiling misc.c...
compiling stm32f10x_gpio.c...
compiling stm32f10x_rcc.c...
compiling stm32f10x_usart.c...
compiling system_stm32f10x_cl.c...
compiling usart.c...
compiling ETH_STM32x.c...
compiling GLCD.c...
linking...
Program Size: Code=14880 RO-data=7104 RW-data=5500 ZI-data=18796  
FromELF: creating hex file...
".\Obj\Http_demo.axf" - 0 Error(s), 3 Warning(s).
Load "C:\\Users\\mui-pc\\Desktop\\VBEB\\VBEBProject\\Library management\\SourceCode\\Version_1_1\\Http_demo\\Obj\\Http_demo.AXF" 
* JLink Info: Device "STM32F107VC" selected (256 KB flash, 20 KB RAM).
Set JLink Project File to "C:\Users\mui-pc\Desktop\VBEB\VBEBProject\Library management\SourceCode\Version_1_1\Http_demo\JLinkSettings.ini"
 
JLink info:
------------
DLL: V4.50j, compiled Jun 26 2012 09:19:07
Firmware: J-Link ARM V8 compiled Dec  1 2015 11:42:48
Hardware: V8.00
S/N : 20080643 
Feature(s) : RDI,FlashDL,FlashBP,JFlash,GDBFull 
 
* JLink Info: Found SWD-DP with ID 0x1BA01477
* JLink Info: Found SWD-DP with ID 0x1BA01477
* JLink Info: TPIU fitted.
* JLink Info: ETM fitted.
* JLink Info: FPUnit: 6 code (BP) slots and 2 literal slots
* JLink Info: Found Cortex-M3 r1p1, Little endian.
ROMTableAddr = 0xE00FF003
 
Target info:
------------
Device: STM32F107VC
VTarget = 3.280V
State of Pins: 
TCK: 0, TDI: 1, TDO: 0, TMS: 0, TRES: 1, TRST: 1
Hardware-Breakpoints: 6
Software-Breakpoints: 8192
Watchpoints:          4
JTAG speed: 4000 kHz
 
Erase Done.
Programming Done.
Verify OK.
Application running ...
Rebuild target 'STM3210C'
compiling HTTP_demo.c...
logo_RGB565.h(320): warning:  #1-D: last line of file ends without a newline
HTTP_demo.c(48): warning:  #177-D: variable "i" was declared but never referenced
HTTP_demo.c(49): warning:  #177-D: variable "ReData" was declared but never referenced
compiling usart_int.c...
compiling Net_Config.c...
assembling startup_stm32f10x_cl.s...
compiling misc.c...
compiling stm32f10x_gpio.c...
compiling stm32f10x_rcc.c...
compiling stm32f10x_usart.c...
compiling system_stm32f10x_cl.c...
compiling usart.c...
compiling ETH_STM32x.c...
compiling GLCD.c...
linking...
Program Size: Code=14880 RO-data=7104 RW-data=5500 ZI-data=18796  
FromELF: creating hex file...
".\Obj\Http_demo.axf" - 0 Error(s), 3 Warning(s).
Load "C:\\Users\\mui-pc\\Desktop\\VBEB\\VBEBProject\\Library management\\SourceCode\\Version_1_1\\Http_demo\\Obj\\Http_demo.AXF" 
* JLink Info: Device "STM32F107VC" selected (256 KB flash, 20 KB RAM).
Set JLink Project File to "C:\Users\mui-pc\Desktop\VBEB\VBEBProject\Library management\SourceCode\Version_1_1\Http_demo\JLinkSettings.ini"
 
JLink info:
------------
DLL: V4.50j, compiled Jun 26 2012 09:19:07
Firmware: J-Link ARM V8 compiled Dec  1 2015 11:42:48
Hardware: V8.00
S/N : 20080643 
Feature(s) : RDI,FlashDL,FlashBP,JFlash,GDBFull 
 
* JLink Info: Found SWD-DP with ID 0x1BA01477
* JLink Info: Found SWD-DP with ID 0x1BA01477
* JLink Info: TPIU fitted.
* JLink Info: ETM fitted.
* JLink Info: FPUnit: 6 code (BP) slots and 2 literal slots
* JLink Info: Found Cortex-M3 r1p1, Little endian.
ROMTableAddr = 0xE00FF003
 
Target info:
------------
Device: STM32F107VC
VTarget = 3.287V
State of Pins: 
TCK: 0, TDI: 1, TDO: 0, TMS: 0, TRES: 1, TRST: 1
Hardware-Breakpoints: 6
Software-Breakpoints: 8192
Watchpoints:          4
JTAG speed: 4000 kHz
 
Erase Done.
Programming Done.
Verify OK.
Application running ...
Rebuild target 'STM3210C'
compiling HTTP_demo.c...
logo_RGB565.h(320): warning:  #1-D: last line of file ends without a newline
HTTP_demo.c(48): warning:  #177-D: variable "i" was declared but never referenced
HTTP_demo.c(49): warning:  #177-D: variable "ReData" was declared but never referenced
compiling usart_int.c...
compiling Net_Config.c...
assembling startup_stm32f10x_cl.s...
compiling misc.c...
compiling stm32f10x_gpio.c...
compiling stm32f10x_rcc.c...
compiling stm32f10x_usart.c...
compiling system_stm32f10x_cl.c...
compiling usart.c...
compiling ETH_STM32x.c...
compiling GLCD.c...
linking...
Program Size: Code=14884 RO-data=7104 RW-data=5500 ZI-data=18796  
FromELF: creating hex file...
".\Obj\Http_demo.axf" - 0 Error(s), 3 Warning(s).
Load "C:\\Users\\mui-pc\\Desktop\\VBEB\\VBEBProject\\Library management\\SourceCode\\Version_1_1\\Http_demo\\Obj\\Http_demo.AXF" 
* JLink Info: Device "STM32F107VC" selected (256 KB flash, 20 KB RAM).
Set JLink Project File to "C:\Users\mui-pc\Desktop\VBEB\VBEBProject\Library management\SourceCode\Version_1_1\Http_demo\JLinkSettings.ini"
 
JLink info:
------------
DLL: V4.50j, compiled Jun 26 2012 09:19:07
Firmware: J-Link ARM V8 compiled Dec  1 2015 11:42:48
Hardware: V8.00
S/N : 20080643 
Feature(s) : RDI,FlashDL,FlashBP,JFlash,GDBFull 
 
* JLink Info: Found SWD-DP with ID 0x1BA01477
* JLink Info: Found SWD-DP with ID 0x1BA01477
* JLink Info: TPIU fitted.
* JLink Info: ETM fitted.
* JLink Info: FPUnit: 6 code (BP) slots and 2 literal slots
* JLink Info: Found Cortex-M3 r1p1, Little endian.
ROMTableAddr = 0xE00FF003
 
Target info:
------------
Device: STM32F107VC
VTarget = 3.287V
State of Pins: 
TCK: 0, TDI: 1, TDO: 0, TMS: 0, TRES: 1, TRST: 1
Hardware-Breakpoints: 6
Software-Breakpoints: 8192
Watchpoints:          4
JTAG speed: 4000 kHz
 
Erase Done.
Programming Done.
Verify OK.
Application running ...
Rebuild target 'STM3210C'
compiling HTTP_demo.c...
logo_RGB565.h(320): warning:  #1-D: last line of file ends without a newline
HTTP_demo.c(48): warning:  #177-D: variable "i" was declared but never referenced
HTTP_demo.c(49): warning:  #177-D: variable "ReData" was declared but never referenced
compiling usart_int.c...
compiling Net_Config.c...
assembling startup_stm32f10x_cl.s...
compiling misc.c...
compiling stm32f10x_gpio.c...
compiling stm32f10x_rcc.c...
compiling stm32f10x_usart.c...
compiling system_stm32f10x_cl.c...
compiling usart.c...
compiling ETH_STM32x.c...
compiling GLCD.c...
linking...
Program Size: Code=14888 RO-data=7104 RW-data=5500 ZI-data=18796  
FromELF: creating hex file...
".\Obj\Http_demo.axf" - 0 Error(s), 3 Warning(s).
Load "C:\\Users\\mui-pc\\Desktop\\VBEB\\VBEBProject\\Library management\\SourceCode\\Version_1_1\\Http_demo\\Obj\\Http_demo.AXF" 
* JLink Info: Device "STM32F107VC" selected (256 KB flash, 20 KB RAM).
Set JLink Project File to "C:\Users\mui-pc\Desktop\VBEB\VBEBProject\Library management\SourceCode\Version_1_1\Http_demo\JLinkSettings.ini"
 
JLink info:
------------
DLL: V4.50j, compiled Jun 26 2012 09:19:07
Firmware: J-Link ARM V8 compiled Dec  1 2015 11:42:48
Hardware: V8.00
S/N : 20080643 
Feature(s) : RDI,FlashDL,FlashBP,JFlash,GDBFull 
 
* JLink Info: Found SWD-DP with ID 0x1BA01477
* JLink Info: Found SWD-DP with ID 0x1BA01477
* JLink Info: TPIU fitted.
* JLink Info: ETM fitted.
* JLink Info: FPUnit: 6 code (BP) slots and 2 literal slots
* JLink Info: Found Cortex-M3 r1p1, Little endian.
ROMTableAddr = 0xE00FF003
 
Target info:
------------
Device: STM32F107VC
VTarget = 3.287V
State of Pins: 
TCK: 0, TDI: 1, TDO: 0, TMS: 0, TRES: 1, TRST: 1
Hardware-Breakpoints: 6
Software-Breakpoints: 8192
Watchpoints:          4
JTAG speed: 4000 kHz
 
Erase Done.
Programming Done.
Verify OK.
Application running ...
Rebuild target 'STM3210C'
compiling HTTP_demo.c...
logo_RGB565.h(320): warning:  #1-D: last line of file ends without a newline
HTTP_demo.c(48): warning:  #177-D: variable "i" was declared but never referenced
HTTP_demo.c(49): warning:  #177-D: variable "ReData" was declared but never referenced
compiling usart_int.c...
compiling Net_Config.c...
assembling startup_stm32f10x_cl.s...
compiling misc.c...
compiling stm32f10x_gpio.c...
compiling stm32f10x_rcc.c...
compiling stm32f10x_usart.c...
compiling system_stm32f10x_cl.c...
compiling usart.c...
compiling ETH_STM32x.c...
compiling GLCD.c...
linking...
Program Size: Code=14884 RO-data=7104 RW-data=5500 ZI-data=18796  
FromELF: creating hex file...
".\Obj\Http_demo.axf" - 0 Error(s), 3 Warning(s).
Load "C:\\Users\\mui-pc\\Desktop\\VBEB\\VBEBProject\\Library management\\SourceCode\\Version_1_1\\Http_demo\\Obj\\Http_demo.AXF" 
* JLink Info: Device "STM32F107VC" selected (256 KB flash, 20 KB RAM).
Set JLink Project File to "C:\Users\mui-pc\Desktop\VBEB\VBEBProject\Library management\SourceCode\Version_1_1\Http_demo\JLinkSettings.ini"
 
JLink info:
------------
DLL: V4.50j, compiled Jun 26 2012 09:19:07
Firmware: J-Link ARM V8 compiled Dec  1 2015 11:42:48
Hardware: V8.00
S/N : 20080643 
Feature(s) : RDI,FlashDL,FlashBP,JFlash,GDBFull 
 
* JLink Info: Found SWD-DP with ID 0x1BA01477
* JLink Info: Found SWD-DP with ID 0x1BA01477
* JLink Info: TPIU fitted.
* JLink Info: ETM fitted.
* JLink Info: FPUnit: 6 code (BP) slots and 2 literal slots
* JLink Info: Found Cortex-M3 r1p1, Little endian.
ROMTableAddr = 0xE00FF003
 
Target info:
------------
Device: STM32F107VC
VTarget = 3.287V
State of Pins: 
TCK: 0, TDI: 1, TDO: 0, TMS: 0, TRES: 1, TRST: 1
Hardware-Breakpoints: 6
Software-Breakpoints: 8192
Watchpoints:          4
JTAG speed: 4000 kHz
 
Erase Done.
Programming Done.
Verify OK.
Application running ...
Rebuild target 'STM3210C'
compiling HTTP_demo.c...
logo_RGB565.h(320): warning:  #1-D: last line of file ends without a newline
HTTP_demo.c(48): warning:  #177-D: variable "i" was declared but never referenced
HTTP_demo.c(49): warning:  #177-D: variable "ReData" was declared but never referenced
compiling usart_int.c...
compiling Net_Config.c...
assembling startup_stm32f10x_cl.s...
compiling misc.c...
compiling stm32f10x_gpio.c...
compiling stm32f10x_rcc.c...
compiling stm32f10x_usart.c...
compiling system_stm32f10x_cl.c...
compiling usart.c...
compiling ETH_STM32x.c...
compiling GLCD.c...
linking...
Program Size: Code=14860 RO-data=7104 RW-data=5500 ZI-data=18796  
FromELF: creating hex file...
".\Obj\Http_demo.axf" - 0 Error(s), 3 Warning(s).
Load "C:\\Users\\mui-pc\\Desktop\\VBEB\\VBEBProject\\Library management\\SourceCode\\Version_1_1\\Http_demo\\Obj\\Http_demo.AXF" 
* JLink Info: Device "STM32F107VC" selected (256 KB flash, 20 KB RAM).
Set JLink Project File to "C:\Users\mui-pc\Desktop\VBEB\VBEBProject\Library management\SourceCode\Version_1_1\Http_demo\JLinkSettings.ini"
 
JLink info:
------------
DLL: V4.50j, compiled Jun 26 2012 09:19:07
Firmware: J-Link ARM V8 compiled Dec  1 2015 11:42:48
Hardware: V8.00
S/N : 20080643 
Feature(s) : RDI,FlashDL,FlashBP,JFlash,GDBFull 
 
* JLink Info: Found SWD-DP with ID 0x1BA01477
* JLink Info: Found SWD-DP with ID 0x1BA01477
* JLink Info: TPIU fitted.
* JLink Info: ETM fitted.
* JLink Info: FPUnit: 6 code (BP) slots and 2 literal slots
* JLink Info: Found Cortex-M3 r1p1, Little endian.
ROMTableAddr = 0xE00FF003
 
Target info:
------------
Device: STM32F107VC
VTarget = 3.287V
State of Pins: 
TCK: 0, TDI: 1, TDO: 0, TMS: 0, TRES: 1, TRST: 1
Hardware-Breakpoints: 6
Software-Breakpoints: 8192
Watchpoints:          4
JTAG speed: 4000 kHz
 
Erase Done.
Programming Done.
Verify OK.
Application running ...
Rebuild target 'STM3210C'
compiling HTTP_demo.c...
logo_RGB565.h(320): warning:  #1-D: last line of file ends without a newline
HTTP_demo.c(48): warning:  #177-D: variable "i" was declared but never referenced
HTTP_demo.c(49): warning:  #177-D: variable "ReData" was declared but never referenced
compiling usart_int.c...
compiling Net_Config.c...
assembling startup_stm32f10x_cl.s...
compiling misc.c...
compiling stm32f10x_gpio.c...
compiling stm32f10x_rcc.c...
compiling stm32f10x_usart.c...
compiling system_stm32f10x_cl.c...
compiling usart.c...
compiling ETH_STM32x.c...
compiling GLCD.c...
linking...
Program Size: Code=14860 RO-data=7104 RW-data=5500 ZI-data=18796  
FromELF: creating hex file...
".\Obj\Http_demo.axf" - 0 Error(s), 3 Warning(s).
Load "C:\\Users\\mui-pc\\Desktop\\VBEB\\VBEBProject\\Library management\\SourceCode\\Version_1_1\\Http_demo\\Obj\\Http_demo.AXF" 
* JLink Info: Device "STM32F107VC" selected (256 KB flash, 20 KB RAM).
Set JLink Project File to "C:\Users\mui-pc\Desktop\VBEB\VBEBProject\Library management\SourceCode\Version_1_1\Http_demo\JLinkSettings.ini"
 
JLink info:
------------
DLL: V4.50j, compiled Jun 26 2012 09:19:07
Firmware: J-Link ARM V8 compiled Dec  1 2015 11:42:48
Hardware: V8.00
S/N : 20080643 
Feature(s) : RDI,FlashDL,FlashBP,JFlash,GDBFull 
 
* JLink Info: Found SWD-DP with ID 0x1BA01477
* JLink Info: Found SWD-DP with ID 0x1BA01477
* JLink Info: TPIU fitted.
* JLink Info: ETM fitted.
* JLink Info: FPUnit: 6 code (BP) slots and 2 literal slots
* JLink Info: Found Cortex-M3 r1p1, Little endian.
ROMTableAddr = 0xE00FF003
 
Target info:
------------
Device: STM32F107VC
VTarget = 3.287V
State of Pins: 
TCK: 0, TDI: 1, TDO: 0, TMS: 0, TRES: 1, TRST: 1
Hardware-Breakpoints: 6
Software-Breakpoints: 8192
Watchpoints:          4
JTAG speed: 4000 kHz
 
Erase Done.
Programming Done.
Verify OK.
Application running ...
Rebuild target 'STM3210C'
compiling HTTP_demo.c...
logo_RGB565.h(320): warning:  #1-D: last line of file ends without a newline
HTTP_demo.c(38): error:  #20: identifier "U8" is undefined
HTTP_demo.c(38): error:  #20: identifier "U8" is undefined
HTTP_demo.c(39): error:  #20: identifier "U16" is undefined
HTTP_demo.c(39): error:  #20: identifier "U8" is undefined
HTTP_demo.c(39): error:  #20: identifier "U8" is undefined
HTTP_demo.c(39): error:  #20: identifier "U8" is undefined
HTTP_demo.c(39): error:  #20: identifier "U16" is undefined
HTTP_demo.c(59): error:  #20: identifier "tcp_soc" is undefined
HTTP_demo.c(59): warning:  #223-D: function "tcp_get_socket" declared implicitly
HTTP_demo.c(59): error:  #20: identifier "TCP_TYPE_CLIENT" is undefined
HTTP_demo.c(60): error:  #20: identifier "soc_state" is undefined
HTTP_demo.c(50): warning:  #177-D: variable "i" was declared but never referenced
HTTP_demo.c(51): warning:  #177-D: variable "ReData" was declared but never referenced
HTTP_demo.c(141): error:  #20: identifier "U8" is undefined
HTTP_demo.c(141): error:  #20: identifier "U8" is undefined
HTTP_demo.c(146): error:  #20: identifier "U32" is undefined
HTTP_demo.c(147): error:  #20: identifier "U8" is undefined
HTTP_demo.c(147): error:  #20: identifier "sendbuf" is undefined
HTTP_demo.c(149): error:  #20: identifier "soc_state" is undefined
HTTP_demo.c(153): error:  #20: identifier "wait_ack" is undefined
HTTP_demo.c(153): error:  #20: identifier "__FALSE" is undefined
HTTP_demo.c(160): error:  #20: identifier "__TRUE" is undefined
HTTP_demo.c(165): warning:  #223-D: function "tcp_check_send" declared implicitly
HTTP_demo.c(165): error:  #20: identifier "tcp_soc" is undefined
HTTP_demo.c(168): warning:  #223-D: function "tcp_get_buf" declared implicitly
HTTP_demo.c(172): warning:  #223-D: function "tcp_send" declared implicitly
HTTP_demo.c(183): warning:  #223-D: function "tcp_close" declared implicitly
HTTP_demo.c(144): warning:  #550-D: variable "bcount" was set but never used
HTTP_demo.c(188): error:  #20: identifier "U16" is undefined
HTTP_demo.c(188): error:  #20: identifier "U8" is undefined
HTTP_demo.c(188): error:  #20: identifier "U8" is undefined
HTTP_demo.c(188): error:  #20: identifier "U8" is undefined
HTTP_demo.c(188): error:  #20: identifier "U16" is undefined
HTTP_demo.c(191): error:  #20: identifier "U8" is undefined
HTTP_demo.c(196): error:  #20: identifier "TCP_EVT_CONNECT" is undefined
HTTP_demo.c(198): error:  #20: identifier "soc_state" is undefined
HTTP_demo.c(200): error:  #20: identifier "TCP_EVT_ACK" is undefined
HTTP_demo.c(202): error:  #20: identifier "wait_ack" is undefined
compiling usart_int.c...
compiling Net_Config.c...
assembling startup_stm32f10x_cl.s...
compiling misc.c...
compiling stm32f10x_gpio.c...
compiling stm32f10x_rcc.c...
compiling stm32f10x_usart.c...
compiling system_stm32f10x_cl.c...
compiling usart.c...
compiling ETH_STM32x.c...
compiling GLCD.c...
Target not created
Rebuild target 'STM3210C'
compiling HTTP_demo.c...
logo_RGB565.h(320): warning:  #1-D: last line of file ends without a newline
HTTP_demo.c(61): error:  #20: identifier "tcp_soc" is undefined
HTTP_demo.c(62): error:  #20: identifier "soc_state" is undefined
HTTP_demo.c(52): warning:  #177-D: variable "i" was declared but never referenced
HTTP_demo.c(53): warning:  #177-D: variable "ReData" was declared but never referenced
HTTP_demo.c(151): error:  #20: identifier "soc_state" is undefined
HTTP_demo.c(155): error:  #20: identifier "wait_ack" is undefined
HTTP_demo.c(167): error:  #20: identifier "tcp_soc" is undefined
HTTP_demo.c(146): warning:  #550-D: variable "bcount" was set but never used
HTTP_demo.c(148): warning:  #177-D: variable "max" was declared but never referenced
HTTP_demo.c(200): error:  #20: identifier "soc_state" is undefined
HTTP_demo.c(204): error:  #20: identifier "wait_ack" is undefined
compiling usart_int.c...
compiling Net_Config.c...
assembling startup_stm32f10x_cl.s...
compiling misc.c...
compiling stm32f10x_gpio.c...
compiling stm32f10x_rcc.c...
compiling stm32f10x_usart.c...
compiling system_stm32f10x_cl.c...
compiling usart.c...
compiling ETH_STM32x.c...
compiling GLCD.c...
Target not created
Rebuild target 'STM3210C'
compiling HTTP_demo.c...
logo_RGB565.h(320): warning:  #1-D: last line of file ends without a newline
HTTP_demo.c(56): warning:  #177-D: variable "i" was declared but never referenced
HTTP_demo.c(57): warning:  #177-D: variable "ReData" was declared but never referenced
HTTP_demo.c(150): warning:  #550-D: variable "bcount" was set but never used
HTTP_demo.c(152): warning:  #177-D: variable "max" was declared but never referenced
compiling usart_int.c...
compiling Net_Config.c...
assembling startup_stm32f10x_cl.s...
compiling misc.c...
compiling stm32f10x_gpio.c...
compiling stm32f10x_rcc.c...
compiling stm32f10x_usart.c...
compiling system_stm32f10x_cl.c...
compiling usart.c...
compiling ETH_STM32x.c...
compiling GLCD.c...
linking...
Program Size: Code=15704 RO-data=7104 RW-data=5512 ZI-data=18800  
FromELF: creating hex file...
".\Obj\Http_demo.axf" - 0 Error(s), 5 Warning(s).
