<html>
<body>
<pre>
<h1>µVision Build Log</h1>
<h2>Project:</h2>
C:\Users\mui-pc\Desktop\VBEB\VBEBProject\Library management\SourceCode\Version_1\LibManagement.uvproj
Project File Date:  09/06/2012

<h2>Output:</h2>
Build target 'LibManagement'
compiling main.c...
App\main.c(47): warning:  #177-D: variable "i" was declared but never referenced
App\main.c(48): warning:  #177-D: variable "ReData" was declared but never referenced
compiling usart_int.c...
linking...
Program Size: Code=7020 RO-data=7020 RW-data=5448 ZI-data=1744  
FromELF: creating hex file...
"LibManagement.axf" - 0 Error(s), 2 Warning(s).
Rebuild target 'LibManagement'
assembling startup_stm32f10x_cl.s...
compiling misc.c...
compiling stm32f10x_gpio.c...
compiling stm32f10x_rcc.c...
compiling stm32f10x_usart.c...
compiling main.c...
App\main.c(47): warning:  #177-D: variable "i" was declared but never referenced
App\main.c(48): warning:  #177-D: variable "ReData" was declared but never referenced
compiling usart_int.c...
compiling system_stm32f10x.c...
compiling core_cm3.c...
compiling usart.c...
compiling GLCD.c...
linking...
Program Size: Code=7020 RO-data=7020 RW-data=5448 ZI-data=1744  
FromELF: creating hex file...
"LibManagement.axf" - 0 Error(s), 2 Warning(s).
Load "C:\\Users\\mui-pc\\Desktop\\VBEB\\VBEBProject\\Library management\\SourceCode\\Version_1\\LibManagement.AXF" 
* JLink Info: Device "STM32F107VC" selected (256 KB flash, 20 KB RAM).
Set JLink Project File to "C:\Users\mui-pc\Desktop\VBEB\VBEBProject\Library management\SourceCode\Version_1\JLinkSettings.ini"
 
JLink info:
------------
DLL: V4.50j, compiled Jun 26 2012 09:19:07
Firmware: J-Link ARM V7 compiled Jun 20 2012 19:45:53
Hardware: V7.00
S/N : 11111117 
Feature(s) : RDI, FlashBP, FlashDL, JFlash, GDBFull 
 
* JLink Info: TotalIRLen = 9, IRPrint = 0x0011
* JLink Info: TotalIRLen = 9, IRPrint = 0x0011
* JLink Info: Found Cortex-M3 r1p1, Little endian.
* JLink Info: TPIU fitted.
* JLink Info: ETM fitted.
* JLink Info: FPUnit: 6 code (BP) slots and 2 literal slots
ROMTableAddr = 0xE00FF003
* JLink Info: Found Cortex-M3 r1p1, Little endian.
* JLink Info: TPIU fitted.
* JLink Info: ETM fitted.
* JLink Info: FPUnit: 6 code (BP) slots and 2 literal slots
 
Target info:
------------
Device: STM32F107VC
VTarget = 3.242V
State of Pins: 
TCK: 1, TDI: 0, TDO: 1, TMS: 0, TRES: 1, TRST: 1
Hardware-Breakpoints: 6
Software-Breakpoints: 8192
Watchpoints:          4
JTAG speed: 2000 kHz
 
Erase Done.
Programming Done.
Verify OK.
Rebuild target 'LibManagement'
assembling startup_stm32f10x_cl.s...
compiling misc.c...
compiling stm32f10x_gpio.c...
compiling stm32f10x_rcc.c...
compiling stm32f10x_usart.c...
compiling main.c...
App\main.c(47): warning:  #177-D: variable "i" was declared but never referenced
App\main.c(48): warning:  #177-D: variable "ReData" was declared but never referenced
compiling usart_int.c...
compiling system_stm32f10x.c...
compiling core_cm3.c...
compiling usart.c...
compiling GLCD.c...
linking...
Program Size: Code=6976 RO-data=7020 RW-data=5448 ZI-data=1744  
FromELF: creating hex file...
"LibManagement.axf" - 0 Error(s), 2 Warning(s).
Load "C:\\Users\\mui-pc\\Desktop\\VBEB\\VBEBProject\\Library management\\SourceCode\\Version_1\\LibManagement.AXF" 
* JLink Info: Device "STM32F107VC" selected (256 KB flash, 20 KB RAM).
Set JLink Project File to "C:\Users\mui-pc\Desktop\VBEB\VBEBProject\Library management\SourceCode\Version_1\JLinkSettings.ini"
 
JLink info:
------------
DLL: V4.50j, compiled Jun 26 2012 09:19:07
Firmware: J-Link ARM V7 compiled Jun 20 2012 19:45:53
Hardware: V7.00
S/N : 11111117 
Feature(s) : RDI, FlashBP, FlashDL, JFlash, GDBFull 
 
* JLink Info: TotalIRLen = 9, IRPrint = 0x0011
* JLink Info: TotalIRLen = 9, IRPrint = 0x0011
* JLink Info: Found Cortex-M3 r1p1, Little endian.
* JLink Info: TPIU fitted.
* JLink Info: ETM fitted.
* JLink Info: FPUnit: 6 code (BP) slots and 2 literal slots
ROMTableAddr = 0xE00FF003
* JLink Info: Found Cortex-M3 r1p1, Little endian.
* JLink Info: TPIU fitted.
* JLink Info: ETM fitted.
* JLink Info: FPUnit: 6 code (BP) slots and 2 literal slots
 
Target info:
------------
Device: STM32F107VC
VTarget = 3.248V
State of Pins: 
TCK: 1, TDI: 0, TDO: 1, TMS: 0, TRES: 1, TRST: 1
Hardware-Breakpoints: 6
Software-Breakpoints: 8192
Watchpoints:          4
JTAG speed: 2000 kHz
 
Erase Done.
Programming Done.
Verify OK.
Rebuild target 'LibManagement'
assembling startup_stm32f10x_cl.s...
compiling misc.c...
compiling stm32f10x_gpio.c...
compiling stm32f10x_rcc.c...
compiling stm32f10x_usart.c...
compiling main.c...
App\main.c(85): error:  #127: expected a statement
App\main.c(90): warning:  #12-D: parsing restarts here after previous syntax error
App\main.c(91): error:  #127: expected a statement
App\main.c(97): warning:  #12-D: parsing restarts here after previous syntax error
App\main.c(47): warning:  #177-D: variable "i" was declared but never referenced
App\main.c(48): warning:  #177-D: variable "ReData" was declared but never referenced
compiling usart_int.c...
compiling system_stm32f10x.c...
compiling core_cm3.c...
compiling usart.c...
compiling GLCD.c...
Target not created
Rebuild target 'LibManagement'
assembling startup_stm32f10x_cl.s...
compiling misc.c...
compiling stm32f10x_gpio.c...
compiling stm32f10x_rcc.c...
compiling stm32f10x_usart.c...
compiling main.c...
App\main.c(47): warning:  #177-D: variable "i" was declared but never referenced
App\main.c(48): warning:  #177-D: variable "ReData" was declared but never referenced
compiling usart_int.c...
compiling system_stm32f10x.c...
compiling core_cm3.c...
compiling usart.c...
compiling GLCD.c...
linking...
Program Size: Code=6988 RO-data=7020 RW-data=5448 ZI-data=1744  
FromELF: creating hex file...
"LibManagement.axf" - 0 Error(s), 2 Warning(s).
Load "C:\\Users\\mui-pc\\Desktop\\VBEB\\VBEBProject\\Library management\\SourceCode\\Version_1\\LibManagement.AXF" 
* JLink Info: Device "STM32F107VC" selected (256 KB flash, 20 KB RAM).
Set JLink Project File to "C:\Users\mui-pc\Desktop\VBEB\VBEBProject\Library management\SourceCode\Version_1\JLinkSettings.ini"
 
JLink info:
------------
DLL: V4.50j, compiled Jun 26 2012 09:19:07
Firmware: J-Link ARM V7 compiled Jun 20 2012 19:45:53
Hardware: V7.00
S/N : 11111117 
Feature(s) : RDI, FlashBP, FlashDL, JFlash, GDBFull 
 
* JLink Info: TotalIRLen = 9, IRPrint = 0x0011
* JLink Info: TotalIRLen = 9, IRPrint = 0x0011
* JLink Info: Found Cortex-M3 r1p1, Little endian.
* JLink Info: TPIU fitted.
* JLink Info: ETM fitted.
* JLink Info: FPUnit: 6 code (BP) slots and 2 literal slots
ROMTableAddr = 0xE00FF003
* JLink Info: Found Cortex-M3 r1p1, Little endian.
* JLink Info: TPIU fitted.
* JLink Info: ETM fitted.
* JLink Info: FPUnit: 6 code (BP) slots and 2 literal slots
 
Target info:
------------
Device: STM32F107VC
VTarget = 3.242V
State of Pins: 
TCK: 1, TDI: 0, TDO: 1, TMS: 0, TRES: 1, TRST: 1
Hardware-Breakpoints: 6
Software-Breakpoints: 8192
Watchpoints:          4
JTAG speed: 2000 kHz
 
Erase Done.
Programming Done.
Verify OK.
Build target 'LibManagement'
compiling main.c...
App\main.c(47): warning:  #177-D: variable "i" was declared but never referenced
App\main.c(48): warning:  #177-D: variable "ReData" was declared but never referenced
linking...
Program Size: Code=6976 RO-data=7020 RW-data=5448 ZI-data=1744  
FromELF: creating hex file...
"LibManagement.axf" - 0 Error(s), 2 Warning(s).
Load "C:\\Users\\mui-pc\\Desktop\\VBEB\\VBEBProject\\Library management\\SourceCode\\Version_1\\LibManagement.AXF" 
* JLink Info: Device "STM32F107VC" selected (256 KB flash, 20 KB RAM).
Set JLink Project File to "C:\Users\mui-pc\Desktop\VBEB\VBEBProject\Library management\SourceCode\Version_1\JLinkSettings.ini"
 
JLink info:
------------
DLL: V4.50j, compiled Jun 26 2012 09:19:07
Firmware: J-Link ARM V7 compiled Jun 20 2012 19:45:53
Hardware: V7.00
S/N : 11111117 
Feature(s) : RDI, FlashBP, FlashDL, JFlash, GDBFull 
 
* JLink Info: TotalIRLen = 9, IRPrint = 0x0011
* JLink Info: TotalIRLen = 9, IRPrint = 0x0011
* JLink Info: Found Cortex-M3 r1p1, Little endian.
* JLink Info: TPIU fitted.
* JLink Info: ETM fitted.
* JLink Info: FPUnit: 6 code (BP) slots and 2 literal slots
ROMTableAddr = 0xE00FF003
* JLink Info: Found Cortex-M3 r1p1, Little endian.
* JLink Info: TPIU fitted.
* JLink Info: ETM fitted.
* JLink Info: FPUnit: 6 code (BP) slots and 2 literal slots
 
Target info:
------------
Device: STM32F107VC
VTarget = 3.229V
State of Pins: 
TCK: 1, TDI: 0, TDO: 1, TMS: 0, TRES: 1, TRST: 1
Hardware-Breakpoints: 6
Software-Breakpoints: 8192
Watchpoints:          4
JTAG speed: 2000 kHz
 
Erase Done.
Programming Done.
Verify OK.
Build target 'LibManagement'
compiling main.c...
App\main.c(47): warning:  #177-D: variable "i" was declared but never referenced
App\main.c(48): warning:  #177-D: variable "ReData" was declared but never referenced
linking...
Program Size: Code=6976 RO-data=7020 RW-data=5448 ZI-data=1744  
FromELF: creating hex file...
"LibManagement.axf" - 0 Error(s), 2 Warning(s).
Load "C:\\Users\\mui-pc\\Desktop\\VBEB\\VBEBProject\\Library management\\SourceCode\\Version_1\\LibManagement.AXF" 
* JLink Info: Device "STM32F107VC" selected (256 KB flash, 20 KB RAM).
Set JLink Project File to "C:\Users\mui-pc\Desktop\VBEB\VBEBProject\Library management\SourceCode\Version_1\JLinkSettings.ini"
 
JLink info:
------------
DLL: V4.50j, compiled Jun 26 2012 09:19:07
Firmware: J-Link ARM V7 compiled Jun 20 2012 19:45:53
Hardware: V7.00
S/N : 11111117 
Feature(s) : RDI, FlashBP, FlashDL, JFlash, GDBFull 
 
* JLink Info: TotalIRLen = 9, IRPrint = 0x0011
* JLink Info: TotalIRLen = 9, IRPrint = 0x0011
* JLink Info: Found Cortex-M3 r1p1, Little endian.
* JLink Info: TPIU fitted.
* JLink Info: ETM fitted.
* JLink Info: FPUnit: 6 code (BP) slots and 2 literal slots
ROMTableAddr = 0xE00FF003
* JLink Info: Found Cortex-M3 r1p1, Little endian.
* JLink Info: TPIU fitted.
* JLink Info: ETM fitted.
* JLink Info: FPUnit: 6 code (BP) slots and 2 literal slots
 
Target info:
------------
Device: STM32F107VC
VTarget = 3.222V
State of Pins: 
TCK: 1, TDI: 0, TDO: 1, TMS: 0, TRES: 1, TRST: 1
Hardware-Breakpoints: 6
Software-Breakpoints: 8192
Watchpoints:          4
JTAG speed: 2000 kHz
 
Erase Done.
Programming Done.
Verify OK.
Build target 'LibManagement'
compiling main.c...
App\main.c(104): warning:  #223-D: function "USART2_SmartCardGet" declared implicitly
App\main.c(105): warning:  #167-D: argument of type "uint8_t *" is incompatible with parameter of type "const char *"
App\main.c(105): error:  #18: expected a ")"
App\main.c(130): warning:  #12-D: parsing restarts here after previous syntax error
App\main.c(130): error:  #127: expected a statement
App\main.c(48): warning:  #177-D: variable "i" was declared but never referenced
App\main.c(49): warning:  #177-D: variable "ReData" was declared but never referenced
App\main.c(134): error:  #169: expected a declaration
App\main.c(158): warning: At end of source:  #12-D: parsing restarts here after previous syntax error
compiling usart_int.c...
App\usart_int.c(184): warning:  #940-D: missing return statement at end of non-void function "USART2_SmartCardGet"
Target not created
Build target 'LibManagement'
compiling main.c...
App\main.c(104): warning:  #223-D: function "USART2_SmartCardGet" declared implicitly
App\main.c(105): warning:  #167-D: argument of type "uint8_t *" is incompatible with parameter of type "const char *"
App\main.c(48): warning:  #177-D: variable "i" was declared but never referenced
App\main.c(49): warning:  #177-D: variable "ReData" was declared but never referenced
linking...
Program Size: Code=7156 RO-data=7020 RW-data=5448 ZI-data=1752  
FromELF: creating hex file...
"LibManagement.axf" - 0 Error(s), 4 Warning(s).
Build target 'LibManagement'
compiling main.c...
App\main.c(104): warning:  #223-D: function "USART2_SmartCardGet" declared implicitly
App\main.c(105): warning:  #167-D: argument of type "uint8_t *" is incompatible with parameter of type "const char *"
App\main.c(110): warning:  #167-D: argument of type "uint8_t *" is incompatible with parameter of type "const char *"
App\main.c(115): warning:  #167-D: argument of type "uint8_t *" is incompatible with parameter of type "const char *"
App\main.c(120): warning:  #167-D: argument of type "uint8_t *" is incompatible with parameter of type "const char *"
App\main.c(48): warning:  #177-D: variable "i" was declared but never referenced
App\main.c(49): warning:  #177-D: variable "ReData" was declared but never referenced
linking...
Program Size: Code=7152 RO-data=7020 RW-data=5448 ZI-data=1752  
FromELF: creating hex file...
"LibManagement.axf" - 0 Error(s), 7 Warning(s).
Rebuild target 'LibManagement'
assembling startup_stm32f10x_cl.s...
compiling misc.c...
compiling stm32f10x_gpio.c...
compiling stm32f10x_rcc.c...
compiling stm32f10x_usart.c...
compiling main.c...
App\main.c(104): warning:  #223-D: function "USART2_SmartCardGet" declared implicitly
App\main.c(105): warning:  #167-D: argument of type "uint8_t *" is incompatible with parameter of type "const char *"
App\main.c(110): warning:  #167-D: argument of type "uint8_t *" is incompatible with parameter of type "const char *"
App\main.c(115): warning:  #167-D: argument of type "uint8_t *" is incompatible with parameter of type "const char *"
App\main.c(120): warning:  #167-D: argument of type "uint8_t *" is incompatible with parameter of type "const char *"
App\main.c(48): warning:  #177-D: variable "i" was declared but never referenced
App\main.c(49): warning:  #177-D: variable "ReData" was declared but never referenced
compiling usart_int.c...
App\usart_int.c(184): warning:  #940-D: missing return statement at end of non-void function "USART2_SmartCardGet"
compiling system_stm32f10x.c...
compiling core_cm3.c...
compiling usart.c...
compiling GLCD.c...
linking...
Program Size: Code=7152 RO-data=7020 RW-data=5448 ZI-data=1752  
FromELF: creating hex file...
"LibManagement.axf" - 0 Error(s), 8 Warning(s).
Load "C:\\Users\\mui-pc\\Desktop\\VBEB\\VBEBProject\\Library management\\SourceCode\\Version_1\\LibManagement.AXF" 
* JLink Info: Device "STM32F107VC" selected (256 KB flash, 20 KB RAM).
Set JLink Project File to "C:\Users\mui-pc\Desktop\VBEB\VBEBProject\Library management\SourceCode\Version_1\JLinkSettings.ini"
 
JLink info:
------------
DLL: V4.50j, compiled Jun 26 2012 09:19:07
Firmware: J-Link ARM V7 compiled Jun 20 2012 19:45:53
Hardware: V7.00
S/N : 11111117 
Feature(s) : RDI, FlashBP, FlashDL, JFlash, GDBFull 
 
* JLink Info: TotalIRLen = 9, IRPrint = 0x0011
* JLink Info: TotalIRLen = 9, IRPrint = 0x0011
* JLink Info: Found Cortex-M3 r1p1, Little endian.
* JLink Info: TPIU fitted.
* JLink Info: ETM fitted.
* JLink Info: FPUnit: 6 code (BP) slots and 2 literal slots
ROMTableAddr = 0xE00FF003
* JLink Info: Found Cortex-M3 r1p1, Little endian.
* JLink Info: TPIU fitted.
* JLink Info: ETM fitted.
* JLink Info: FPUnit: 6 code (BP) slots and 2 literal slots
 
Target info:
------------
Device: STM32F107VC
VTarget = 3.177V
State of Pins: 
TCK: 1, TDI: 0, TDO: 1, TMS: 0, TRES: 1, TRST: 1
Hardware-Breakpoints: 6
Software-Breakpoints: 8192
Watchpoints:          4
JTAG speed: 2000 kHz
 
Erase Done.
Programming Done.
Verify OK.
Build target 'LibManagement'
compiling main.c...
App\main.c(104): warning:  #223-D: function "USART2_SmartCardGet" declared implicitly
App\main.c(105): warning:  #167-D: argument of type "uint8_t *" is incompatible with parameter of type "const char *"
App\main.c(110): warning:  #167-D: argument of type "uint8_t *" is incompatible with parameter of type "const char *"
App\main.c(115): warning:  #167-D: argument of type "uint8_t *" is incompatible with parameter of type "const char *"
App\main.c(120): warning:  #167-D: argument of type "uint8_t *" is incompatible with parameter of type "const char *"
App\main.c(48): warning:  #177-D: variable "i" was declared but never referenced
App\main.c(49): warning:  #177-D: variable "ReData" was declared but never referenced
linking...
Program Size: Code=7152 RO-data=7020 RW-data=5448 ZI-data=1752  
FromELF: creating hex file...
"LibManagement.axf" - 0 Error(s), 7 Warning(s).
Load "C:\\Users\\mui-pc\\Desktop\\VBEB\\VBEBProject\\Library management\\SourceCode\\Version_1\\LibManagement.AXF" 
* JLink Info: Device "STM32F107VC" selected (256 KB flash, 20 KB RAM).
Set JLink Project File to "C:\Users\mui-pc\Desktop\VBEB\VBEBProject\Library management\SourceCode\Version_1\JLinkSettings.ini"
 
JLink info:
------------
DLL: V4.50j, compiled Jun 26 2012 09:19:07
Firmware: J-Link ARM V7 compiled Jun 20 2012 19:45:53
Hardware: V7.00
S/N : 11111117 
Feature(s) : RDI, FlashBP, FlashDL, JFlash, GDBFull 
 
* JLink Info: TotalIRLen = 9, IRPrint = 0x0011
* JLink Info: TotalIRLen = 9, IRPrint = 0x0011
* JLink Info: Found Cortex-M3 r1p1, Little endian.
* JLink Info: TPIU fitted.
* JLink Info: ETM fitted.
* JLink Info: FPUnit: 6 code (BP) slots and 2 literal slots
ROMTableAddr = 0xE00FF003
* JLink Info: Found Cortex-M3 r1p1, Little endian.
* JLink Info: TPIU fitted.
* JLink Info: ETM fitted.
* JLink Info: FPUnit: 6 code (BP) slots and 2 literal slots
 
Target info:
------------
Device: STM32F107VC
VTarget = 3.203V
State of Pins: 
TCK: 1, TDI: 0, TDO: 1, TMS: 0, TRES: 1, TRST: 1
Hardware-Breakpoints: 6
Software-Breakpoints: 8192
Watchpoints:          4
JTAG speed: 2000 kHz
 
Erase Done.
Programming Done.
Verify OK.
Build target 'LibManagement'
compiling main.c...
App\main.c(102): error:  #268: declaration may not appear after executable statement in block
App\main.c(48): warning:  #177-D: variable "i" was declared but never referenced
App\main.c(49): warning:  #177-D: variable "ReData" was declared but never referenced
App\main.c(102): error:  #67: expected a "}"
compiling usart_int.c...
Target not created
Build target 'LibManagement'
compiling main.c...
App\main.c(48): warning:  #177-D: variable "i" was declared but never referenced
App\main.c(49): warning:  #177-D: variable "ReData" was declared but never referenced
linking...
Program Size: Code=6976 RO-data=7020 RW-data=5448 ZI-data=1744  
FromELF: creating hex file...
"LibManagement.axf" - 0 Error(s), 2 Warning(s).
Rebuild target 'LibManagement'
assembling startup_stm32f10x_cl.s...
compiling misc.c...
compiling stm32f10x_gpio.c...
compiling stm32f10x_rcc.c...
compiling stm32f10x_usart.c...
compiling main.c...
App\main.c(48): warning:  #177-D: variable "i" was declared but never referenced
App\main.c(49): warning:  #177-D: variable "ReData" was declared but never referenced
compiling usart_int.c...
compiling system_stm32f10x.c...
compiling core_cm3.c...
compiling usart.c...
compiling GLCD.c...
linking...
Program Size: Code=6976 RO-data=7020 RW-data=5448 ZI-data=1744  
FromELF: creating hex file...
"LibManagement.axf" - 0 Error(s), 2 Warning(s).
Load "C:\\Users\\mui-pc\\Desktop\\VBEB\\VBEBProject\\Library management\\SourceCode\\Version_1\\LibManagement.AXF" 
* JLink Info: Device "STM32F107VC" selected (256 KB flash, 20 KB RAM).
Set JLink Project File to "C:\Users\mui-pc\Desktop\VBEB\VBEBProject\Library management\SourceCode\Version_1\JLinkSettings.ini"
 
JLink info:
------------
DLL: V4.50j, compiled Jun 26 2012 09:19:07
Firmware: J-Link ARM V7 compiled Jun 20 2012 19:45:53
Hardware: V7.00
S/N : 11111117 
Feature(s) : RDI, FlashBP, FlashDL, JFlash, GDBFull 
 
* JLink Info: TotalIRLen = 9, IRPrint = 0x0011
* JLink Info: TotalIRLen = 9, IRPrint = 0x0011
* JLink Info: Found Cortex-M3 r1p1, Little endian.
* JLink Info: TPIU fitted.
* JLink Info: ETM fitted.
* JLink Info: FPUnit: 6 code (BP) slots and 2 literal slots
ROMTableAddr = 0xE00FF003
* JLink Info: Found Cortex-M3 r1p1, Little endian.
* JLink Info: TPIU fitted.
* JLink Info: ETM fitted.
* JLink Info: FPUnit: 6 code (BP) slots and 2 literal slots
 
Target info:
------------
Device: STM32F107VC
VTarget = 3.222V
State of Pins: 
TCK: 1, TDI: 0, TDO: 1, TMS: 0, TRES: 1, TRST: 1
Hardware-Breakpoints: 6
Software-Breakpoints: 8192
Watchpoints:          4
JTAG speed: 2000 kHz
 
Erase Done.
Programming Done.
Verify OK.
Rebuild target 'LibManagement'
assembling startup_stm32f10x_cl.s...
compiling misc.c...
compiling stm32f10x_gpio.c...
compiling stm32f10x_rcc.c...
compiling stm32f10x_usart.c...
compiling main.c...
App\main.c(48): warning:  #177-D: variable "i" was declared but never referenced
App\main.c(49): warning:  #177-D: variable "ReData" was declared but never referenced
compiling usart_int.c...
compiling system_stm32f10x.c...
compiling core_cm3.c...
compiling usart.c...
compiling GLCD.c...
linking...
Program Size: Code=7004 RO-data=7020 RW-data=5448 ZI-data=1744  
FromELF: creating hex file...
"LibManagement.axf" - 0 Error(s), 2 Warning(s).
Load "C:\\Users\\mui-pc\\Desktop\\VBEB\\VBEBProject\\Library management\\SourceCode\\Version_1\\LibManagement.AXF" 
* JLink Info: Device "STM32F107VC" selected (256 KB flash, 20 KB RAM).
Set JLink Project File to "C:\Users\mui-pc\Desktop\VBEB\VBEBProject\Library management\SourceCode\Version_1\JLinkSettings.ini"
 
JLink info:
------------
DLL: V4.50j, compiled Jun 26 2012 09:19:07
Firmware: J-Link ARM V7 compiled Jun 20 2012 19:45:53
Hardware: V7.00
S/N : 11111117 
Feature(s) : RDI, FlashBP, FlashDL, JFlash, GDBFull 
 
* JLink Info: TotalIRLen = 9, IRPrint = 0x0011
* JLink Info: TotalIRLen = 9, IRPrint = 0x0011
* JLink Info: Found Cortex-M3 r1p1, Little endian.
* JLink Info: TPIU fitted.
* JLink Info: ETM fitted.
* JLink Info: FPUnit: 6 code (BP) slots and 2 literal slots
ROMTableAddr = 0xE00FF003
* JLink Info: Found Cortex-M3 r1p1, Little endian.
* JLink Info: TPIU fitted.
* JLink Info: ETM fitted.
* JLink Info: FPUnit: 6 code (BP) slots and 2 literal slots
 
Target info:
------------
Device: STM32F107VC
VTarget = 3.216V
State of Pins: 
TCK: 1, TDI: 0, TDO: 1, TMS: 0, TRES: 1, TRST: 1
Hardware-Breakpoints: 6
Software-Breakpoints: 8192
Watchpoints:          4
JTAG speed: 2000 kHz
 
Erase Done.
Programming Done.
Verify OK.
Build target 'LibManagement'
compiling main.c...
App\main.c(48): warning:  #177-D: variable "i" was declared but never referenced
App\main.c(49): warning:  #177-D: variable "ReData" was declared but never referenced
compiling usart_int.c...
linking...
Program Size: Code=7008 RO-data=7020 RW-data=5448 ZI-data=1744  
FromELF: creating hex file...
"LibManagement.axf" - 0 Error(s), 2 Warning(s).
Rebuild target 'LibManagement'
assembling startup_stm32f10x_cl.s...
compiling misc.c...
compiling stm32f10x_gpio.c...
compiling stm32f10x_rcc.c...
compiling stm32f10x_usart.c...
compiling main.c...
App\main.c(48): warning:  #177-D: variable "i" was declared but never referenced
App\main.c(49): warning:  #177-D: variable "ReData" was declared but never referenced
compiling usart_int.c...
compiling system_stm32f10x.c...
compiling core_cm3.c...
compiling usart.c...
compiling GLCD.c...
linking...
Program Size: Code=7008 RO-data=7020 RW-data=5448 ZI-data=1744  
FromELF: creating hex file...
"LibManagement.axf" - 0 Error(s), 2 Warning(s).
Load "C:\\Users\\mui-pc\\Desktop\\VBEB\\VBEBProject\\Library management\\SourceCode\\Version_1\\LibManagement.AXF" 
* JLink Info: Device "STM32F107VC" selected (256 KB flash, 20 KB RAM).
Set JLink Project File to "C:\Users\mui-pc\Desktop\VBEB\VBEBProject\Library management\SourceCode\Version_1\JLinkSettings.ini"
 
JLink info:
------------
DLL: V4.50j, compiled Jun 26 2012 09:19:07
Firmware: J-Link ARM V7 compiled Jun 20 2012 19:45:53
Hardware: V7.00
S/N : 11111117 
Feature(s) : RDI, FlashBP, FlashDL, JFlash, GDBFull 
 
* JLink Info: TotalIRLen = 9, IRPrint = 0x0011
* JLink Info: TotalIRLen = 9, IRPrint = 0x0011
* JLink Info: Found Cortex-M3 r1p1, Little endian.
* JLink Info: TPIU fitted.
* JLink Info: ETM fitted.
* JLink Info: FPUnit: 6 code (BP) slots and 2 literal slots
ROMTableAddr = 0xE00FF003
* JLink Info: Found Cortex-M3 r1p1, Little endian.
* JLink Info: TPIU fitted.
* JLink Info: ETM fitted.
* JLink Info: FPUnit: 6 code (BP) slots and 2 literal slots
 
Target info:
------------
Device: STM32F107VC
VTarget = 3.235V
State of Pins: 
TCK: 1, TDI: 0, TDO: 1, TMS: 0, TRES: 1, TRST: 1
Hardware-Breakpoints: 6
Software-Breakpoints: 8192
Watchpoints:          4
JTAG speed: 2000 kHz
 
Erase Done.
Programming Done.
Verify OK.
Build target 'LibManagement'
compiling main.c...
App\main.c(48): warning:  #177-D: variable "i" was declared but never referenced
App\main.c(49): warning:  #177-D: variable "ReData" was declared but never referenced
linking...
Program Size: Code=6996 RO-data=7020 RW-data=5448 ZI-data=1744  
FromELF: creating hex file...
"LibManagement.axf" - 0 Error(s), 2 Warning(s).
Load "C:\\Users\\mui-pc\\Desktop\\VBEB\\VBEBProject\\Library management\\SourceCode\\Version_1\\LibManagement.AXF" 
* JLink Info: Device "STM32F107VC" selected (256 KB flash, 20 KB RAM).
Set JLink Project File to "C:\Users\mui-pc\Desktop\VBEB\VBEBProject\Library management\SourceCode\Version_1\JLinkSettings.ini"
 
JLink info:
------------
DLL: V4.50j, compiled Jun 26 2012 09:19:07
Firmware: J-Link ARM V7 compiled Jun 20 2012 19:45:53
Hardware: V7.00
S/N : 11111117 
Feature(s) : RDI, FlashBP, FlashDL, JFlash, GDBFull 
 
* JLink Info: TotalIRLen = 9, IRPrint = 0x0011
* JLink Info: TotalIRLen = 9, IRPrint = 0x0011
* JLink Info: Found Cortex-M3 r1p1, Little endian.
* JLink Info: TPIU fitted.
* JLink Info: ETM fitted.
* JLink Info: FPUnit: 6 code (BP) slots and 2 literal slots
ROMTableAddr = 0xE00FF003
* JLink Info: Found Cortex-M3 r1p1, Little endian.
* JLink Info: TPIU fitted.
* JLink Info: ETM fitted.
* JLink Info: FPUnit: 6 code (BP) slots and 2 literal slots
 
Target info:
------------
Device: STM32F107VC
VTarget = 3.235V
State of Pins: 
TCK: 1, TDI: 0, TDO: 1, TMS: 0, TRES: 1, TRST: 1
Hardware-Breakpoints: 6
Software-Breakpoints: 8192
Watchpoints:          4
JTAG speed: 2000 kHz
 
Erase Done.
Programming Done.
Verify OK.
Build target 'LibManagement'
compiling main.c...
App\main.c(48): warning:  #177-D: variable "i" was declared but never referenced
App\main.c(49): warning:  #177-D: variable "ReData" was declared but never referenced
linking...
Program Size: Code=7008 RO-data=7020 RW-data=5448 ZI-data=1744  
FromELF: creating hex file...
"LibManagement.axf" - 0 Error(s), 2 Warning(s).
Load "C:\\Users\\mui-pc\\Desktop\\VBEB\\VBEBProject\\Library management\\SourceCode\\Version_1\\LibManagement.AXF" 
* JLink Info: Device "STM32F107VC" selected (256 KB flash, 20 KB RAM).
Set JLink Project File to "C:\Users\mui-pc\Desktop\VBEB\VBEBProject\Library management\SourceCode\Version_1\JLinkSettings.ini"
 
JLink info:
------------
DLL: V4.50j, compiled Jun 26 2012 09:19:07
Firmware: J-Link ARM V7 compiled Jun 20 2012 19:45:53
Hardware: V7.00
S/N : 11111117 
Feature(s) : RDI, FlashBP, FlashDL, JFlash, GDBFull 
 
* JLink Info: TotalIRLen = 9, IRPrint = 0x0011
* JLink Info: TotalIRLen = 9, IRPrint = 0x0011
* JLink Info: Found Cortex-M3 r1p1, Little endian.
* JLink Info: TPIU fitted.
* JLink Info: ETM fitted.
* JLink Info: FPUnit: 6 code (BP) slots and 2 literal slots
ROMTableAddr = 0xE00FF003
* JLink Info: Found Cortex-M3 r1p1, Little endian.
* JLink Info: TPIU fitted.
* JLink Info: ETM fitted.
* JLink Info: FPUnit: 6 code (BP) slots and 2 literal slots
 
Target info:
------------
Device: STM32F107VC
VTarget = 3.222V
State of Pins: 
TCK: 1, TDI: 0, TDO: 1, TMS: 0, TRES: 1, TRST: 1
Hardware-Breakpoints: 6
Software-Breakpoints: 8192
Watchpoints:          4
JTAG speed: 2000 kHz
 
Erase Done.
Programming Done.
Verify OK.
Rebuild target 'LibManagement'
assembling startup_stm32f10x_cl.s...
compiling misc.c...
compiling stm32f10x_gpio.c...
compiling stm32f10x_rcc.c...
compiling stm32f10x_usart.c...
compiling main.c...
App\main.c(48): warning:  #177-D: variable "i" was declared but never referenced
App\main.c(49): warning:  #177-D: variable "ReData" was declared but never referenced
compiling usart_int.c...
compiling system_stm32f10x.c...
compiling core_cm3.c...
compiling usart.c...
compiling GLCD.c...
linking...
Program Size: Code=6996 RO-data=7020 RW-data=5448 ZI-data=1744  
FromELF: creating hex file...
"LibManagement.axf" - 0 Error(s), 2 Warning(s).
Load "C:\\Users\\mui-pc\\Desktop\\VBEB\\VBEBProject\\Library management\\SourceCode\\Version_1\\LibManagement.AXF" 
* JLink Info: Device "STM32F107VC" selected (256 KB flash, 20 KB RAM).
Set JLink Project File to "C:\Users\mui-pc\Desktop\VBEB\VBEBProject\Library management\SourceCode\Version_1\JLinkSettings.ini"
 
JLink info:
------------
DLL: V4.50j, compiled Jun 26 2012 09:19:07
Firmware: J-Link ARM V7 compiled Jun 20 2012 19:45:53
Hardware: V7.00
S/N : 11111117 
Feature(s) : RDI, FlashBP, FlashDL, JFlash, GDBFull 
 
* JLink Info: TotalIRLen = 9, IRPrint = 0x0011
* JLink Info: TotalIRLen = 9, IRPrint = 0x0011
* JLink Info: Found Cortex-M3 r1p1, Little endian.
* JLink Info: TPIU fitted.
* JLink Info: ETM fitted.
* JLink Info: FPUnit: 6 code (BP) slots and 2 literal slots
ROMTableAddr = 0xE00FF003
* JLink Info: Found Cortex-M3 r1p1, Little endian.
* JLink Info: TPIU fitted.
* JLink Info: ETM fitted.
* JLink Info: FPUnit: 6 code (BP) slots and 2 literal slots
 
Target info:
------------
Device: STM32F107VC
VTarget = 3.229V
State of Pins: 
TCK: 1, TDI: 0, TDO: 1, TMS: 0, TRES: 1, TRST: 1
Hardware-Breakpoints: 6
Software-Breakpoints: 8192
Watchpoints:          4
JTAG speed: 2000 kHz
 
Erase Done.
Programming Done.
Verify OK.
Build target 'LibManagement'
compiling main.c...
App\main.c(48): warning:  #177-D: variable "i" was declared but never referenced
App\main.c(49): warning:  #177-D: variable "ReData" was declared but never referenced
linking...
Program Size: Code=7012 RO-data=7020 RW-data=5448 ZI-data=1744  
FromELF: creating hex file...
"LibManagement.axf" - 0 Error(s), 2 Warning(s).
Rebuild target 'LibManagement'
assembling startup_stm32f10x_cl.s...
compiling misc.c...
compiling stm32f10x_gpio.c...
compiling stm32f10x_rcc.c...
compiling stm32f10x_usart.c...
compiling main.c...
App\main.c(48): warning:  #177-D: variable "i" was declared but never referenced
App\main.c(49): warning:  #177-D: variable "ReData" was declared but never referenced
compiling usart_int.c...
compiling system_stm32f10x.c...
compiling core_cm3.c...
compiling usart.c...
compiling GLCD.c...
linking...
Program Size: Code=7012 RO-data=7020 RW-data=5448 ZI-data=1744  
FromELF: creating hex file...
"LibManagement.axf" - 0 Error(s), 2 Warning(s).
Load "C:\\Users\\mui-pc\\Desktop\\VBEB\\VBEBProject\\Library management\\SourceCode\\Version_1\\LibManagement.AXF" 
* JLink Info: Device "STM32F107VC" selected (256 KB flash, 20 KB RAM).
Set JLink Project File to "C:\Users\mui-pc\Desktop\VBEB\VBEBProject\Library management\SourceCode\Version_1\JLinkSettings.ini"
 
JLink info:
------------
DLL: V4.50j, compiled Jun 26 2012 09:19:07
Firmware: J-Link ARM V7 compiled Jun 20 2012 19:45:53
Hardware: V7.00
S/N : 11111117 
Feature(s) : RDI, FlashBP, FlashDL, JFlash, GDBFull 
 
* JLink Info: TotalIRLen = 9, IRPrint = 0x0011
* JLink Info: TotalIRLen = 9, IRPrint = 0x0011
* JLink Info: Found Cortex-M3 r1p1, Little endian.
* JLink Info: TPIU fitted.
* JLink Info: ETM fitted.
* JLink Info: FPUnit: 6 code (BP) slots and 2 literal slots
ROMTableAddr = 0xE00FF003
* JLink Info: Found Cortex-M3 r1p1, Little endian.
* JLink Info: TPIU fitted.
* JLink Info: ETM fitted.
* JLink Info: FPUnit: 6 code (BP) slots and 2 literal slots
 
Target info:
------------
Device: STM32F107VC
VTarget = 3.242V
State of Pins: 
TCK: 1, TDI: 0, TDO: 1, TMS: 0, TRES: 1, TRST: 1
Hardware-Breakpoints: 6
Software-Breakpoints: 8192
Watchpoints:          4
JTAG speed: 2000 kHz
 
Erase Done.
Programming Done.
Verify OK.
Build target 'LibManagement'
compiling main.c...
App\main.c(48): warning:  #177-D: variable "i" was declared but never referenced
App\main.c(49): warning:  #177-D: variable "ReData" was declared but never referenced
linking...
Program Size: Code=7012 RO-data=7020 RW-data=5448 ZI-data=1744  
FromELF: creating hex file...
"LibManagement.axf" - 0 Error(s), 2 Warning(s).
Load "C:\\Users\\mui-pc\\Desktop\\VBEB\\VBEBProject\\Library management\\SourceCode\\Version_1\\LibManagement.AXF" 
* JLink Info: Device "STM32F107VC" selected (256 KB flash, 20 KB RAM).
Set JLink Project File to "C:\Users\mui-pc\Desktop\VBEB\VBEBProject\Library management\SourceCode\Version_1\JLinkSettings.ini"
 
JLink info:
------------
DLL: V4.50j, compiled Jun 26 2012 09:19:07
Firmware: J-Link ARM V7 compiled Jun 20 2012 19:45:53
Hardware: V7.00
S/N : 11111117 
Feature(s) : RDI, FlashBP, FlashDL, JFlash, GDBFull 
 
* JLink Info: TotalIRLen = 9, IRPrint = 0x0011
* JLink Info: TotalIRLen = 9, IRPrint = 0x0011
* JLink Info: Found Cortex-M3 r1p1, Little endian.
* JLink Info: TPIU fitted.
* JLink Info: ETM fitted.
* JLink Info: FPUnit: 6 code (BP) slots and 2 literal slots
ROMTableAddr = 0xE00FF003
* JLink Info: Found Cortex-M3 r1p1, Little endian.
* JLink Info: TPIU fitted.
* JLink Info: ETM fitted.
* JLink Info: FPUnit: 6 code (BP) slots and 2 literal slots
 
Target info:
------------
Device: STM32F107VC
VTarget = 3.235V
State of Pins: 
TCK: 1, TDI: 0, TDO: 1, TMS: 0, TRES: 1, TRST: 1
Hardware-Breakpoints: 6
Software-Breakpoints: 8192
Watchpoints:          4
JTAG speed: 2000 kHz
 
Erase Done.
Programming Done.
Verify OK.
